

================================================================
== Vivado HLS Report for 'lenet_accelerator_with_weights'
================================================================
* Date:           Tue Sep  8 02:11:26 2026

* Version:        2018.3 (Build 2405991 on Thu Dec 06 23:56:15 MST 2018)
* Project:        fixed
* Solution:       solution1
* Product family: zynq
* Target device:  xc7z020clg400-1


================================================================
== Performance Estimates
================================================================
+ Timing (ns): 
    * Summary: 
    +--------+-------+----------+------------+
    |  Clock | Target| Estimated| Uncertainty|
    +--------+-------+----------+------------+
    |ap_clk  |  10.00|     8.702|        1.25|
    +--------+-------+----------+------------+

+ Latency (clock cycles): 
    * Summary: 
    +-----+--------+-----+--------+---------+
    |    Latency   |   Interval   | Pipeline|
    | min |   max  | min |   max  |   Type  |
    +-----+--------+-----+--------+---------+
    |   30|  474826|   30|  474826|   none  |
    +-----+--------+-----+--------+---------+

    + Detail: 
        * Instance: 
        +-------------------------------+--------------------+-----+--------+-----+--------+---------+
        |                               |                    |    Latency   |   Interval   | Pipeline|
        |            Instance           |       Module       | min |   max  | min |   max  |   Type  |
        +-------------------------------+--------------------+-----+--------+-----+--------+---------+
        |grp_member6_controller_fu_152  |member6_controller  |   29|  474825|   29|  474825|   none  |
        +-------------------------------+--------------------+-----+--------+-----+--------+---------+

        * Loop: 
        N/A



================================================================
== Utilization Estimates
================================================================
* Summary: 
+-----------------+---------+-------+--------+-------+
|       Name      | BRAM_18K| DSP48E|   FF   |  LUT  |
+-----------------+---------+-------+--------+-------+
|DSP              |        -|      -|       -|      -|
|Expression       |        -|      -|       -|      -|
|FIFO             |        -|      -|       -|      -|
|Instance         |        0|    146|   33859|  17231|
|Memory           |       14|      -|      70|     33|
|Multiplexer      |        -|      -|       -|     15|
|Register         |        -|      -|       3|      -|
+-----------------+---------+-------+--------+-------+
|Total            |       14|    146|   33932|  17279|
+-----------------+---------+-------+--------+-------+
|Available        |      280|    220|  106400|  53200|
+-----------------+---------+-------+--------+-------+
|Utilization (%)  |        5|     66|      31|     32|
+-----------------+---------+-------+--------+-------+

+ Detail: 
    * Instance: 
    +-------------------------------+--------------------+---------+-------+-------+-------+
    |            Instance           |       Module       | BRAM_18K| DSP48E|   FF  |  LUT  |
    +-------------------------------+--------------------+---------+-------+-------+-------+
    |grp_member6_controller_fu_152  |member6_controller  |        0|    146|  33859|  17231|
    +-------------------------------+--------------------+---------+-------+-------+-------+
    |Total                          |                    |        0|    146|  33859|  17231|
    +-------------------------------+--------------------+---------+-------+-------+-------+

    * DSP48: 
    N/A

    * Memory: 
    +------------------+----------------------+---------+----+----+------+-----+------+-------------+
    |      Memory      |        Module        | BRAM_18K| FF | LUT| Words| Bits| Banks| W*Bits*Banks|
    +------------------+----------------------+---------+----+----+------+-----+------+-------------+
    |relu3_buffer_U    |lenet_acceleratorAem  |        1|   0|   0|   120|   11|     1|         1320|
    |fc2_buffer_U      |lenet_acceleratorBew  |        0|  24|  16|    84|   12|     1|         1008|
    |relu4_buffer_U    |lenet_acceleratorCeG  |        0|  22|  15|    84|   11|     1|          924|
    |output_buffer_U   |lenet_acceleratorDeQ  |        0|  24|   2|    10|   12|     1|          120|
    |input_buffer_U    |lenet_acceleratorrcU  |        1|   0|   0|   784|   12|     1|         9408|
    |conv1_buffer_U    |lenet_acceleratorsc4  |        3|   0|   0|  3456|   12|     1|        41472|
    |relu1_buffer_U    |lenet_acceleratortde  |        3|   0|   0|  3456|   11|     1|        38016|
    |pool1_buffer_U    |lenet_acceleratorudo  |        1|   0|   0|   864|   11|     1|         9504|
    |conv2_buffer_U    |lenet_acceleratorvdy  |        1|   0|   0|  1024|   12|     1|        12288|
    |relu2_buffer_U    |lenet_acceleratorwdI  |        1|   0|   0|  1024|   11|     1|        11264|
    |pool2_buffer_U    |lenet_acceleratorxdS  |        1|   0|   0|   256|   11|     1|         2816|
    |flatten_buffer_U  |lenet_acceleratorxdS  |        1|   0|   0|   256|   11|     1|         2816|
    |fc1_buffer_U      |lenet_acceleratorzec  |        1|   0|   0|   120|   12|     1|         1440|
    +------------------+----------------------+---------+----+----+------+-----+------+-------------+
    |Total             |                      |       14|  70|  33| 11538|  149|    13|       132396|
    +------------------+----------------------+---------+----+----+------+-----+------+-------------+

    * FIFO: 
    N/A

    * Expression: 
    N/A

    * Multiplexer: 
    +-----------+----+-----------+-----+-----------+
    |    Name   | LUT| Input Size| Bits| Total Bits|
    +-----------+----+-----------+-----+-----------+
    |ap_NS_fsm  |  15|          3|    1|          3|
    +-----------+----+-----------+-----+-----------+
    |Total      |  15|          3|    1|          3|
    +-----------+----+-----------+-----+-----------+

    * Register: 
    +--------------------------------------------+---+----+-----+-----------+
    |                    Name                    | FF| LUT| Bits| Const Bits|
    +--------------------------------------------+---+----+-----+-----------+
    |ap_CS_fsm                                   |  2|   0|    2|          0|
    |grp_member6_controller_fu_152_ap_start_reg  |  1|   0|    1|          0|
    +--------------------------------------------+---+----+-----+-----------+
    |Total                                       |  3|   0|    3|          0|
    +--------------------------------------------+---+----+-----+-----------+



================================================================
== Interface
================================================================
* Summary: 
+----------------------+-----+-----+------------+--------------------------------+--------------+
|       RTL Ports      | Dir | Bits|  Protocol  |          Source Object         |    C Type    |
+----------------------+-----+-----+------------+--------------------------------+--------------+
|ap_clk                |  in |    1| ap_ctrl_hs | lenet_accelerator_with_weights | return value |
|ap_rst                |  in |    1| ap_ctrl_hs | lenet_accelerator_with_weights | return value |
|ap_start              |  in |    1| ap_ctrl_hs | lenet_accelerator_with_weights | return value |
|ap_done               | out |    1| ap_ctrl_hs | lenet_accelerator_with_weights | return value |
|ap_idle               | out |    1| ap_ctrl_hs | lenet_accelerator_with_weights | return value |
|ap_ready              | out |    1| ap_ctrl_hs | lenet_accelerator_with_weights | return value |
|input_V_address0      | out |   10|  ap_memory |             input_V            |     array    |
|input_V_ce0           | out |    1|  ap_memory |             input_V            |     array    |
|input_V_q0            |  in |   12|  ap_memory |             input_V            |     array    |
|conv1_w_0_V_address0  | out |    5|  ap_memory |           conv1_w_0_V          |     array    |
|conv1_w_0_V_ce0       | out |    1|  ap_memory |           conv1_w_0_V          |     array    |
|conv1_w_0_V_q0        |  in |   12|  ap_memory |           conv1_w_0_V          |     array    |
|conv1_w_1_V_address0  | out |    5|  ap_memory |           conv1_w_1_V          |     array    |
|conv1_w_1_V_ce0       | out |    1|  ap_memory |           conv1_w_1_V          |     array    |
|conv1_w_1_V_q0        |  in |   12|  ap_memory |           conv1_w_1_V          |     array    |
|conv1_w_2_V_address0  | out |    5|  ap_memory |           conv1_w_2_V          |     array    |
|conv1_w_2_V_ce0       | out |    1|  ap_memory |           conv1_w_2_V          |     array    |
|conv1_w_2_V_q0        |  in |   12|  ap_memory |           conv1_w_2_V          |     array    |
|conv1_w_3_V_address0  | out |    5|  ap_memory |           conv1_w_3_V          |     array    |
|conv1_w_3_V_ce0       | out |    1|  ap_memory |           conv1_w_3_V          |     array    |
|conv1_w_3_V_q0        |  in |   12|  ap_memory |           conv1_w_3_V          |     array    |
|conv1_w_4_V_address0  | out |    5|  ap_memory |           conv1_w_4_V          |     array    |
|conv1_w_4_V_ce0       | out |    1|  ap_memory |           conv1_w_4_V          |     array    |
|conv1_w_4_V_q0        |  in |   12|  ap_memory |           conv1_w_4_V          |     array    |
|conv1_w_5_V_address0  | out |    5|  ap_memory |           conv1_w_5_V          |     array    |
|conv1_w_5_V_ce0       | out |    1|  ap_memory |           conv1_w_5_V          |     array    |
|conv1_w_5_V_q0        |  in |   12|  ap_memory |           conv1_w_5_V          |     array    |
|conv2_w_0_V_address0  | out |    9|  ap_memory |           conv2_w_0_V          |     array    |
|conv2_w_0_V_ce0       | out |    1|  ap_memory |           conv2_w_0_V          |     array    |
|conv2_w_0_V_q0        |  in |   12|  ap_memory |           conv2_w_0_V          |     array    |
|conv2_w_0_V_address1  | out |    9|  ap_memory |           conv2_w_0_V          |     array    |
|conv2_w_0_V_ce1       | out |    1|  ap_memory |           conv2_w_0_V          |     array    |
|conv2_w_0_V_q1        |  in |   12|  ap_memory |           conv2_w_0_V          |     array    |
|conv2_w_1_V_address0  | out |    9|  ap_memory |           conv2_w_1_V          |     array    |
|conv2_w_1_V_ce0       | out |    1|  ap_memory |           conv2_w_1_V          |     array    |
|conv2_w_1_V_q0        |  in |   12|  ap_memory |           conv2_w_1_V          |     array    |
|conv2_w_1_V_address1  | out |    9|  ap_memory |           conv2_w_1_V          |     array    |
|conv2_w_1_V_ce1       | out |    1|  ap_memory |           conv2_w_1_V          |     array    |
|conv2_w_1_V_q1        |  in |   12|  ap_memory |           conv2_w_1_V          |     array    |
|conv2_w_2_V_address0  | out |    9|  ap_memory |           conv2_w_2_V          |     array    |
|conv2_w_2_V_ce0       | out |    1|  ap_memory |           conv2_w_2_V          |     array    |
|conv2_w_2_V_q0        |  in |   12|  ap_memory |           conv2_w_2_V          |     array    |
|conv2_w_2_V_address1  | out |    9|  ap_memory |           conv2_w_2_V          |     array    |
|conv2_w_2_V_ce1       | out |    1|  ap_memory |           conv2_w_2_V          |     array    |
|conv2_w_2_V_q1        |  in |   12|  ap_memory |           conv2_w_2_V          |     array    |
|conv2_w_3_V_address0  | out |    9|  ap_memory |           conv2_w_3_V          |     array    |
|conv2_w_3_V_ce0       | out |    1|  ap_memory |           conv2_w_3_V          |     array    |
|conv2_w_3_V_q0        |  in |   12|  ap_memory |           conv2_w_3_V          |     array    |
|conv2_w_3_V_address1  | out |    9|  ap_memory |           conv2_w_3_V          |     array    |
|conv2_w_3_V_ce1       | out |    1|  ap_memory |           conv2_w_3_V          |     array    |
|conv2_w_3_V_q1        |  in |   12|  ap_memory |           conv2_w_3_V          |     array    |
|conv2_w_4_V_address0  | out |    9|  ap_memory |           conv2_w_4_V          |     array    |
|conv2_w_4_V_ce0       | out |    1|  ap_memory |           conv2_w_4_V          |     array    |
|conv2_w_4_V_q0        |  in |   12|  ap_memory |           conv2_w_4_V          |     array    |
|conv2_w_4_V_address1  | out |    9|  ap_memory |           conv2_w_4_V          |     array    |
|conv2_w_4_V_ce1       | out |    1|  ap_memory |           conv2_w_4_V          |     array    |
|conv2_w_4_V_q1        |  in |   12|  ap_memory |           conv2_w_4_V          |     array    |
|conv2_w_5_V_address0  | out |    9|  ap_memory |           conv2_w_5_V          |     array    |
|conv2_w_5_V_ce0       | out |    1|  ap_memory |           conv2_w_5_V          |     array    |
|conv2_w_5_V_q0        |  in |   12|  ap_memory |           conv2_w_5_V          |     array    |
|conv2_w_5_V_address1  | out |    9|  ap_memory |           conv2_w_5_V          |     array    |
|conv2_w_5_V_ce1       | out |    1|  ap_memory |           conv2_w_5_V          |     array    |
|conv2_w_5_V_q1        |  in |   12|  ap_memory |           conv2_w_5_V          |     array    |
|conv2_w_6_V_address0  | out |    9|  ap_memory |           conv2_w_6_V          |     array    |
|conv2_w_6_V_ce0       | out |    1|  ap_memory |           conv2_w_6_V          |     array    |
|conv2_w_6_V_q0        |  in |   12|  ap_memory |           conv2_w_6_V          |     array    |
|conv2_w_6_V_address1  | out |    9|  ap_memory |           conv2_w_6_V          |     array    |
|conv2_w_6_V_ce1       | out |    1|  ap_memory |           conv2_w_6_V          |     array    |
|conv2_w_6_V_q1        |  in |   12|  ap_memory |           conv2_w_6_V          |     array    |
|conv2_w_7_V_address0  | out |    9|  ap_memory |           conv2_w_7_V          |     array    |
|conv2_w_7_V_ce0       | out |    1|  ap_memory |           conv2_w_7_V          |     array    |
|conv2_w_7_V_q0        |  in |   12|  ap_memory |           conv2_w_7_V          |     array    |
|conv2_w_7_V_address1  | out |    9|  ap_memory |           conv2_w_7_V          |     array    |
|conv2_w_7_V_ce1       | out |    1|  ap_memory |           conv2_w_7_V          |     array    |
|conv2_w_7_V_q1        |  in |   12|  ap_memory |           conv2_w_7_V          |     array    |
|fc1_w_0_V_address0    | out |   12|  ap_memory |            fc1_w_0_V           |     array    |
|fc1_w_0_V_ce0         | out |    1|  ap_memory |            fc1_w_0_V           |     array    |
|fc1_w_0_V_q0          |  in |   12|  ap_memory |            fc1_w_0_V           |     array    |
|fc1_w_1_V_address0    | out |   12|  ap_memory |            fc1_w_1_V           |     array    |
|fc1_w_1_V_ce0         | out |    1|  ap_memory |            fc1_w_1_V           |     array    |
|fc1_w_1_V_q0          |  in |   12|  ap_memory |            fc1_w_1_V           |     array    |
|fc1_w_2_V_address0    | out |   12|  ap_memory |            fc1_w_2_V           |     array    |
|fc1_w_2_V_ce0         | out |    1|  ap_memory |            fc1_w_2_V           |     array    |
|fc1_w_2_V_q0          |  in |   12|  ap_memory |            fc1_w_2_V           |     array    |
|fc1_w_3_V_address0    | out |   12|  ap_memory |            fc1_w_3_V           |     array    |
|fc1_w_3_V_ce0         | out |    1|  ap_memory |            fc1_w_3_V           |     array    |
|fc1_w_3_V_q0          |  in |   12|  ap_memory |            fc1_w_3_V           |     array    |
|fc1_w_4_V_address0    | out |   12|  ap_memory |            fc1_w_4_V           |     array    |
|fc1_w_4_V_ce0         | out |    1|  ap_memory |            fc1_w_4_V           |     array    |
|fc1_w_4_V_q0          |  in |   12|  ap_memory |            fc1_w_4_V           |     array    |
|fc1_w_5_V_address0    | out |   12|  ap_memory |            fc1_w_5_V           |     array    |
|fc1_w_5_V_ce0         | out |    1|  ap_memory |            fc1_w_5_V           |     array    |
|fc1_w_5_V_q0          |  in |   12|  ap_memory |            fc1_w_5_V           |     array    |
|fc1_w_6_V_address0    | out |   12|  ap_memory |            fc1_w_6_V           |     array    |
|fc1_w_6_V_ce0         | out |    1|  ap_memory |            fc1_w_6_V           |     array    |
|fc1_w_6_V_q0          |  in |   12|  ap_memory |            fc1_w_6_V           |     array    |
|fc1_w_7_V_address0    | out |   12|  ap_memory |            fc1_w_7_V           |     array    |
|fc1_w_7_V_ce0         | out |    1|  ap_memory |            fc1_w_7_V           |     array    |
|fc1_w_7_V_q0          |  in |   12|  ap_memory |            fc1_w_7_V           |     array    |
|fc2_w_0_V_address0    | out |   10|  ap_memory |            fc2_w_0_V           |     array    |
|fc2_w_0_V_ce0         | out |    1|  ap_memory |            fc2_w_0_V           |     array    |
|fc2_w_0_V_q0          |  in |   12|  ap_memory |            fc2_w_0_V           |     array    |
|fc2_w_1_V_address0    | out |   10|  ap_memory |            fc2_w_1_V           |     array    |
|fc2_w_1_V_ce0         | out |    1|  ap_memory |            fc2_w_1_V           |     array    |
|fc2_w_1_V_q0          |  in |   12|  ap_memory |            fc2_w_1_V           |     array    |
|fc2_w_2_V_address0    | out |   10|  ap_memory |            fc2_w_2_V           |     array    |
|fc2_w_2_V_ce0         | out |    1|  ap_memory |            fc2_w_2_V           |     array    |
|fc2_w_2_V_q0          |  in |   12|  ap_memory |            fc2_w_2_V           |     array    |
|fc2_w_3_V_address0    | out |   10|  ap_memory |            fc2_w_3_V           |     array    |
|fc2_w_3_V_ce0         | out |    1|  ap_memory |            fc2_w_3_V           |     array    |
|fc2_w_3_V_q0          |  in |   12|  ap_memory |            fc2_w_3_V           |     array    |
|fc2_w_4_V_address0    | out |   10|  ap_memory |            fc2_w_4_V           |     array    |
|fc2_w_4_V_ce0         | out |    1|  ap_memory |            fc2_w_4_V           |     array    |
|fc2_w_4_V_q0          |  in |   12|  ap_memory |            fc2_w_4_V           |     array    |
|fc2_w_5_V_address0    | out |   10|  ap_memory |            fc2_w_5_V           |     array    |
|fc2_w_5_V_ce0         | out |    1|  ap_memory |            fc2_w_5_V           |     array    |
|fc2_w_5_V_q0          |  in |   12|  ap_memory |            fc2_w_5_V           |     array    |
|fc2_w_6_V_address0    | out |   10|  ap_memory |            fc2_w_6_V           |     array    |
|fc2_w_6_V_ce0         | out |    1|  ap_memory |            fc2_w_6_V           |     array    |
|fc2_w_6_V_q0          |  in |   12|  ap_memory |            fc2_w_6_V           |     array    |
|fc2_w_7_V_address0    | out |   10|  ap_memory |            fc2_w_7_V           |     array    |
|fc2_w_7_V_ce0         | out |    1|  ap_memory |            fc2_w_7_V           |     array    |
|fc2_w_7_V_q0          |  in |   12|  ap_memory |            fc2_w_7_V           |     array    |
|fc2_w_8_V_address0    | out |   10|  ap_memory |            fc2_w_8_V           |     array    |
|fc2_w_8_V_ce0         | out |    1|  ap_memory |            fc2_w_8_V           |     array    |
|fc2_w_8_V_q0          |  in |   12|  ap_memory |            fc2_w_8_V           |     array    |
|fc2_w_9_V_address0    | out |   10|  ap_memory |            fc2_w_9_V           |     array    |
|fc2_w_9_V_ce0         | out |    1|  ap_memory |            fc2_w_9_V           |     array    |
|fc2_w_9_V_q0          |  in |   12|  ap_memory |            fc2_w_9_V           |     array    |
|fc2_w_10_V_address0   | out |   10|  ap_memory |           fc2_w_10_V           |     array    |
|fc2_w_10_V_ce0        | out |    1|  ap_memory |           fc2_w_10_V           |     array    |
|fc2_w_10_V_q0         |  in |   12|  ap_memory |           fc2_w_10_V           |     array    |
|fc2_w_11_V_address0   | out |   10|  ap_memory |           fc2_w_11_V           |     array    |
|fc2_w_11_V_ce0        | out |    1|  ap_memory |           fc2_w_11_V           |     array    |
|fc2_w_11_V_q0         |  in |   12|  ap_memory |           fc2_w_11_V           |     array    |
|fc3_w_0_V_address0    | out |    8|  ap_memory |            fc3_w_0_V           |     array    |
|fc3_w_0_V_ce0         | out |    1|  ap_memory |            fc3_w_0_V           |     array    |
|fc3_w_0_V_q0          |  in |   12|  ap_memory |            fc3_w_0_V           |     array    |
|fc3_w_1_V_address0    | out |    8|  ap_memory |            fc3_w_1_V           |     array    |
|fc3_w_1_V_ce0         | out |    1|  ap_memory |            fc3_w_1_V           |     array    |
|fc3_w_1_V_q0          |  in |   12|  ap_memory |            fc3_w_1_V           |     array    |
|fc3_w_2_V_address0    | out |    8|  ap_memory |            fc3_w_2_V           |     array    |
|fc3_w_2_V_ce0         | out |    1|  ap_memory |            fc3_w_2_V           |     array    |
|fc3_w_2_V_q0          |  in |   12|  ap_memory |            fc3_w_2_V           |     array    |
|fc3_w_3_V_address0    | out |    8|  ap_memory |            fc3_w_3_V           |     array    |
|fc3_w_3_V_ce0         | out |    1|  ap_memory |            fc3_w_3_V           |     array    |
|fc3_w_3_V_q0          |  in |   12|  ap_memory |            fc3_w_3_V           |     array    |
|fc3_w_4_V_address0    | out |    8|  ap_memory |            fc3_w_4_V           |     array    |
|fc3_w_4_V_ce0         | out |    1|  ap_memory |            fc3_w_4_V           |     array    |
|fc3_w_4_V_q0          |  in |   12|  ap_memory |            fc3_w_4_V           |     array    |
|logits_V_address0     | out |    4|  ap_memory |            logits_V            |     array    |
|logits_V_ce0          | out |    1|  ap_memory |            logits_V            |     array    |
|logits_V_we0          | out |    1|  ap_memory |            logits_V            |     array    |
|logits_V_d0           | out |   12|  ap_memory |            logits_V            |     array    |
+----------------------+-----+-----+------------+--------------------------------+--------------+

