

================================================================
== Vivado HLS Report for 'lenet_accelerator_with_weights'
================================================================
* Date:           Tue Sep  8 01:23:04 2026

* Version:        2018.3 (Build 2405991 on Thu Dec 06 23:56:15 MST 2018)
* Project:        float
* Solution:       solution1
* Product family: zynq
* Target device:  xc7z020clg400-1


================================================================
== Performance Estimates
================================================================
+ Timing (ns): 
    * Summary: 
    +--------+-------+----------+------------+
    |  Clock | Target| Estimated| Uncertainty|
    +--------+-------+----------+------------+
    |ap_clk  |  10.00|     9.325|        1.25|
    +--------+-------+----------+------------+

+ Latency (clock cycles): 
    * Summary: 
    +-----+--------+-----+--------+---------+
    |    Latency   |   Interval   | Pipeline|
    | min |   max  | min |   max  |   Type  |
    +-----+--------+-----+--------+---------+
    |   30|  459706|   30|  459706|   none  |
    +-----+--------+-----+--------+---------+

    + Detail: 
        * Instance: 
        +-------------------------------+--------------------+-----+--------+-----+--------+---------+
        |                               |                    |    Latency   |   Interval   | Pipeline|
        |            Instance           |       Module       | min |   max  | min |   max  |   Type  |
        +-------------------------------+--------------------+-----+--------+-----+--------+---------+
        |grp_member6_controller_fu_152  |member6_controller  |   29|  459705|   29|  459705|   none  |
        +-------------------------------+--------------------+-----+--------+-----+--------+---------+

        * Loop: 
        N/A



================================================================
== Utilization Estimates
================================================================
* Summary: 
+-----------------+---------+-------+--------+-------+
|       Name      | BRAM_18K| DSP48E|   FF   |  LUT  |
+-----------------+---------+-------+--------+-------+
|DSP              |        -|      -|       -|      -|
|Expression       |        -|      -|       -|      -|
|FIFO             |        -|      -|       -|      -|
|Instance         |        0|    139|   71404|  45252|
|Memory           |       30|      -|      64|      5|
|Multiplexer      |        -|      -|       -|     15|
|Register         |        -|      -|       3|      -|
+-----------------+---------+-------+--------+-------+
|Total            |       30|    139|   71471|  45272|
+-----------------+---------+-------+--------+-------+
|Available        |      280|    220|  106400|  53200|
+-----------------+---------+-------+--------+-------+
|Utilization (%)  |       10|     63|      67|     85|
+-----------------+---------+-------+--------+-------+

+ Detail: 
    * Instance: 
    +-------------------------------+--------------------+---------+-------+-------+-------+
    |            Instance           |       Module       | BRAM_18K| DSP48E|   FF  |  LUT  |
    +-------------------------------+--------------------+---------+-------+-------+-------+
    |grp_member6_controller_fu_152  |member6_controller  |        0|    139|  71404|  45252|
    +-------------------------------+--------------------+---------+-------+-------+-------+
    |Total                          |                    |        0|    139|  71404|  45252|
    +-------------------------------+--------------------+---------+-------+-------+-------+

    * DSP48: 
    N/A

    * Memory: 
    +------------------+----------------------+---------+----+----+------+-----+------+-------------+
    |      Memory      |        Module        | BRAM_18K| FF | LUT| Words| Bits| Banks| W*Bits*Banks|
    +------------------+----------------------+---------+----+----+------+-----+------+-------------+
    |fc2_buffer_U      |lenet_acceleratorBew  |        1|   0|   0|    84|   32|     1|         2688|
    |relu4_buffer_U    |lenet_acceleratorBew  |        1|   0|   0|    84|   32|     1|         2688|
    |output_buffer_U   |lenet_acceleratorDeQ  |        0|  64|   5|    10|   32|     1|          320|
    |input_buffer_U    |lenet_acceleratorrcU  |        2|   0|   0|   784|   32|     1|        25088|
    |conv1_buffer_U    |lenet_acceleratorsc4  |        8|   0|   0|  3456|   32|     1|       110592|
    |relu1_buffer_U    |lenet_acceleratortde  |        8|   0|   0|  3456|   32|     1|       110592|
    |pool1_buffer_U    |lenet_acceleratorudo  |        2|   0|   0|   864|   32|     1|        27648|
    |conv2_buffer_U    |lenet_acceleratorvdy  |        2|   0|   0|  1024|   32|     1|        32768|
    |relu2_buffer_U    |lenet_acceleratorwdI  |        2|   0|   0|  1024|   32|     1|        32768|
    |pool2_buffer_U    |lenet_acceleratorxdS  |        1|   0|   0|   256|   32|     1|         8192|
    |flatten_buffer_U  |lenet_acceleratorxdS  |        1|   0|   0|   256|   32|     1|         8192|
    |fc1_buffer_U      |lenet_acceleratorzec  |        1|   0|   0|   120|   32|     1|         3840|
    |relu3_buffer_U    |lenet_acceleratorzec  |        1|   0|   0|   120|   32|     1|         3840|
    +------------------+----------------------+---------+----+----+------+-----+------+-------------+
    |Total             |                      |       30|  64|   5| 11538|  416|    13|       369216|
    +------------------+----------------------+---------+----+----+------+-----+------+-------------+

    * FIFO: 
    N/A

    * Expression: 
    N/A

    * Multiplexer: 
    +-----------+----+-----------+-----+-----------+
    |    Name   | LUT| Input Size| Bits| Total Bits|
    +-----------+----+-----------+-----+-----------+
    |ap_NS_fsm  |  15|          3|    1|          3|
    +-----------+----+-----------+-----+-----------+
    |Total      |  15|          3|    1|          3|
    +-----------+----+-----------+-----+-----------+

    * Register: 
    +--------------------------------------------+---+----+-----+-----------+
    |                    Name                    | FF| LUT| Bits| Const Bits|
    +--------------------------------------------+---+----+-----+-----------+
    |ap_CS_fsm                                   |  2|   0|    2|          0|
    |grp_member6_controller_fu_152_ap_start_reg  |  1|   0|    1|          0|
    +--------------------------------------------+---+----+-----+-----------+
    |Total                                       |  3|   0|    3|          0|
    +--------------------------------------------+---+----+-----+-----------+



================================================================
== Interface
================================================================
* Summary: 
+--------------------+-----+-----+------------+--------------------------------+--------------+
|      RTL Ports     | Dir | Bits|  Protocol  |          Source Object         |    C Type    |
+--------------------+-----+-----+------------+--------------------------------+--------------+
|ap_clk              |  in |    1| ap_ctrl_hs | lenet_accelerator_with_weights | return value |
|ap_rst              |  in |    1| ap_ctrl_hs | lenet_accelerator_with_weights | return value |
|ap_start            |  in |    1| ap_ctrl_hs | lenet_accelerator_with_weights | return value |
|ap_done             | out |    1| ap_ctrl_hs | lenet_accelerator_with_weights | return value |
|ap_idle             | out |    1| ap_ctrl_hs | lenet_accelerator_with_weights | return value |
|ap_ready            | out |    1| ap_ctrl_hs | lenet_accelerator_with_weights | return value |
|input_r_address0    | out |   10|  ap_memory |             input_r            |     array    |
|input_r_ce0         | out |    1|  ap_memory |             input_r            |     array    |
|input_r_q0          |  in |   32|  ap_memory |             input_r            |     array    |
|conv1_w_0_address0  | out |    5|  ap_memory |            conv1_w_0           |     array    |
|conv1_w_0_ce0       | out |    1|  ap_memory |            conv1_w_0           |     array    |
|conv1_w_0_q0        |  in |   32|  ap_memory |            conv1_w_0           |     array    |
|conv1_w_1_address0  | out |    5|  ap_memory |            conv1_w_1           |     array    |
|conv1_w_1_ce0       | out |    1|  ap_memory |            conv1_w_1           |     array    |
|conv1_w_1_q0        |  in |   32|  ap_memory |            conv1_w_1           |     array    |
|conv1_w_2_address0  | out |    5|  ap_memory |            conv1_w_2           |     array    |
|conv1_w_2_ce0       | out |    1|  ap_memory |            conv1_w_2           |     array    |
|conv1_w_2_q0        |  in |   32|  ap_memory |            conv1_w_2           |     array    |
|conv1_w_3_address0  | out |    5|  ap_memory |            conv1_w_3           |     array    |
|conv1_w_3_ce0       | out |    1|  ap_memory |            conv1_w_3           |     array    |
|conv1_w_3_q0        |  in |   32|  ap_memory |            conv1_w_3           |     array    |
|conv1_w_4_address0  | out |    5|  ap_memory |            conv1_w_4           |     array    |
|conv1_w_4_ce0       | out |    1|  ap_memory |            conv1_w_4           |     array    |
|conv1_w_4_q0        |  in |   32|  ap_memory |            conv1_w_4           |     array    |
|conv1_w_5_address0  | out |    5|  ap_memory |            conv1_w_5           |     array    |
|conv1_w_5_ce0       | out |    1|  ap_memory |            conv1_w_5           |     array    |
|conv1_w_5_q0        |  in |   32|  ap_memory |            conv1_w_5           |     array    |
|conv2_w_0_address0  | out |    9|  ap_memory |            conv2_w_0           |     array    |
|conv2_w_0_ce0       | out |    1|  ap_memory |            conv2_w_0           |     array    |
|conv2_w_0_q0        |  in |   32|  ap_memory |            conv2_w_0           |     array    |
|conv2_w_0_address1  | out |    9|  ap_memory |            conv2_w_0           |     array    |
|conv2_w_0_ce1       | out |    1|  ap_memory |            conv2_w_0           |     array    |
|conv2_w_0_q1        |  in |   32|  ap_memory |            conv2_w_0           |     array    |
|conv2_w_1_address0  | out |    9|  ap_memory |            conv2_w_1           |     array    |
|conv2_w_1_ce0       | out |    1|  ap_memory |            conv2_w_1           |     array    |
|conv2_w_1_q0        |  in |   32|  ap_memory |            conv2_w_1           |     array    |
|conv2_w_1_address1  | out |    9|  ap_memory |            conv2_w_1           |     array    |
|conv2_w_1_ce1       | out |    1|  ap_memory |            conv2_w_1           |     array    |
|conv2_w_1_q1        |  in |   32|  ap_memory |            conv2_w_1           |     array    |
|conv2_w_2_address0  | out |    9|  ap_memory |            conv2_w_2           |     array    |
|conv2_w_2_ce0       | out |    1|  ap_memory |            conv2_w_2           |     array    |
|conv2_w_2_q0        |  in |   32|  ap_memory |            conv2_w_2           |     array    |
|conv2_w_2_address1  | out |    9|  ap_memory |            conv2_w_2           |     array    |
|conv2_w_2_ce1       | out |    1|  ap_memory |            conv2_w_2           |     array    |
|conv2_w_2_q1        |  in |   32|  ap_memory |            conv2_w_2           |     array    |
|conv2_w_3_address0  | out |    9|  ap_memory |            conv2_w_3           |     array    |
|conv2_w_3_ce0       | out |    1|  ap_memory |            conv2_w_3           |     array    |
|conv2_w_3_q0        |  in |   32|  ap_memory |            conv2_w_3           |     array    |
|conv2_w_3_address1  | out |    9|  ap_memory |            conv2_w_3           |     array    |
|conv2_w_3_ce1       | out |    1|  ap_memory |            conv2_w_3           |     array    |
|conv2_w_3_q1        |  in |   32|  ap_memory |            conv2_w_3           |     array    |
|conv2_w_4_address0  | out |    9|  ap_memory |            conv2_w_4           |     array    |
|conv2_w_4_ce0       | out |    1|  ap_memory |            conv2_w_4           |     array    |
|conv2_w_4_q0        |  in |   32|  ap_memory |            conv2_w_4           |     array    |
|conv2_w_4_address1  | out |    9|  ap_memory |            conv2_w_4           |     array    |
|conv2_w_4_ce1       | out |    1|  ap_memory |            conv2_w_4           |     array    |
|conv2_w_4_q1        |  in |   32|  ap_memory |            conv2_w_4           |     array    |
|conv2_w_5_address0  | out |    9|  ap_memory |            conv2_w_5           |     array    |
|conv2_w_5_ce0       | out |    1|  ap_memory |            conv2_w_5           |     array    |
|conv2_w_5_q0        |  in |   32|  ap_memory |            conv2_w_5           |     array    |
|conv2_w_5_address1  | out |    9|  ap_memory |            conv2_w_5           |     array    |
|conv2_w_5_ce1       | out |    1|  ap_memory |            conv2_w_5           |     array    |
|conv2_w_5_q1        |  in |   32|  ap_memory |            conv2_w_5           |     array    |
|conv2_w_6_address0  | out |    9|  ap_memory |            conv2_w_6           |     array    |
|conv2_w_6_ce0       | out |    1|  ap_memory |            conv2_w_6           |     array    |
|conv2_w_6_q0        |  in |   32|  ap_memory |            conv2_w_6           |     array    |
|conv2_w_6_address1  | out |    9|  ap_memory |            conv2_w_6           |     array    |
|conv2_w_6_ce1       | out |    1|  ap_memory |            conv2_w_6           |     array    |
|conv2_w_6_q1        |  in |   32|  ap_memory |            conv2_w_6           |     array    |
|conv2_w_7_address0  | out |    9|  ap_memory |            conv2_w_7           |     array    |
|conv2_w_7_ce0       | out |    1|  ap_memory |            conv2_w_7           |     array    |
|conv2_w_7_q0        |  in |   32|  ap_memory |            conv2_w_7           |     array    |
|conv2_w_7_address1  | out |    9|  ap_memory |            conv2_w_7           |     array    |
|conv2_w_7_ce1       | out |    1|  ap_memory |            conv2_w_7           |     array    |
|conv2_w_7_q1        |  in |   32|  ap_memory |            conv2_w_7           |     array    |
|fc1_w_0_address0    | out |   12|  ap_memory |             fc1_w_0            |     array    |
|fc1_w_0_ce0         | out |    1|  ap_memory |             fc1_w_0            |     array    |
|fc1_w_0_q0          |  in |   32|  ap_memory |             fc1_w_0            |     array    |
|fc1_w_1_address0    | out |   12|  ap_memory |             fc1_w_1            |     array    |
|fc1_w_1_ce0         | out |    1|  ap_memory |             fc1_w_1            |     array    |
|fc1_w_1_q0          |  in |   32|  ap_memory |             fc1_w_1            |     array    |
|fc1_w_2_address0    | out |   12|  ap_memory |             fc1_w_2            |     array    |
|fc1_w_2_ce0         | out |    1|  ap_memory |             fc1_w_2            |     array    |
|fc1_w_2_q0          |  in |   32|  ap_memory |             fc1_w_2            |     array    |
|fc1_w_3_address0    | out |   12|  ap_memory |             fc1_w_3            |     array    |
|fc1_w_3_ce0         | out |    1|  ap_memory |             fc1_w_3            |     array    |
|fc1_w_3_q0          |  in |   32|  ap_memory |             fc1_w_3            |     array    |
|fc1_w_4_address0    | out |   12|  ap_memory |             fc1_w_4            |     array    |
|fc1_w_4_ce0         | out |    1|  ap_memory |             fc1_w_4            |     array    |
|fc1_w_4_q0          |  in |   32|  ap_memory |             fc1_w_4            |     array    |
|fc1_w_5_address0    | out |   12|  ap_memory |             fc1_w_5            |     array    |
|fc1_w_5_ce0         | out |    1|  ap_memory |             fc1_w_5            |     array    |
|fc1_w_5_q0          |  in |   32|  ap_memory |             fc1_w_5            |     array    |
|fc1_w_6_address0    | out |   12|  ap_memory |             fc1_w_6            |     array    |
|fc1_w_6_ce0         | out |    1|  ap_memory |             fc1_w_6            |     array    |
|fc1_w_6_q0          |  in |   32|  ap_memory |             fc1_w_6            |     array    |
|fc1_w_7_address0    | out |   12|  ap_memory |             fc1_w_7            |     array    |
|fc1_w_7_ce0         | out |    1|  ap_memory |             fc1_w_7            |     array    |
|fc1_w_7_q0          |  in |   32|  ap_memory |             fc1_w_7            |     array    |
|fc2_w_0_address0    | out |   10|  ap_memory |             fc2_w_0            |     array    |
|fc2_w_0_ce0         | out |    1|  ap_memory |             fc2_w_0            |     array    |
|fc2_w_0_q0          |  in |   32|  ap_memory |             fc2_w_0            |     array    |
|fc2_w_1_address0    | out |   10|  ap_memory |             fc2_w_1            |     array    |
|fc2_w_1_ce0         | out |    1|  ap_memory |             fc2_w_1            |     array    |
|fc2_w_1_q0          |  in |   32|  ap_memory |             fc2_w_1            |     array    |
|fc2_w_2_address0    | out |   10|  ap_memory |             fc2_w_2            |     array    |
|fc2_w_2_ce0         | out |    1|  ap_memory |             fc2_w_2            |     array    |
|fc2_w_2_q0          |  in |   32|  ap_memory |             fc2_w_2            |     array    |
|fc2_w_3_address0    | out |   10|  ap_memory |             fc2_w_3            |     array    |
|fc2_w_3_ce0         | out |    1|  ap_memory |             fc2_w_3            |     array    |
|fc2_w_3_q0          |  in |   32|  ap_memory |             fc2_w_3            |     array    |
|fc2_w_4_address0    | out |   10|  ap_memory |             fc2_w_4            |     array    |
|fc2_w_4_ce0         | out |    1|  ap_memory |             fc2_w_4            |     array    |
|fc2_w_4_q0          |  in |   32|  ap_memory |             fc2_w_4            |     array    |
|fc2_w_5_address0    | out |   10|  ap_memory |             fc2_w_5            |     array    |
|fc2_w_5_ce0         | out |    1|  ap_memory |             fc2_w_5            |     array    |
|fc2_w_5_q0          |  in |   32|  ap_memory |             fc2_w_5            |     array    |
|fc2_w_6_address0    | out |   10|  ap_memory |             fc2_w_6            |     array    |
|fc2_w_6_ce0         | out |    1|  ap_memory |             fc2_w_6            |     array    |
|fc2_w_6_q0          |  in |   32|  ap_memory |             fc2_w_6            |     array    |
|fc2_w_7_address0    | out |   10|  ap_memory |             fc2_w_7            |     array    |
|fc2_w_7_ce0         | out |    1|  ap_memory |             fc2_w_7            |     array    |
|fc2_w_7_q0          |  in |   32|  ap_memory |             fc2_w_7            |     array    |
|fc2_w_8_address0    | out |   10|  ap_memory |             fc2_w_8            |     array    |
|fc2_w_8_ce0         | out |    1|  ap_memory |             fc2_w_8            |     array    |
|fc2_w_8_q0          |  in |   32|  ap_memory |             fc2_w_8            |     array    |
|fc2_w_9_address0    | out |   10|  ap_memory |             fc2_w_9            |     array    |
|fc2_w_9_ce0         | out |    1|  ap_memory |             fc2_w_9            |     array    |
|fc2_w_9_q0          |  in |   32|  ap_memory |             fc2_w_9            |     array    |
|fc2_w_10_address0   | out |   10|  ap_memory |            fc2_w_10            |     array    |
|fc2_w_10_ce0        | out |    1|  ap_memory |            fc2_w_10            |     array    |
|fc2_w_10_q0         |  in |   32|  ap_memory |            fc2_w_10            |     array    |
|fc2_w_11_address0   | out |   10|  ap_memory |            fc2_w_11            |     array    |
|fc2_w_11_ce0        | out |    1|  ap_memory |            fc2_w_11            |     array    |
|fc2_w_11_q0         |  in |   32|  ap_memory |            fc2_w_11            |     array    |
|fc3_w_0_address0    | out |    8|  ap_memory |             fc3_w_0            |     array    |
|fc3_w_0_ce0         | out |    1|  ap_memory |             fc3_w_0            |     array    |
|fc3_w_0_q0          |  in |   32|  ap_memory |             fc3_w_0            |     array    |
|fc3_w_1_address0    | out |    8|  ap_memory |             fc3_w_1            |     array    |
|fc3_w_1_ce0         | out |    1|  ap_memory |             fc3_w_1            |     array    |
|fc3_w_1_q0          |  in |   32|  ap_memory |             fc3_w_1            |     array    |
|fc3_w_2_address0    | out |    8|  ap_memory |             fc3_w_2            |     array    |
|fc3_w_2_ce0         | out |    1|  ap_memory |             fc3_w_2            |     array    |
|fc3_w_2_q0          |  in |   32|  ap_memory |             fc3_w_2            |     array    |
|fc3_w_3_address0    | out |    8|  ap_memory |             fc3_w_3            |     array    |
|fc3_w_3_ce0         | out |    1|  ap_memory |             fc3_w_3            |     array    |
|fc3_w_3_q0          |  in |   32|  ap_memory |             fc3_w_3            |     array    |
|fc3_w_4_address0    | out |    8|  ap_memory |             fc3_w_4            |     array    |
|fc3_w_4_ce0         | out |    1|  ap_memory |             fc3_w_4            |     array    |
|fc3_w_4_q0          |  in |   32|  ap_memory |             fc3_w_4            |     array    |
|logits_address0     | out |    4|  ap_memory |             logits             |     array    |
|logits_ce0          | out |    1|  ap_memory |             logits             |     array    |
|logits_we0          | out |    1|  ap_memory |             logits             |     array    |
|logits_d0           | out |   32|  ap_memory |             logits             |     array    |
+--------------------+-----+-----+------------+--------------------------------+--------------+

