

================================================================
== Vivado HLS Report for 'conv_banked'
================================================================
* Date:           Sun Sep 13 14:13:09 2026

* Version:        2018.3 (Build 2405991 on Thu Dec 06 23:56:15 MST 2018)
* Project:        optimized
* Solution:       solution1
* Product family: zynq
* Target device:  xc7z020clg400-1


================================================================
== Performance Estimates
================================================================
+ Timing (ns): 
    * Summary: 
    +--------+-------+----------+------------+
    |  Clock | Target| Estimated| Uncertainty|
    +--------+-------+----------+------------+
    |ap_clk  |  10.00|     8.150|        1.25|
    +--------+-------+----------+------------+

+ Latency (clock cycles): 
    * Summary: 
    +-------+-------+-------+-------+---------+
    |    Latency    |    Interval   | Pipeline|
    |  min  |  max  |  min  |  max  |   Type  |
    +-------+-------+-------+-------+---------+
    |  11297|  11297|  11297|  11297|   none  |
    +-------+-------+-------+-------+---------+

    + Detail: 
        * Instance: 
        N/A

        * Loop: 
        +-------------+-------+-------+----------+-----------+-----------+------+----------+
        |             |    Latency    | Iteration|  Initiation Interval  | Trip |          |
        |  Loop Name  |  min  |  max  |  Latency |  achieved |   target  | Count| Pipelined|
        +-------------+-------+-------+----------+-----------+-----------+------+----------+
        |- Loop 1     |  11296|  11296|       706|          -|          -|    16|    no    |
        | + Loop 1.1  |     16|     16|         2|          -|          -|     8|    no    |
        | + mac_k     |    620|    620|        24|          4|          1|   150|    yes   |
        | + Loop 1.3  |     64|     64|         2|          1|          1|    64|    yes   |
        +-------------+-------+-------+----------+-----------+-----------+------+----------+



================================================================
== Utilization Estimates
================================================================
* Summary: 
+-----------------+---------+-------+--------+-------+
|       Name      | BRAM_18K| DSP48E|   FF   |  LUT  |
+-----------------+---------+-------+--------+-------+
|DSP              |        -|     72|       -|      -|
|Expression       |        -|      0|       0|   1086|
|FIFO             |        -|      -|       -|      -|
|Instance         |        -|      -|    3224|   2819|
|Memory           |        -|      -|       -|      -|
|Multiplexer      |        -|      -|       -|   3245|
|Register         |        0|      -|   12125|    288|
+-----------------+---------+-------+--------+-------+
|Total            |        0|     72|   15349|   7438|
+-----------------+---------+-------+--------+-------+
|Available        |      280|    220|  106400|  53200|
+-----------------+---------+-------+--------+-------+
|Utilization (%)  |        0|     32|      14|     13|
+-----------------+---------+-------+--------+-------+

+ Detail: 
    * Instance: 
    +---------------------------+----------------------+---------+-------+-----+-----+
    |          Instance         |        Module        | BRAM_18K| DSP48E|  FF | LUT |
    +---------------------------+----------------------+---------+-------+-----+-----+
    |lenet_acceleratorcud_U101  |lenet_acceleratorcud  |        0|      0|    0|   27|
    |lenet_acceleratorcud_U102  |lenet_acceleratorcud  |        0|      0|    0|   27|
    |lenet_acceleratorcud_U103  |lenet_acceleratorcud  |        0|      0|    0|   27|
    |lenet_acceleratorcud_U104  |lenet_acceleratorcud  |        0|      0|    0|   27|
    |lenet_acceleratorcud_U105  |lenet_acceleratorcud  |        0|      0|    0|   27|
    |lenet_acceleratorcud_U106  |lenet_acceleratorcud  |        0|      0|    0|   27|
    |lenet_acceleratorcud_U107  |lenet_acceleratorcud  |        0|      0|    0|   27|
    |lenet_acceleratorcud_U108  |lenet_acceleratorcud  |        0|      0|    0|   27|
    |lenet_acceleratorcud_U109  |lenet_acceleratorcud  |        0|      0|    0|   27|
    |lenet_acceleratorcud_U110  |lenet_acceleratorcud  |        0|      0|    0|   27|
    |lenet_acceleratorcud_U111  |lenet_acceleratorcud  |        0|      0|    0|   27|
    |lenet_acceleratorcud_U112  |lenet_acceleratorcud  |        0|      0|    0|   27|
    |lenet_acceleratorcud_U113  |lenet_acceleratorcud  |        0|      0|    0|   27|
    |lenet_acceleratorcud_U114  |lenet_acceleratorcud  |        0|      0|    0|   27|
    |lenet_acceleratorcud_U115  |lenet_acceleratorcud  |        0|      0|    0|   27|
    |lenet_acceleratorcud_U116  |lenet_acceleratorcud  |        0|      0|    0|   27|
    |lenet_acceleratorhbi_U93   |lenet_acceleratorhbi  |        0|      0|  403|  295|
    |lenet_acceleratorhbi_U94   |lenet_acceleratorhbi  |        0|      0|  403|  295|
    |lenet_acceleratorhbi_U95   |lenet_acceleratorhbi  |        0|      0|  403|  295|
    |lenet_acceleratorhbi_U96   |lenet_acceleratorhbi  |        0|      0|  403|  295|
    |lenet_acceleratorhbi_U97   |lenet_acceleratorhbi  |        0|      0|  403|  295|
    |lenet_acceleratorhbi_U98   |lenet_acceleratorhbi  |        0|      0|  403|  295|
    |lenet_acceleratorhbi_U99   |lenet_acceleratorhbi  |        0|      0|  403|  295|
    |lenet_acceleratorhbi_U100  |lenet_acceleratorhbi  |        0|      0|  403|  295|
    |lenet_acceleratoribs_U117  |lenet_acceleratoribs  |        0|      0|    0|   27|
    +---------------------------+----------------------+---------+-------+-----+-----+
    |Total                      |                      |        0|      0| 3224| 2819|
    +---------------------------+----------------------+---------+-------+-----+-----+

    * DSP48: 
    +---------------------------+----------------------+--------------+
    |          Instance         |        Module        |  Expression  |
    +---------------------------+----------------------+--------------+
    |lenet_acceleratorfYi_U126  |lenet_acceleratorfYi  | i0 + i1 * i2 |
    |lenet_acceleratorfYi_U127  |lenet_acceleratorfYi  | i0 + i1 * i2 |
    |lenet_acceleratorfYi_U128  |lenet_acceleratorfYi  | i0 + i1 * i2 |
    |lenet_acceleratorfYi_U129  |lenet_acceleratorfYi  | i0 + i1 * i2 |
    |lenet_acceleratorfYi_U130  |lenet_acceleratorfYi  | i0 + i1 * i2 |
    |lenet_acceleratorfYi_U131  |lenet_acceleratorfYi  | i0 + i1 * i2 |
    |lenet_acceleratorfYi_U132  |lenet_acceleratorfYi  | i0 + i1 * i2 |
    |lenet_acceleratorfYi_U133  |lenet_acceleratorfYi  | i0 + i1 * i2 |
    |lenet_acceleratorfYi_U134  |lenet_acceleratorfYi  | i0 + i1 * i2 |
    |lenet_acceleratorfYi_U135  |lenet_acceleratorfYi  | i0 + i1 * i2 |
    |lenet_acceleratorfYi_U136  |lenet_acceleratorfYi  | i0 + i1 * i2 |
    |lenet_acceleratorfYi_U137  |lenet_acceleratorfYi  | i0 + i1 * i2 |
    |lenet_acceleratorfYi_U138  |lenet_acceleratorfYi  | i0 + i1 * i2 |
    |lenet_acceleratorfYi_U139  |lenet_acceleratorfYi  | i0 + i1 * i2 |
    |lenet_acceleratorfYi_U140  |lenet_acceleratorfYi  | i0 + i1 * i2 |
    |lenet_acceleratorfYi_U141  |lenet_acceleratorfYi  | i0 + i1 * i2 |
    |lenet_acceleratorfYi_U142  |lenet_acceleratorfYi  | i0 + i1 * i2 |
    |lenet_acceleratorfYi_U143  |lenet_acceleratorfYi  | i0 + i1 * i2 |
    |lenet_acceleratorfYi_U144  |lenet_acceleratorfYi  | i0 + i1 * i2 |
    |lenet_acceleratorfYi_U145  |lenet_acceleratorfYi  | i0 + i1 * i2 |
    |lenet_acceleratorfYi_U146  |lenet_acceleratorfYi  | i0 + i1 * i2 |
    |lenet_acceleratorfYi_U147  |lenet_acceleratorfYi  | i0 + i1 * i2 |
    |lenet_acceleratorfYi_U148  |lenet_acceleratorfYi  | i0 + i1 * i2 |
    |lenet_acceleratorfYi_U149  |lenet_acceleratorfYi  | i0 + i1 * i2 |
    |lenet_acceleratorfYi_U150  |lenet_acceleratorfYi  | i0 + i1 * i2 |
    |lenet_acceleratorfYi_U151  |lenet_acceleratorfYi  | i0 + i1 * i2 |
    |lenet_acceleratorfYi_U152  |lenet_acceleratorfYi  | i0 + i1 * i2 |
    |lenet_acceleratorfYi_U153  |lenet_acceleratorfYi  | i0 + i1 * i2 |
    |lenet_acceleratorfYi_U154  |lenet_acceleratorfYi  | i0 + i1 * i2 |
    |lenet_acceleratorfYi_U155  |lenet_acceleratorfYi  | i0 + i1 * i2 |
    |lenet_acceleratorfYi_U156  |lenet_acceleratorfYi  | i0 + i1 * i2 |
    |lenet_acceleratorfYi_U157  |lenet_acceleratorfYi  | i0 + i1 * i2 |
    |lenet_acceleratorfYi_U158  |lenet_acceleratorfYi  | i0 + i1 * i2 |
    |lenet_acceleratorfYi_U159  |lenet_acceleratorfYi  | i0 + i1 * i2 |
    |lenet_acceleratorfYi_U160  |lenet_acceleratorfYi  | i0 + i1 * i2 |
    |lenet_acceleratorfYi_U161  |lenet_acceleratorfYi  | i0 + i1 * i2 |
    |lenet_acceleratorfYi_U162  |lenet_acceleratorfYi  | i0 + i1 * i2 |
    |lenet_acceleratorfYi_U163  |lenet_acceleratorfYi  | i0 + i1 * i2 |
    |lenet_acceleratorfYi_U164  |lenet_acceleratorfYi  | i0 + i1 * i2 |
    |lenet_acceleratorfYi_U165  |lenet_acceleratorfYi  | i0 + i1 * i2 |
    |lenet_acceleratorfYi_U166  |lenet_acceleratorfYi  | i0 + i1 * i2 |
    |lenet_acceleratorfYi_U167  |lenet_acceleratorfYi  | i0 + i1 * i2 |
    |lenet_acceleratorfYi_U168  |lenet_acceleratorfYi  | i0 + i1 * i2 |
    |lenet_acceleratorfYi_U169  |lenet_acceleratorfYi  | i0 + i1 * i2 |
    |lenet_acceleratorfYi_U170  |lenet_acceleratorfYi  | i0 + i1 * i2 |
    |lenet_acceleratorfYi_U171  |lenet_acceleratorfYi  | i0 + i1 * i2 |
    |lenet_acceleratorfYi_U172  |lenet_acceleratorfYi  | i0 + i1 * i2 |
    |lenet_acceleratorfYi_U173  |lenet_acceleratorfYi  | i0 + i1 * i2 |
    |lenet_acceleratorfYi_U174  |lenet_acceleratorfYi  | i0 + i1 * i2 |
    |lenet_acceleratorfYi_U175  |lenet_acceleratorfYi  | i0 + i1 * i2 |
    |lenet_acceleratorfYi_U176  |lenet_acceleratorfYi  | i0 + i1 * i2 |
    |lenet_acceleratorfYi_U177  |lenet_acceleratorfYi  | i0 + i1 * i2 |
    |lenet_acceleratorfYi_U178  |lenet_acceleratorfYi  | i0 + i1 * i2 |
    |lenet_acceleratorfYi_U179  |lenet_acceleratorfYi  | i0 + i1 * i2 |
    |lenet_acceleratorfYi_U180  |lenet_acceleratorfYi  | i0 + i1 * i2 |
    |lenet_acceleratorfYi_U181  |lenet_acceleratorfYi  | i0 + i1 * i2 |
    |lenet_acceleratorfYi_U182  |lenet_acceleratorfYi  | i0 + i1 * i2 |
    |lenet_acceleratorfYi_U183  |lenet_acceleratorfYi  | i0 + i1 * i2 |
    |lenet_acceleratorfYi_U184  |lenet_acceleratorfYi  | i0 + i1 * i2 |
    |lenet_acceleratorfYi_U185  |lenet_acceleratorfYi  | i0 + i1 * i2 |
    |lenet_acceleratorfYi_U186  |lenet_acceleratorfYi  | i0 + i1 * i2 |
    |lenet_acceleratorfYi_U187  |lenet_acceleratorfYi  | i0 + i1 * i2 |
    |lenet_acceleratorfYi_U188  |lenet_acceleratorfYi  | i0 + i1 * i2 |
    |lenet_acceleratorfYi_U189  |lenet_acceleratorfYi  | i0 + i1 * i2 |
    |lenet_acceleratorjbC_U118  |lenet_acceleratorjbC  |    i0 * i1   |
    |lenet_acceleratorjbC_U119  |lenet_acceleratorjbC  |    i0 * i1   |
    |lenet_acceleratorjbC_U120  |lenet_acceleratorjbC  |    i0 * i1   |
    |lenet_acceleratorjbC_U121  |lenet_acceleratorjbC  |    i0 * i1   |
    |lenet_acceleratorjbC_U122  |lenet_acceleratorjbC  |    i0 * i1   |
    |lenet_acceleratorjbC_U123  |lenet_acceleratorjbC  |    i0 * i1   |
    |lenet_acceleratorjbC_U124  |lenet_acceleratorjbC  |    i0 * i1   |
    |lenet_acceleratorjbC_U125  |lenet_acceleratorjbC  |    i0 * i1   |
    +---------------------------+----------------------+--------------+

    * Memory: 
    N/A

    * FIFO: 
    N/A

    * Expression: 
    +---------------------------------+----------+-------+---+----+------------+------------+
    |          Variable Name          | Operation| DSP48E| FF| LUT| Bitwidth P0| Bitwidth P1|
    +---------------------------------+----------+-------+---+----+------------+------------+
    |mul2_fu_6139_p2                  |     *    |      0|  0|  26|           6|           5|
    |tmp_129_1_fu_5931_p2             |     *    |      0|  0|  41|           4|           8|
    |tmp_129_2_fu_5946_p2             |     *    |      0|  0|  41|           4|           8|
    |tmp_129_3_fu_5961_p2             |     *    |      0|  0|  41|           4|           8|
    |tmp_129_4_fu_5976_p2             |     *    |      0|  0|  41|           4|           8|
    |tmp_129_5_fu_5991_p2             |     *    |      0|  0|  41|           4|           8|
    |tmp_129_6_fu_6006_p2             |     *    |      0|  0|  41|           4|           8|
    |tmp_129_7_fu_6021_p2             |     *    |      0|  0|  41|           4|           8|
    |tmp_54_fu_5917_p2                |     *    |      0|  0|  41|           5|           8|
    |arrayNo_trunc_fu_6257_p2         |     +    |      0|  0|  12|           3|           3|
    |base_1_fu_5845_p2                |     +    |      0|  0|  15|           4|           7|
    |base_V_fu_7666_p2                |     +    |      0|  0|  30|           1|          23|
    |grp_fu_6042_p0                   |     +    |      0|  0|  12|          12|          12|
    |grp_fu_6053_p0                   |     +    |      0|  0|  12|          12|          12|
    |grp_fu_6063_p0                   |     +    |      0|  0|  12|          12|          12|
    |grp_fu_6073_p0                   |     +    |      0|  0|  12|          12|          12|
    |grp_fu_6083_p0                   |     +    |      0|  0|  12|          12|          12|
    |grp_fu_6093_p0                   |     +    |      0|  0|  12|          12|          12|
    |grp_fu_6109_p0                   |     +    |      0|  0|  12|          12|          12|
    |grp_fu_6119_p0                   |     +    |      0|  0|  12|          12|          12|
    |indvar_flatten_next7_fu_5839_p2  |     +    |      0|  0|  15|           5|           1|
    |indvar_flatten_next_fu_7444_p2   |     +    |      0|  0|  15|           7|           1|
    |j_1_fu_7450_p2                   |     +    |      0|  0|  13|           1|           4|
    |k_3_fu_6099_p2                   |     +    |      0|  0|  15|           8|           1|
    |m_1_fu_5907_p2                   |     +    |      0|  0|  13|           4|           1|
    |m_2_fu_7672_p2                   |     +    |      0|  0|  13|           4|           1|
    |next_mul_fu_6546_p2              |     +    |      0|  0|  23|           9|          16|
    |next_urem1_fu_6209_p2            |     +    |      0|  0|  15|           1|           8|
    |next_urem_fu_6125_p2             |     +    |      0|  0|  15|           1|           8|
    |oc_1_fu_7800_p2                  |     +    |      0|  0|  15|           5|           4|
    |tmp57_fu_6155_p2                 |     +    |      0|  0|  13|           4|           4|
    |tmp_121_1_fu_6567_p2             |     +    |      0|  0|  12|           1|          12|
    |tmp_121_2_fu_6822_p2             |     +    |      0|  0|  12|           2|          12|
    |tmp_121_3_fu_6853_p2             |     +    |      0|  0|  12|           2|          12|
    |tmp_121_4_fu_6273_p2             |     +    |      0|  0|  12|           3|          12|
    |tmp_121_5_fu_6305_p2             |     +    |      0|  0|  12|           3|          12|
    |tmp_121_6_fu_6484_p2             |     +    |      0|  0|  12|           3|          12|
    |tmp_121_7_fu_6515_p2             |     +    |      0|  0|  12|           3|          12|
    |tmp_60_fu_6203_p2                |     +    |      0|  0|   8|           8|           8|
    |tmp_64_fu_6251_p2                |     +    |      0|  0|  12|          12|          12|
    |tmp_84_mid2_fu_7681_p2           |     +    |      0|  0|  15|           5|           5|
    |tmp_93_fu_7695_p2                |     +    |      0|  0|  13|          11|          11|
    |tmp_59_fu_6194_p2                |     -    |      0|  0|   8|           8|           8|
    |tmp_61_fu_6237_p2                |     -    |      0|  0|  12|          12|          12|
    |sel_tmp1_fu_7718_p2              |    and   |      0|  0|   2|           1|           1|
    |tmp66_fu_7712_p2                 |    and   |      0|  0|   2|           1|           1|
    |exitcond1_fu_5901_p2             |   icmp   |      0|  0|  11|           4|           5|
    |exitcond2_fu_6027_p2             |   icmp   |      0|  0|  11|           8|           8|
    |exitcond_flatten8_fu_5833_p2     |   icmp   |      0|  0|  11|           5|           6|
    |exitcond_flatten_fu_7438_p2      |   icmp   |      0|  0|  11|           7|           8|
    |exitcond_fu_7456_p2              |   icmp   |      0|  0|  11|           4|           5|
    |icmp_fu_7744_p2                  |   icmp   |      0|  0|  13|          12|           1|
    |tmp_116_fu_6704_p2               |   icmp   |      0|  0|  11|           8|           3|
    |tmp_117_fu_6361_p2               |   icmp   |      0|  0|  11|           8|           5|
    |tmp_32_i_fu_7750_p2              |   icmp   |      0|  0|  18|          23|          13|
    |tmp_i_67_fu_7660_p2              |   icmp   |      0|  0|  13|          11|          12|
    |tmp_i_fu_7654_p2                 |   icmp   |      0|  0|  13|          11|          12|
    |round_up_fu_7723_p2              |    or    |      0|  0|   2|           1|           1|
    |tmp_111_fu_7768_p2               |    or    |      0|  0|   2|           1|           1|
    |tmp_128_1_fu_5937_p2             |    or    |      0|  0|   4|           4|           2|
    |tmp_128_2_fu_5952_p2             |    or    |      0|  0|   4|           4|           2|
    |tmp_128_3_fu_5967_p2             |    or    |      0|  0|   4|           4|           3|
    |tmp_128_4_fu_5982_p2             |    or    |      0|  0|   4|           4|           3|
    |tmp_128_5_fu_5997_p2             |    or    |      0|  0|   4|           4|           3|
    |tmp_128_6_fu_6012_p2             |    or    |      0|  0|   4|           4|           3|
    |tmp_128_s_fu_5922_p2             |    or    |      0|  0|   4|           4|           1|
    |base_cast_mid2_v_fu_5867_p3      |  select  |      0|  0|   7|           1|           7|
    |idx_urem1_fu_6709_p3             |  select  |      0|  0|   8|           1|           8|
    |idx_urem_fu_6366_p3              |  select  |      0|  0|   8|           1|           8|
    |m3_mid2_fu_7462_p3               |  select  |      0|  0|   4|           1|           1|
    |oc_mid2_fu_5859_p3               |  select  |      0|  0|   5|           1|           1|
    |p_Repl2_s_fu_7774_p3             |  select  |      0|  0|  12|           1|          12|
    |p_i_fu_7728_p3                   |  select  |      0|  0|  23|           1|          23|
    |raw_V_2_fu_7760_p3               |  select  |      0|  0|  13|           1|          11|
    |tmp_84_mid2_v_v_fu_7470_p3       |  select  |      0|  0|   4|           1|           4|
    |ap_enable_pp0                    |    xor   |      0|  0|   2|           1|           2|
    |ap_enable_pp1                    |    xor   |      0|  0|   2|           1|           2|
    |ap_enable_reg_pp1_iter1          |    xor   |      0|  0|   2|           2|           1|
    |sel_tmp_fu_7707_p2               |    xor   |      0|  0|   2|           1|           2|
    +---------------------------------+----------+-------+---+----+------------+------------+
    |Total                            |          |      0|  0|1086|         412|         568|
    +---------------------------------+----------+-------+---+----+------------+------------+

    * Multiplexer: 
    +---------------------------------------+----+-----------+-----+-----------+
    |                  Name                 | LUT| Input Size| Bits| Total Bits|
    +---------------------------------------+----+-----------+-----+-----------+
    |acc_0_0_V_2_be_reg_4954                |   9|          2|   33|         66|
    |acc_0_0_V_2_reg_2916                   |   9|          2|   33|         66|
    |acc_0_0_V_4_reg_5188                   |   9|          2|   33|         66|
    |acc_0_1_V_2_be_reg_4922                |   9|          2|   33|         66|
    |acc_0_1_V_2_reg_2905                   |   9|          2|   33|         66|
    |acc_0_1_V_4_reg_5176                   |   9|          2|   33|         66|
    |acc_0_2_V_2_be_reg_4890                |   9|          2|   33|         66|
    |acc_0_2_V_2_reg_2894                   |   9|          2|   33|         66|
    |acc_0_2_V_4_reg_5404                   |   9|          2|   33|         66|
    |acc_0_3_V_2_be_reg_4858                |   9|          2|   33|         66|
    |acc_0_3_V_2_reg_2883                   |   9|          2|   33|         66|
    |acc_0_3_V_4_reg_5392                   |   9|          2|   33|         66|
    |acc_0_4_V_2_be_reg_4826                |   9|          2|   33|         66|
    |acc_0_4_V_2_reg_2872                   |   9|          2|   33|         66|
    |acc_0_4_V_4_reg_5596                   |   9|          2|   33|         66|
    |acc_0_5_V_2_be_reg_4794                |   9|          2|   33|         66|
    |acc_0_5_V_2_reg_2861                   |   9|          2|   33|         66|
    |acc_0_5_V_s_reg_5584                   |   9|          2|   33|         66|
    |acc_0_6_V_2_be_reg_4762                |   9|          2|   33|         66|
    |acc_0_6_V_2_reg_2850                   |   9|          2|   33|         66|
    |acc_0_6_V_s_reg_5716                   |   9|          2|   33|         66|
    |acc_0_7_V_2_be_reg_4730                |   9|          2|   33|         66|
    |acc_0_7_V_2_reg_2839                   |   9|          2|   33|         66|
    |acc_0_7_V_s_reg_5704                   |   9|          2|   33|         66|
    |acc_1_0_V_2_be_reg_4698                |   9|          2|   33|         66|
    |acc_1_0_V_2_reg_2828                   |   9|          2|   33|         66|
    |acc_1_0_V_4_reg_5164                   |   9|          2|   33|         66|
    |acc_1_1_V_2_be_reg_4666                |   9|          2|   33|         66|
    |acc_1_1_V_2_reg_2817                   |   9|          2|   33|         66|
    |acc_1_1_V_4_reg_5152                   |   9|          2|   33|         66|
    |acc_1_2_V_2_be_reg_4634                |   9|          2|   33|         66|
    |acc_1_2_V_2_reg_2806                   |   9|          2|   33|         66|
    |acc_1_2_V_4_reg_5380                   |   9|          2|   33|         66|
    |acc_1_3_V_2_be_reg_4602                |   9|          2|   33|         66|
    |acc_1_3_V_2_reg_2795                   |   9|          2|   33|         66|
    |acc_1_3_V_4_reg_5368                   |   9|          2|   33|         66|
    |acc_1_4_V_2_be_reg_4570                |   9|          2|   33|         66|
    |acc_1_4_V_2_reg_2784                   |   9|          2|   33|         66|
    |acc_1_4_V_4_reg_5572                   |   9|          2|   33|         66|
    |acc_1_5_V_2_be_reg_4538                |   9|          2|   33|         66|
    |acc_1_5_V_2_reg_2773                   |   9|          2|   33|         66|
    |acc_1_5_V_4_reg_5560                   |   9|          2|   33|         66|
    |acc_1_6_V_2_be_reg_4506                |   9|          2|   33|         66|
    |acc_1_6_V_2_reg_2762                   |   9|          2|   33|         66|
    |acc_1_6_V_4_reg_5692                   |   9|          2|   33|         66|
    |acc_1_7_V_2_be_reg_4474                |   9|          2|   33|         66|
    |acc_1_7_V_2_reg_2751                   |   9|          2|   33|         66|
    |acc_1_7_V_4_reg_5680                   |   9|          2|   33|         66|
    |acc_2_0_V_2_be_reg_4442                |   9|          2|   33|         66|
    |acc_2_0_V_2_reg_2740                   |   9|          2|   33|         66|
    |acc_2_0_V_4_reg_5140                   |   9|          2|   33|         66|
    |acc_2_1_V_2_be_reg_4410                |   9|          2|   33|         66|
    |acc_2_1_V_2_reg_2729                   |   9|          2|   33|         66|
    |acc_2_1_V_4_reg_5128                   |   9|          2|   33|         66|
    |acc_2_2_V_2_be_reg_4378                |   9|          2|   33|         66|
    |acc_2_2_V_2_reg_2718                   |   9|          2|   33|         66|
    |acc_2_2_V_4_reg_5356                   |   9|          2|   33|         66|
    |acc_2_3_V_2_be_reg_4346                |   9|          2|   33|         66|
    |acc_2_3_V_2_reg_2707                   |   9|          2|   33|         66|
    |acc_2_3_V_4_reg_5344                   |   9|          2|   33|         66|
    |acc_2_4_V_2_be_reg_4314                |   9|          2|   33|         66|
    |acc_2_4_V_2_reg_2696                   |   9|          2|   33|         66|
    |acc_2_4_V_4_reg_5548                   |   9|          2|   33|         66|
    |acc_2_5_V_2_be_reg_4282                |   9|          2|   33|         66|
    |acc_2_5_V_2_reg_2685                   |   9|          2|   33|         66|
    |acc_2_5_V_4_reg_5536                   |   9|          2|   33|         66|
    |acc_2_6_V_2_be_reg_4250                |   9|          2|   33|         66|
    |acc_2_6_V_2_reg_2674                   |   9|          2|   33|         66|
    |acc_2_6_V_4_reg_5668                   |   9|          2|   33|         66|
    |acc_2_7_V_2_be_reg_4218                |   9|          2|   33|         66|
    |acc_2_7_V_2_reg_2663                   |   9|          2|   33|         66|
    |acc_2_7_V_4_reg_5656                   |   9|          2|   33|         66|
    |acc_3_0_V_2_be_reg_4186                |   9|          2|   33|         66|
    |acc_3_0_V_2_reg_2652                   |   9|          2|   33|         66|
    |acc_3_0_V_4_reg_5116                   |   9|          2|   33|         66|
    |acc_3_1_V_2_be_reg_4154                |   9|          2|   33|         66|
    |acc_3_1_V_2_reg_2641                   |   9|          2|   33|         66|
    |acc_3_1_V_4_reg_5104                   |   9|          2|   33|         66|
    |acc_3_2_V_2_be_reg_4122                |   9|          2|   33|         66|
    |acc_3_2_V_2_reg_2630                   |   9|          2|   33|         66|
    |acc_3_2_V_4_reg_5332                   |   9|          2|   33|         66|
    |acc_3_3_V_2_be_reg_4090                |   9|          2|   33|         66|
    |acc_3_3_V_2_reg_2619                   |   9|          2|   33|         66|
    |acc_3_3_V_4_reg_5320                   |   9|          2|   33|         66|
    |acc_3_4_V_2_be_reg_4058                |   9|          2|   33|         66|
    |acc_3_4_V_2_reg_2608                   |   9|          2|   33|         66|
    |acc_3_4_V_4_reg_5524                   |   9|          2|   33|         66|
    |acc_3_5_V_2_be_reg_4026                |   9|          2|   33|         66|
    |acc_3_5_V_2_reg_2597                   |   9|          2|   33|         66|
    |acc_3_5_V_4_reg_5512                   |   9|          2|   33|         66|
    |acc_3_6_V_2_be_reg_3994                |   9|          2|   33|         66|
    |acc_3_6_V_2_reg_2586                   |   9|          2|   33|         66|
    |acc_3_6_V_4_reg_5644                   |   9|          2|   33|         66|
    |acc_3_7_V_2_be_reg_3962                |   9|          2|   33|         66|
    |acc_3_7_V_2_reg_2575                   |   9|          2|   33|         66|
    |acc_3_7_V_4_reg_5632                   |   9|          2|   33|         66|
    |acc_4_0_V_2_be_reg_3930                |   9|          2|   33|         66|
    |acc_4_0_V_2_reg_2564                   |   9|          2|   33|         66|
    |acc_4_0_V_4_reg_5092                   |   9|          2|   33|         66|
    |acc_4_1_V_2_be_reg_3898                |   9|          2|   33|         66|
    |acc_4_1_V_2_reg_2553                   |   9|          2|   33|         66|
    |acc_4_1_V_4_reg_5080                   |   9|          2|   33|         66|
    |acc_4_2_V_2_be_reg_3866                |   9|          2|   33|         66|
    |acc_4_2_V_2_reg_2542                   |   9|          2|   33|         66|
    |acc_4_2_V_4_reg_5308                   |   9|          2|   33|         66|
    |acc_4_3_V_2_be_reg_3834                |   9|          2|   33|         66|
    |acc_4_3_V_2_reg_2531                   |   9|          2|   33|         66|
    |acc_4_3_V_4_reg_5296                   |   9|          2|   33|         66|
    |acc_4_4_V_2_be_reg_3802                |   9|          2|   33|         66|
    |acc_4_4_V_2_reg_2520                   |   9|          2|   33|         66|
    |acc_4_4_V_4_reg_5500                   |   9|          2|   33|         66|
    |acc_4_5_V_2_be_reg_3770                |   9|          2|   33|         66|
    |acc_4_5_V_2_reg_2509                   |   9|          2|   33|         66|
    |acc_4_5_V_4_reg_5488                   |   9|          2|   33|         66|
    |acc_4_6_V_2_be_reg_3738                |   9|          2|   33|         66|
    |acc_4_6_V_2_reg_2498                   |   9|          2|   33|         66|
    |acc_4_6_V_4_reg_5620                   |   9|          2|   33|         66|
    |acc_4_7_V_2_be_reg_3706                |   9|          2|   33|         66|
    |acc_4_7_V_2_reg_2487                   |   9|          2|   33|         66|
    |acc_4_7_V_4_reg_5608                   |   9|          2|   33|         66|
    |acc_5_0_V_2_be_reg_3674                |   9|          2|   33|         66|
    |acc_5_0_V_2_reg_2476                   |   9|          2|   33|         66|
    |acc_5_0_V_4_reg_5068                   |   9|          2|   33|         66|
    |acc_5_1_V_2_be_reg_3642                |   9|          2|   33|         66|
    |acc_5_1_V_2_reg_2465                   |   9|          2|   33|         66|
    |acc_5_1_V_4_reg_5056                   |   9|          2|   33|         66|
    |acc_5_2_V_2_be_reg_3610                |   9|          2|   33|         66|
    |acc_5_2_V_2_reg_2454                   |   9|          2|   33|         66|
    |acc_5_2_V_4_reg_5284                   |   9|          2|   33|         66|
    |acc_5_3_V_2_be_reg_3578                |   9|          2|   33|         66|
    |acc_5_3_V_2_reg_2443                   |   9|          2|   33|         66|
    |acc_5_3_V_4_reg_5272                   |   9|          2|   33|         66|
    |acc_5_4_V_2_be_reg_3546                |   9|          2|   33|         66|
    |acc_5_4_V_2_reg_2432                   |   9|          2|   33|         66|
    |acc_5_4_V_4_reg_5476                   |   9|          2|   33|         66|
    |acc_5_5_V_2_be_reg_3514                |   9|          2|   33|         66|
    |acc_5_5_V_2_reg_2421                   |   9|          2|   33|         66|
    |acc_5_5_V_4_reg_5464                   |   9|          2|   33|         66|
    |acc_5_6_V_2_be_reg_3482                |   9|          2|   33|         66|
    |acc_5_6_V_2_reg_2410                   |   9|          2|   33|         66|
    |acc_5_6_V_4_reg_5764                   |   9|          2|   33|         66|
    |acc_5_7_V_2_be_reg_3450                |   9|          2|   33|         66|
    |acc_5_7_V_2_reg_2399                   |   9|          2|   33|         66|
    |acc_5_7_V_4_reg_5752                   |   9|          2|   33|         66|
    |acc_6_0_V_2_be_reg_3418                |   9|          2|   33|         66|
    |acc_6_0_V_2_reg_2388                   |   9|          2|   33|         66|
    |acc_6_0_V_4_reg_5044                   |   9|          2|   33|         66|
    |acc_6_1_V_2_be_reg_3386                |   9|          2|   33|         66|
    |acc_6_1_V_2_reg_2377                   |   9|          2|   33|         66|
    |acc_6_1_V_4_reg_5032                   |   9|          2|   33|         66|
    |acc_6_2_V_2_be_reg_3354                |   9|          2|   33|         66|
    |acc_6_2_V_2_reg_2366                   |   9|          2|   33|         66|
    |acc_6_2_V_4_reg_5260                   |   9|          2|   33|         66|
    |acc_6_3_V_2_be_reg_3322                |   9|          2|   33|         66|
    |acc_6_3_V_2_reg_2355                   |   9|          2|   33|         66|
    |acc_6_3_V_4_reg_5248                   |   9|          2|   33|         66|
    |acc_6_4_V_2_be_reg_3290                |   9|          2|   33|         66|
    |acc_6_4_V_2_reg_2344                   |   9|          2|   33|         66|
    |acc_6_4_V_4_reg_5452                   |   9|          2|   33|         66|
    |acc_6_5_V_2_be_reg_3258                |   9|          2|   33|         66|
    |acc_6_5_V_2_reg_2333                   |   9|          2|   33|         66|
    |acc_6_5_V_4_reg_5440                   |   9|          2|   33|         66|
    |acc_6_6_V_2_be_reg_3226                |   9|          2|   33|         66|
    |acc_6_6_V_2_reg_2322                   |   9|          2|   33|         66|
    |acc_6_6_V_4_reg_5740                   |   9|          2|   33|         66|
    |acc_6_7_V_2_be_reg_3194                |   9|          2|   33|         66|
    |acc_6_7_V_2_reg_2311                   |   9|          2|   33|         66|
    |acc_6_7_V_4_reg_5728                   |   9|          2|   33|         66|
    |acc_7_0_V_2_be_reg_3162                |   9|          2|   33|         66|
    |acc_7_0_V_2_reg_2300                   |   9|          2|   33|         66|
    |acc_7_0_V_4_reg_5236                   |   9|          2|   33|         66|
    |acc_7_1_V_2_be_reg_3130                |   9|          2|   33|         66|
    |acc_7_1_V_2_reg_2289                   |   9|          2|   33|         66|
    |acc_7_1_V_4_reg_5224                   |   9|          2|   33|         66|
    |acc_7_2_V_2_be_reg_3098                |   9|          2|   33|         66|
    |acc_7_2_V_2_reg_2278                   |   9|          2|   33|         66|
    |acc_7_2_V_4_reg_5212                   |   9|          2|   33|         66|
    |acc_7_3_V_2_be_reg_3066                |   9|          2|   33|         66|
    |acc_7_3_V_2_reg_2267                   |   9|          2|   33|         66|
    |acc_7_3_V_4_reg_5200                   |   9|          2|   33|         66|
    |acc_7_4_V_2_be_reg_3034                |   9|          2|   33|         66|
    |acc_7_4_V_2_reg_2256                   |   9|          2|   33|         66|
    |acc_7_4_V_4_reg_5428                   |   9|          2|   33|         66|
    |acc_7_5_V_2_be_reg_3002                |   9|          2|   33|         66|
    |acc_7_5_V_2_reg_2245                   |   9|          2|   33|         66|
    |acc_7_5_V_4_reg_5416                   |   9|          2|   33|         66|
    |acc_7_6_V_2_be_reg_2970                |   9|          2|   33|         66|
    |acc_7_6_V_2_reg_2234                   |   9|          2|   33|         66|
    |acc_7_6_V_4_reg_5788                   |   9|          2|   33|         66|
    |acc_7_7_V_2_be_reg_2938                |   9|          2|   33|         66|
    |acc_7_7_V_2_reg_2223                   |   9|          2|   33|         66|
    |acc_7_7_V_4_reg_5776                   |   9|          2|   33|         66|
    |ap_NS_fsm                              |  53|         12|    1|         12|
    |ap_enable_reg_pp0_iter5                |   9|          2|    1|          2|
    |ap_enable_reg_pp1_iter1                |  15|          3|    1|          3|
    |ap_phi_mux_acc_0_0_V_4_phi_fu_5192_p4  |   9|          2|   33|         66|
    |ap_phi_mux_acc_0_1_V_4_phi_fu_5180_p4  |   9|          2|   33|         66|
    |ap_phi_mux_acc_0_2_V_4_phi_fu_5408_p4  |   9|          2|   33|         66|
    |ap_phi_mux_acc_0_3_V_4_phi_fu_5396_p4  |   9|          2|   33|         66|
    |ap_phi_mux_acc_0_4_V_4_phi_fu_5600_p4  |   9|          2|   33|         66|
    |ap_phi_mux_acc_0_5_V_s_phi_fu_5588_p4  |   9|          2|   33|         66|
    |ap_phi_mux_acc_1_0_V_4_phi_fu_5168_p4  |   9|          2|   33|         66|
    |ap_phi_mux_acc_1_1_V_4_phi_fu_5156_p4  |   9|          2|   33|         66|
    |ap_phi_mux_acc_1_2_V_4_phi_fu_5384_p4  |   9|          2|   33|         66|
    |ap_phi_mux_acc_1_3_V_4_phi_fu_5372_p4  |   9|          2|   33|         66|
    |ap_phi_mux_acc_1_4_V_4_phi_fu_5576_p4  |   9|          2|   33|         66|
    |ap_phi_mux_acc_1_5_V_4_phi_fu_5564_p4  |   9|          2|   33|         66|
    |ap_phi_mux_acc_2_0_V_4_phi_fu_5144_p4  |   9|          2|   33|         66|
    |ap_phi_mux_acc_2_1_V_4_phi_fu_5132_p4  |   9|          2|   33|         66|
    |ap_phi_mux_acc_2_2_V_4_phi_fu_5360_p4  |   9|          2|   33|         66|
    |ap_phi_mux_acc_2_3_V_4_phi_fu_5348_p4  |   9|          2|   33|         66|
    |ap_phi_mux_acc_2_4_V_4_phi_fu_5552_p4  |   9|          2|   33|         66|
    |ap_phi_mux_acc_2_5_V_4_phi_fu_5540_p4  |   9|          2|   33|         66|
    |ap_phi_mux_acc_3_0_V_4_phi_fu_5120_p4  |   9|          2|   33|         66|
    |ap_phi_mux_acc_3_1_V_4_phi_fu_5108_p4  |   9|          2|   33|         66|
    |ap_phi_mux_acc_3_2_V_4_phi_fu_5336_p4  |   9|          2|   33|         66|
    |ap_phi_mux_acc_3_3_V_4_phi_fu_5324_p4  |   9|          2|   33|         66|
    |ap_phi_mux_acc_3_4_V_4_phi_fu_5528_p4  |   9|          2|   33|         66|
    |ap_phi_mux_acc_3_5_V_4_phi_fu_5516_p4  |   9|          2|   33|         66|
    |ap_phi_mux_acc_4_0_V_4_phi_fu_5096_p4  |   9|          2|   33|         66|
    |ap_phi_mux_acc_4_1_V_4_phi_fu_5084_p4  |   9|          2|   33|         66|
    |ap_phi_mux_acc_4_2_V_4_phi_fu_5312_p4  |   9|          2|   33|         66|
    |ap_phi_mux_acc_4_3_V_4_phi_fu_5300_p4  |   9|          2|   33|         66|
    |ap_phi_mux_acc_4_4_V_4_phi_fu_5504_p4  |   9|          2|   33|         66|
    |ap_phi_mux_acc_4_5_V_4_phi_fu_5492_p4  |   9|          2|   33|         66|
    |ap_phi_mux_acc_5_0_V_4_phi_fu_5072_p4  |   9|          2|   33|         66|
    |ap_phi_mux_acc_5_1_V_4_phi_fu_5060_p4  |   9|          2|   33|         66|
    |ap_phi_mux_acc_5_2_V_4_phi_fu_5288_p4  |   9|          2|   33|         66|
    |ap_phi_mux_acc_5_3_V_4_phi_fu_5276_p4  |   9|          2|   33|         66|
    |ap_phi_mux_acc_5_4_V_4_phi_fu_5480_p4  |   9|          2|   33|         66|
    |ap_phi_mux_acc_5_5_V_4_phi_fu_5468_p4  |   9|          2|   33|         66|
    |ap_phi_mux_acc_6_0_V_4_phi_fu_5048_p4  |   9|          2|   33|         66|
    |ap_phi_mux_acc_6_1_V_4_phi_fu_5036_p4  |   9|          2|   33|         66|
    |ap_phi_mux_acc_6_2_V_4_phi_fu_5264_p4  |   9|          2|   33|         66|
    |ap_phi_mux_acc_6_3_V_4_phi_fu_5252_p4  |   9|          2|   33|         66|
    |ap_phi_mux_acc_6_4_V_4_phi_fu_5456_p4  |   9|          2|   33|         66|
    |ap_phi_mux_acc_6_5_V_4_phi_fu_5444_p4  |   9|          2|   33|         66|
    |ap_phi_mux_acc_7_0_V_4_phi_fu_5240_p4  |   9|          2|   33|         66|
    |ap_phi_mux_acc_7_1_V_4_phi_fu_5228_p4  |   9|          2|   33|         66|
    |ap_phi_mux_acc_7_2_V_4_phi_fu_5216_p4  |   9|          2|   33|         66|
    |ap_phi_mux_acc_7_3_V_4_phi_fu_5204_p4  |   9|          2|   33|         66|
    |ap_phi_mux_acc_7_4_V_4_phi_fu_5432_p4  |   9|          2|   33|         66|
    |ap_phi_mux_acc_7_5_V_4_phi_fu_5420_p4  |   9|          2|   33|         66|
    |ap_phi_mux_j_phi_fu_5815_p4            |   9|          2|    4|          8|
    |ap_phi_mux_k_phi_fu_4990_p4            |   9|          2|    8|         16|
    |ap_phi_mux_kw_phi_fu_5025_p4           |   9|          2|    8|         16|
    |ap_phi_mux_phi_mul_phi_fu_5013_p4      |   9|          2|   16|         32|
    |ap_phi_mux_phi_urem_phi_fu_5002_p4     |   9|          2|    8|         16|
    |base_reg_1433                          |   9|          2|    7|         14|
    |in_0_V_address0                        |  27|          5|    7|         35|
    |in_0_V_address1                        |  27|          5|    7|         35|
    |in_1_V_address0                        |  27|          5|    7|         35|
    |in_1_V_address1                        |  27|          5|    7|         35|
    |in_2_V_address0                        |  27|          5|    7|         35|
    |in_2_V_address1                        |  27|          5|    7|         35|
    |in_3_V_address0                        |  27|          5|    7|         35|
    |in_3_V_address1                        |  27|          5|    7|         35|
    |in_4_V_address0                        |  27|          5|    7|         35|
    |in_4_V_address1                        |  27|          5|    7|         35|
    |in_5_V_address0                        |  27|          5|    7|         35|
    |in_5_V_address1                        |  27|          5|    7|         35|
    |in_6_V_address0                        |  27|          5|    7|         35|
    |in_6_V_address1                        |  27|          5|    7|         35|
    |in_7_V_address0                        |  27|          5|    7|         35|
    |in_7_V_address1                        |  27|          5|    7|         35|
    |indvar_flatten6_reg_1422               |   9|          2|    5|         10|
    |indvar_flatten_reg_5800                |   9|          2|    7|         14|
    |j_reg_5811                             |   9|          2|    4|          8|
    |k_reg_4986                             |   9|          2|    8|         16|
    |kw_reg_5021                            |   9|          2|    8|         16|
    |m3_reg_5822                            |   9|          2|    4|          8|
    |m_reg_2927                             |   9|          2|    4|          8|
    |oc_reg_2212                            |   9|          2|    5|         10|
    |phi_mul_reg_5009                       |   9|          2|   16|         32|
    |phi_urem_reg_4998                      |   9|          2|    8|         16|
    |weights_0_V_address0                   |  27|          5|    9|         45|
    |weights_0_V_address1                   |  27|          5|    9|         45|
    |weights_1_V_address0                   |  27|          5|    9|         45|
    |weights_1_V_address1                   |  27|          5|    9|         45|
    |weights_2_V_address0                   |  27|          5|    9|         45|
    |weights_2_V_address1                   |  27|          5|    9|         45|
    |weights_3_V_address0                   |  27|          5|    9|         45|
    |weights_3_V_address1                   |  27|          5|    9|         45|
    |weights_4_V_address0                   |  27|          5|    9|         45|
    |weights_4_V_address1                   |  27|          5|    9|         45|
    |weights_5_V_address0                   |  27|          5|    9|         45|
    |weights_5_V_address1                   |  27|          5|    9|         45|
    |weights_6_V_address0                   |  27|          5|    9|         45|
    |weights_6_V_address1                   |  27|          5|    9|         45|
    |weights_7_V_address0                   |  27|          5|    9|         45|
    |weights_7_V_address1                   |  27|          5|    9|         45|
    +---------------------------------------+----+-----------+-----+-----------+
    |Total                                  |3245|        689| 8299|      17377|
    +---------------------------------------+----+-----------+-----+-----------+

    * Register: 
    +--------------------------------+-----+----+-----+-----------+
    |              Name              |  FF | LUT| Bits| Const Bits|
    +--------------------------------+-----+----+-----+-----------+
    |acc_0_0_V_1_reg_2200            |   33|   0|   33|          0|
    |acc_0_0_V_2_be_reg_4954         |   33|   0|   33|          0|
    |acc_0_0_V_2_reg_2916            |   33|   0|   33|          0|
    |acc_0_0_V_4_reg_5188            |   33|   0|   33|          0|
    |acc_0_0_V_6_reg_9225            |   33|   0|   33|          0|
    |acc_0_1_V_1_reg_2188            |   33|   0|   33|          0|
    |acc_0_1_V_2_be_reg_4922         |   33|   0|   33|          0|
    |acc_0_1_V_2_reg_2905            |   33|   0|   33|          0|
    |acc_0_1_V_4_reg_5176            |   33|   0|   33|          0|
    |acc_0_1_V_6_reg_9235            |   33|   0|   33|          0|
    |acc_0_2_V_1_reg_2176            |   33|   0|   33|          0|
    |acc_0_2_V_2_be_reg_4890         |   33|   0|   33|          0|
    |acc_0_2_V_2_reg_2894            |   33|   0|   33|          0|
    |acc_0_2_V_4_reg_5404            |   33|   0|   33|          0|
    |acc_0_2_V_6_reg_9450            |   33|   0|   33|          0|
    |acc_0_3_V_1_reg_2164            |   33|   0|   33|          0|
    |acc_0_3_V_2_be_reg_4858         |   33|   0|   33|          0|
    |acc_0_3_V_2_reg_2883            |   33|   0|   33|          0|
    |acc_0_3_V_4_reg_5392            |   33|   0|   33|          0|
    |acc_0_3_V_6_reg_9455            |   33|   0|   33|          0|
    |acc_0_4_V_1_reg_2152            |   33|   0|   33|          0|
    |acc_0_4_V_2_be_reg_4826         |   33|   0|   33|          0|
    |acc_0_4_V_2_reg_2872            |   33|   0|   33|          0|
    |acc_0_4_V_4_reg_5596            |   33|   0|   33|          0|
    |acc_0_4_V_6_reg_9558            |   33|   0|   33|          0|
    |acc_0_5_V_1_reg_2140            |   33|   0|   33|          0|
    |acc_0_5_V_2_be_reg_4794         |   33|   0|   33|          0|
    |acc_0_5_V_2_reg_2861            |   33|   0|   33|          0|
    |acc_0_5_V_4_reg_9563            |   33|   0|   33|          0|
    |acc_0_5_V_s_reg_5584            |   33|   0|   33|          0|
    |acc_0_6_V_1_reg_2128            |   33|   0|   33|          0|
    |acc_0_6_V_2_be_reg_4762         |   33|   0|   33|          0|
    |acc_0_6_V_2_reg_2850            |   33|   0|   33|          0|
    |acc_0_6_V_reg_9645              |   33|   0|   33|          0|
    |acc_0_6_V_s_reg_5716            |   33|   0|   33|          0|
    |acc_0_7_V_1_reg_2116            |   33|   0|   33|          0|
    |acc_0_7_V_2_be_reg_4730         |   33|   0|   33|          0|
    |acc_0_7_V_2_reg_2839            |   33|   0|   33|          0|
    |acc_0_7_V_reg_9657              |   33|   0|   33|          0|
    |acc_0_7_V_s_reg_5704            |   33|   0|   33|          0|
    |acc_1_0_V_1_reg_9250            |   33|   0|   33|          0|
    |acc_1_0_V_2_be_reg_4698         |   33|   0|   33|          0|
    |acc_1_0_V_2_reg_2828            |   33|   0|   33|          0|
    |acc_1_0_V_4_reg_5164            |   33|   0|   33|          0|
    |acc_1_0_V_s_reg_2104            |   33|   0|   33|          0|
    |acc_1_1_V_1_reg_9255            |   33|   0|   33|          0|
    |acc_1_1_V_2_be_reg_4666         |   33|   0|   33|          0|
    |acc_1_1_V_2_reg_2817            |   33|   0|   33|          0|
    |acc_1_1_V_4_reg_5152            |   33|   0|   33|          0|
    |acc_1_1_V_s_reg_2092            |   33|   0|   33|          0|
    |acc_1_2_V_1_reg_9460            |   33|   0|   33|          0|
    |acc_1_2_V_2_be_reg_4634         |   33|   0|   33|          0|
    |acc_1_2_V_2_reg_2806            |   33|   0|   33|          0|
    |acc_1_2_V_4_reg_5380            |   33|   0|   33|          0|
    |acc_1_2_V_s_reg_2080            |   33|   0|   33|          0|
    |acc_1_3_V_1_reg_9465            |   33|   0|   33|          0|
    |acc_1_3_V_2_be_reg_4602         |   33|   0|   33|          0|
    |acc_1_3_V_2_reg_2795            |   33|   0|   33|          0|
    |acc_1_3_V_4_reg_5368            |   33|   0|   33|          0|
    |acc_1_3_V_s_reg_2068            |   33|   0|   33|          0|
    |acc_1_4_V_1_reg_9568            |   33|   0|   33|          0|
    |acc_1_4_V_2_be_reg_4570         |   33|   0|   33|          0|
    |acc_1_4_V_2_reg_2784            |   33|   0|   33|          0|
    |acc_1_4_V_4_reg_5572            |   33|   0|   33|          0|
    |acc_1_4_V_s_reg_2056            |   33|   0|   33|          0|
    |acc_1_5_V_1_reg_9573            |   33|   0|   33|          0|
    |acc_1_5_V_2_be_reg_4538         |   33|   0|   33|          0|
    |acc_1_5_V_2_reg_2773            |   33|   0|   33|          0|
    |acc_1_5_V_4_reg_5560            |   33|   0|   33|          0|
    |acc_1_5_V_s_reg_2044            |   33|   0|   33|          0|
    |acc_1_6_V_2_be_reg_4506         |   33|   0|   33|          0|
    |acc_1_6_V_2_reg_2762            |   33|   0|   33|          0|
    |acc_1_6_V_4_reg_5692            |   33|   0|   33|          0|
    |acc_1_6_V_reg_9662              |   33|   0|   33|          0|
    |acc_1_6_V_s_reg_2032            |   33|   0|   33|          0|
    |acc_1_7_V_2_be_reg_4474         |   33|   0|   33|          0|
    |acc_1_7_V_2_reg_2751            |   33|   0|   33|          0|
    |acc_1_7_V_4_reg_5680            |   33|   0|   33|          0|
    |acc_1_7_V_reg_9667              |   33|   0|   33|          0|
    |acc_1_7_V_s_reg_2020            |   33|   0|   33|          0|
    |acc_2_0_V_1_reg_9270            |   33|   0|   33|          0|
    |acc_2_0_V_2_be_reg_4442         |   33|   0|   33|          0|
    |acc_2_0_V_2_reg_2740            |   33|   0|   33|          0|
    |acc_2_0_V_4_reg_5140            |   33|   0|   33|          0|
    |acc_2_0_V_s_reg_2008            |   33|   0|   33|          0|
    |acc_2_1_V_1_reg_9275            |   33|   0|   33|          0|
    |acc_2_1_V_2_be_reg_4410         |   33|   0|   33|          0|
    |acc_2_1_V_2_reg_2729            |   33|   0|   33|          0|
    |acc_2_1_V_4_reg_5128            |   33|   0|   33|          0|
    |acc_2_1_V_s_reg_1996            |   33|   0|   33|          0|
    |acc_2_2_V_1_reg_9470            |   33|   0|   33|          0|
    |acc_2_2_V_2_be_reg_4378         |   33|   0|   33|          0|
    |acc_2_2_V_2_reg_2718            |   33|   0|   33|          0|
    |acc_2_2_V_4_reg_5356            |   33|   0|   33|          0|
    |acc_2_2_V_s_reg_1984            |   33|   0|   33|          0|
    |acc_2_3_V_1_reg_9475            |   33|   0|   33|          0|
    |acc_2_3_V_2_be_reg_4346         |   33|   0|   33|          0|
    |acc_2_3_V_2_reg_2707            |   33|   0|   33|          0|
    |acc_2_3_V_4_reg_5344            |   33|   0|   33|          0|
    |acc_2_3_V_s_reg_1972            |   33|   0|   33|          0|
    |acc_2_4_V_1_reg_9578            |   33|   0|   33|          0|
    |acc_2_4_V_2_be_reg_4314         |   33|   0|   33|          0|
    |acc_2_4_V_2_reg_2696            |   33|   0|   33|          0|
    |acc_2_4_V_4_reg_5548            |   33|   0|   33|          0|
    |acc_2_4_V_s_reg_1960            |   33|   0|   33|          0|
    |acc_2_5_V_1_reg_9583            |   33|   0|   33|          0|
    |acc_2_5_V_2_be_reg_4282         |   33|   0|   33|          0|
    |acc_2_5_V_2_reg_2685            |   33|   0|   33|          0|
    |acc_2_5_V_4_reg_5536            |   33|   0|   33|          0|
    |acc_2_5_V_s_reg_1948            |   33|   0|   33|          0|
    |acc_2_6_V_2_be_reg_4250         |   33|   0|   33|          0|
    |acc_2_6_V_2_reg_2674            |   33|   0|   33|          0|
    |acc_2_6_V_4_reg_5668            |   33|   0|   33|          0|
    |acc_2_6_V_reg_9672              |   33|   0|   33|          0|
    |acc_2_6_V_s_reg_1936            |   33|   0|   33|          0|
    |acc_2_7_V_2_be_reg_4218         |   33|   0|   33|          0|
    |acc_2_7_V_2_reg_2663            |   33|   0|   33|          0|
    |acc_2_7_V_4_reg_5656            |   33|   0|   33|          0|
    |acc_2_7_V_reg_9677              |   33|   0|   33|          0|
    |acc_2_7_V_s_reg_1924            |   33|   0|   33|          0|
    |acc_3_0_V_1_reg_9290            |   33|   0|   33|          0|
    |acc_3_0_V_2_be_reg_4186         |   33|   0|   33|          0|
    |acc_3_0_V_2_reg_2652            |   33|   0|   33|          0|
    |acc_3_0_V_4_reg_5116            |   33|   0|   33|          0|
    |acc_3_0_V_s_reg_1912            |   33|   0|   33|          0|
    |acc_3_1_V_1_reg_9295            |   33|   0|   33|          0|
    |acc_3_1_V_2_be_reg_4154         |   33|   0|   33|          0|
    |acc_3_1_V_2_reg_2641            |   33|   0|   33|          0|
    |acc_3_1_V_4_reg_5104            |   33|   0|   33|          0|
    |acc_3_1_V_s_reg_1900            |   33|   0|   33|          0|
    |acc_3_2_V_1_reg_9480            |   33|   0|   33|          0|
    |acc_3_2_V_2_be_reg_4122         |   33|   0|   33|          0|
    |acc_3_2_V_2_reg_2630            |   33|   0|   33|          0|
    |acc_3_2_V_4_reg_5332            |   33|   0|   33|          0|
    |acc_3_2_V_s_reg_1888            |   33|   0|   33|          0|
    |acc_3_3_V_1_reg_9485            |   33|   0|   33|          0|
    |acc_3_3_V_2_be_reg_4090         |   33|   0|   33|          0|
    |acc_3_3_V_2_reg_2619            |   33|   0|   33|          0|
    |acc_3_3_V_4_reg_5320            |   33|   0|   33|          0|
    |acc_3_3_V_s_reg_1876            |   33|   0|   33|          0|
    |acc_3_4_V_1_reg_9588            |   33|   0|   33|          0|
    |acc_3_4_V_2_be_reg_4058         |   33|   0|   33|          0|
    |acc_3_4_V_2_reg_2608            |   33|   0|   33|          0|
    |acc_3_4_V_4_reg_5524            |   33|   0|   33|          0|
    |acc_3_4_V_s_reg_1864            |   33|   0|   33|          0|
    |acc_3_5_V_1_reg_9593            |   33|   0|   33|          0|
    |acc_3_5_V_2_be_reg_4026         |   33|   0|   33|          0|
    |acc_3_5_V_2_reg_2597            |   33|   0|   33|          0|
    |acc_3_5_V_4_reg_5512            |   33|   0|   33|          0|
    |acc_3_5_V_s_reg_1852            |   33|   0|   33|          0|
    |acc_3_6_V_2_be_reg_3994         |   33|   0|   33|          0|
    |acc_3_6_V_2_reg_2586            |   33|   0|   33|          0|
    |acc_3_6_V_4_reg_5644            |   33|   0|   33|          0|
    |acc_3_6_V_reg_9682              |   33|   0|   33|          0|
    |acc_3_6_V_s_reg_1840            |   33|   0|   33|          0|
    |acc_3_7_V_2_be_reg_3962         |   33|   0|   33|          0|
    |acc_3_7_V_2_reg_2575            |   33|   0|   33|          0|
    |acc_3_7_V_4_reg_5632            |   33|   0|   33|          0|
    |acc_3_7_V_reg_9687              |   33|   0|   33|          0|
    |acc_3_7_V_s_reg_1828            |   33|   0|   33|          0|
    |acc_4_0_V_1_reg_9310            |   33|   0|   33|          0|
    |acc_4_0_V_2_be_reg_3930         |   33|   0|   33|          0|
    |acc_4_0_V_2_reg_2564            |   33|   0|   33|          0|
    |acc_4_0_V_4_reg_5092            |   33|   0|   33|          0|
    |acc_4_0_V_s_reg_1816            |   33|   0|   33|          0|
    |acc_4_1_V_1_reg_9315            |   33|   0|   33|          0|
    |acc_4_1_V_2_be_reg_3898         |   33|   0|   33|          0|
    |acc_4_1_V_2_reg_2553            |   33|   0|   33|          0|
    |acc_4_1_V_4_reg_5080            |   33|   0|   33|          0|
    |acc_4_1_V_s_reg_1804            |   33|   0|   33|          0|
    |acc_4_2_V_1_reg_9490            |   33|   0|   33|          0|
    |acc_4_2_V_2_be_reg_3866         |   33|   0|   33|          0|
    |acc_4_2_V_2_reg_2542            |   33|   0|   33|          0|
    |acc_4_2_V_4_reg_5308            |   33|   0|   33|          0|
    |acc_4_2_V_s_reg_1792            |   33|   0|   33|          0|
    |acc_4_3_V_1_reg_9495            |   33|   0|   33|          0|
    |acc_4_3_V_2_be_reg_3834         |   33|   0|   33|          0|
    |acc_4_3_V_2_reg_2531            |   33|   0|   33|          0|
    |acc_4_3_V_4_reg_5296            |   33|   0|   33|          0|
    |acc_4_3_V_s_reg_1780            |   33|   0|   33|          0|
    |acc_4_4_V_1_reg_9598            |   33|   0|   33|          0|
    |acc_4_4_V_2_be_reg_3802         |   33|   0|   33|          0|
    |acc_4_4_V_2_reg_2520            |   33|   0|   33|          0|
    |acc_4_4_V_4_reg_5500            |   33|   0|   33|          0|
    |acc_4_4_V_s_reg_1768            |   33|   0|   33|          0|
    |acc_4_5_V_1_reg_9603            |   33|   0|   33|          0|
    |acc_4_5_V_2_be_reg_3770         |   33|   0|   33|          0|
    |acc_4_5_V_2_reg_2509            |   33|   0|   33|          0|
    |acc_4_5_V_4_reg_5488            |   33|   0|   33|          0|
    |acc_4_5_V_s_reg_1756            |   33|   0|   33|          0|
    |acc_4_6_V_2_be_reg_3738         |   33|   0|   33|          0|
    |acc_4_6_V_2_reg_2498            |   33|   0|   33|          0|
    |acc_4_6_V_4_reg_5620            |   33|   0|   33|          0|
    |acc_4_6_V_reg_9692              |   33|   0|   33|          0|
    |acc_4_6_V_s_reg_1744            |   33|   0|   33|          0|
    |acc_4_7_V_2_be_reg_3706         |   33|   0|   33|          0|
    |acc_4_7_V_2_reg_2487            |   33|   0|   33|          0|
    |acc_4_7_V_4_reg_5608            |   33|   0|   33|          0|
    |acc_4_7_V_reg_9697              |   33|   0|   33|          0|
    |acc_4_7_V_s_reg_1732            |   33|   0|   33|          0|
    |acc_5_0_V_1_reg_9330            |   33|   0|   33|          0|
    |acc_5_0_V_2_be_reg_3674         |   33|   0|   33|          0|
    |acc_5_0_V_2_reg_2476            |   33|   0|   33|          0|
    |acc_5_0_V_4_reg_5068            |   33|   0|   33|          0|
    |acc_5_0_V_s_reg_1720            |   33|   0|   33|          0|
    |acc_5_1_V_1_reg_9335            |   33|   0|   33|          0|
    |acc_5_1_V_2_be_reg_3642         |   33|   0|   33|          0|
    |acc_5_1_V_2_reg_2465            |   33|   0|   33|          0|
    |acc_5_1_V_4_reg_5056            |   33|   0|   33|          0|
    |acc_5_1_V_s_reg_1708            |   33|   0|   33|          0|
    |acc_5_2_V_1_reg_9500            |   33|   0|   33|          0|
    |acc_5_2_V_2_be_reg_3610         |   33|   0|   33|          0|
    |acc_5_2_V_2_reg_2454            |   33|   0|   33|          0|
    |acc_5_2_V_4_reg_5284            |   33|   0|   33|          0|
    |acc_5_2_V_s_reg_1696            |   33|   0|   33|          0|
    |acc_5_3_V_1_reg_9505            |   33|   0|   33|          0|
    |acc_5_3_V_2_be_reg_3578         |   33|   0|   33|          0|
    |acc_5_3_V_2_reg_2443            |   33|   0|   33|          0|
    |acc_5_3_V_4_reg_5272            |   33|   0|   33|          0|
    |acc_5_3_V_s_reg_1684            |   33|   0|   33|          0|
    |acc_5_4_V_1_reg_9608            |   33|   0|   33|          0|
    |acc_5_4_V_2_be_reg_3546         |   33|   0|   33|          0|
    |acc_5_4_V_2_reg_2432            |   33|   0|   33|          0|
    |acc_5_4_V_4_reg_5476            |   33|   0|   33|          0|
    |acc_5_4_V_s_reg_1672            |   33|   0|   33|          0|
    |acc_5_5_V_1_reg_9613            |   33|   0|   33|          0|
    |acc_5_5_V_2_be_reg_3514         |   33|   0|   33|          0|
    |acc_5_5_V_2_reg_2421            |   33|   0|   33|          0|
    |acc_5_5_V_4_reg_5464            |   33|   0|   33|          0|
    |acc_5_5_V_s_reg_1660            |   33|   0|   33|          0|
    |acc_5_6_V_2_be_reg_3482         |   33|   0|   33|          0|
    |acc_5_6_V_2_reg_2410            |   33|   0|   33|          0|
    |acc_5_6_V_4_reg_5764            |   33|   0|   33|          0|
    |acc_5_6_V_reg_9702              |   33|   0|   33|          0|
    |acc_5_6_V_s_reg_1648            |   33|   0|   33|          0|
    |acc_5_7_V_2_be_reg_3450         |   33|   0|   33|          0|
    |acc_5_7_V_2_reg_2399            |   33|   0|   33|          0|
    |acc_5_7_V_4_reg_5752            |   33|   0|   33|          0|
    |acc_5_7_V_reg_9707              |   33|   0|   33|          0|
    |acc_5_7_V_s_reg_1636            |   33|   0|   33|          0|
    |acc_6_0_V_1_reg_9350            |   33|   0|   33|          0|
    |acc_6_0_V_2_be_reg_3418         |   33|   0|   33|          0|
    |acc_6_0_V_2_reg_2388            |   33|   0|   33|          0|
    |acc_6_0_V_4_reg_5044            |   33|   0|   33|          0|
    |acc_6_0_V_s_reg_1624            |   33|   0|   33|          0|
    |acc_6_1_V_1_reg_9355            |   33|   0|   33|          0|
    |acc_6_1_V_2_be_reg_3386         |   33|   0|   33|          0|
    |acc_6_1_V_2_reg_2377            |   33|   0|   33|          0|
    |acc_6_1_V_4_reg_5032            |   33|   0|   33|          0|
    |acc_6_1_V_s_reg_1612            |   33|   0|   33|          0|
    |acc_6_2_V_1_reg_9510            |   33|   0|   33|          0|
    |acc_6_2_V_2_be_reg_3354         |   33|   0|   33|          0|
    |acc_6_2_V_2_reg_2366            |   33|   0|   33|          0|
    |acc_6_2_V_4_reg_5260            |   33|   0|   33|          0|
    |acc_6_2_V_s_reg_1600            |   33|   0|   33|          0|
    |acc_6_3_V_1_reg_9515            |   33|   0|   33|          0|
    |acc_6_3_V_2_be_reg_3322         |   33|   0|   33|          0|
    |acc_6_3_V_2_reg_2355            |   33|   0|   33|          0|
    |acc_6_3_V_4_reg_5248            |   33|   0|   33|          0|
    |acc_6_3_V_s_reg_1588            |   33|   0|   33|          0|
    |acc_6_4_V_1_reg_9618            |   33|   0|   33|          0|
    |acc_6_4_V_2_be_reg_3290         |   33|   0|   33|          0|
    |acc_6_4_V_2_reg_2344            |   33|   0|   33|          0|
    |acc_6_4_V_4_reg_5452            |   33|   0|   33|          0|
    |acc_6_4_V_s_reg_1576            |   33|   0|   33|          0|
    |acc_6_5_V_1_reg_9623            |   33|   0|   33|          0|
    |acc_6_5_V_2_be_reg_3258         |   33|   0|   33|          0|
    |acc_6_5_V_2_reg_2333            |   33|   0|   33|          0|
    |acc_6_5_V_4_reg_5440            |   33|   0|   33|          0|
    |acc_6_5_V_s_reg_1564            |   33|   0|   33|          0|
    |acc_6_6_V_2_be_reg_3226         |   33|   0|   33|          0|
    |acc_6_6_V_2_reg_2322            |   33|   0|   33|          0|
    |acc_6_6_V_4_reg_5740            |   33|   0|   33|          0|
    |acc_6_6_V_reg_9712              |   33|   0|   33|          0|
    |acc_6_6_V_s_reg_1552            |   33|   0|   33|          0|
    |acc_6_7_V_2_be_reg_3194         |   33|   0|   33|          0|
    |acc_6_7_V_2_reg_2311            |   33|   0|   33|          0|
    |acc_6_7_V_4_reg_5728            |   33|   0|   33|          0|
    |acc_6_7_V_reg_9717              |   33|   0|   33|          0|
    |acc_6_7_V_s_reg_1540            |   33|   0|   33|          0|
    |acc_7_0_V_1_reg_9528            |   33|   0|   33|          0|
    |acc_7_0_V_2_be_reg_3162         |   33|   0|   33|          0|
    |acc_7_0_V_2_reg_2300            |   33|   0|   33|          0|
    |acc_7_0_V_4_reg_5236            |   33|   0|   33|          0|
    |acc_7_0_V_s_reg_1528            |   33|   0|   33|          0|
    |acc_7_1_V_1_reg_9533            |   33|   0|   33|          0|
    |acc_7_1_V_2_be_reg_3130         |   33|   0|   33|          0|
    |acc_7_1_V_2_reg_2289            |   33|   0|   33|          0|
    |acc_7_1_V_4_reg_5224            |   33|   0|   33|          0|
    |acc_7_1_V_s_reg_1516            |   33|   0|   33|          0|
    |acc_7_2_V_1_reg_9538            |   33|   0|   33|          0|
    |acc_7_2_V_2_be_reg_3098         |   33|   0|   33|          0|
    |acc_7_2_V_2_reg_2278            |   33|   0|   33|          0|
    |acc_7_2_V_4_reg_5212            |   33|   0|   33|          0|
    |acc_7_2_V_s_reg_1504            |   33|   0|   33|          0|
    |acc_7_3_V_1_reg_9543            |   33|   0|   33|          0|
    |acc_7_3_V_2_be_reg_3066         |   33|   0|   33|          0|
    |acc_7_3_V_2_reg_2267            |   33|   0|   33|          0|
    |acc_7_3_V_4_reg_5200            |   33|   0|   33|          0|
    |acc_7_3_V_s_reg_1492            |   33|   0|   33|          0|
    |acc_7_4_V_1_reg_9628            |   33|   0|   33|          0|
    |acc_7_4_V_2_be_reg_3034         |   33|   0|   33|          0|
    |acc_7_4_V_2_reg_2256            |   33|   0|   33|          0|
    |acc_7_4_V_4_reg_5428            |   33|   0|   33|          0|
    |acc_7_4_V_s_reg_1480            |   33|   0|   33|          0|
    |acc_7_5_V_1_reg_9633            |   33|   0|   33|          0|
    |acc_7_5_V_2_be_reg_3002         |   33|   0|   33|          0|
    |acc_7_5_V_2_reg_2245            |   33|   0|   33|          0|
    |acc_7_5_V_4_reg_5416            |   33|   0|   33|          0|
    |acc_7_5_V_s_reg_1468            |   33|   0|   33|          0|
    |acc_7_6_V_2_be_reg_2970         |   33|   0|   33|          0|
    |acc_7_6_V_2_reg_2234            |   33|   0|   33|          0|
    |acc_7_6_V_4_reg_5788            |   33|   0|   33|          0|
    |acc_7_6_V_s_reg_1456            |   33|   0|   33|          0|
    |acc_7_7_V_2_be_reg_2938         |   33|   0|   33|          0|
    |acc_7_7_V_2_reg_2223            |   33|   0|   33|          0|
    |acc_7_7_V_4_reg_5776            |   33|   0|   33|          0|
    |acc_7_7_V_s_reg_1444            |   33|   0|   33|          0|
    |ap_CS_fsm                       |   11|   0|   11|          0|
    |ap_enable_reg_pp0_iter0         |    1|   0|    1|          0|
    |ap_enable_reg_pp0_iter1         |    1|   0|    1|          0|
    |ap_enable_reg_pp0_iter2         |    1|   0|    1|          0|
    |ap_enable_reg_pp0_iter3         |    1|   0|    1|          0|
    |ap_enable_reg_pp0_iter4         |    1|   0|    1|          0|
    |ap_enable_reg_pp0_iter5         |    1|   0|    1|          0|
    |ap_enable_reg_pp1_iter0         |    1|   0|    1|          0|
    |ap_enable_reg_pp1_iter1         |    1|   0|    1|          0|
    |arrayNo_reg_8620                |    3|   0|   32|         29|
    |arrayNo_trunc_reg_8515          |    3|   0|    3|          0|
    |base_V_reg_9777                 |   23|   0|   23|          0|
    |base_cast_mid2_reg_8338         |    7|   0|   11|          4|
    |base_cast_mid2_v_reg_8333       |    7|   0|    7|          0|
    |base_reg_1433                   |    7|   0|    7|          0|
    |exitcond2_reg_8416              |    1|   0|    1|          0|
    |exitcond_flatten_reg_9732       |    1|   0|    1|          0|
    |idx_urem1_reg_8815              |    8|   0|    8|          0|
    |idx_urem_reg_8615               |    8|   0|    8|          0|
    |indvar_flatten6_reg_1422        |    5|   0|    5|          0|
    |indvar_flatten_next7_reg_8322   |    5|   0|    5|          0|
    |indvar_flatten_reg_5800         |    7|   0|    7|          0|
    |j_reg_5811                      |    4|   0|    4|          0|
    |k_3_reg_8466                    |    8|   0|    8|          0|
    |k_cast_reg_8420                 |    8|   0|   12|          4|
    |k_reg_4986                      |    8|   0|    8|          0|
    |kw_reg_5021                     |    8|   0|    8|          0|
    |lhs_V_1_reg_9240                |   24|   0|   24|          0|
    |lhs_V_2_reg_9260                |   24|   0|   24|          0|
    |lhs_V_3_reg_9280                |   24|   0|   24|          0|
    |lhs_V_4_reg_9300                |   24|   0|   24|          0|
    |lhs_V_5_reg_9320                |   24|   0|   24|          0|
    |lhs_V_6_reg_9340                |   24|   0|   24|          0|
    |lhs_V_7_reg_9520                |   24|   0|   24|          0|
    |lhs_V_7_reg_9520_pp0_iter5_reg  |   24|   0|   24|          0|
    |lhs_V_reg_9210                  |   24|   0|   24|          0|
    |m3_mid2_reg_9741                |    4|   0|    4|          0|
    |m3_reg_5822                     |    4|   0|    4|          0|
    |m_1_reg_8368                    |    4|   0|    4|          0|
    |m_reg_2927                      |    4|   0|    4|          0|
    |next_mul_reg_8720               |   16|   0|   16|          0|
    |next_urem1_reg_8500             |    8|   0|    8|          0|
    |next_urem_reg_8483              |    8|   0|    8|          0|
    |oc_cast76_cast_reg_8359         |    5|   0|   12|          7|
    |oc_mid2_reg_8327                |    5|   0|    5|          0|
    |oc_reg_2212                     |    5|   0|    5|          0|
    |p_Val2_s_reg_9756               |   33|   0|   33|          0|
    |phi_mul_reg_5009                |   16|   0|   16|          0|
    |phi_urem_reg_4998               |    8|   0|    8|          0|
    |r_V_2_cast_reg_9761             |   23|   0|   23|          0|
    |rhs_V_0_1_reg_9230              |   24|   0|   24|          0|
    |rhs_V_0_6_reg_9638              |   24|   0|   24|          0|
    |rhs_V_0_7_reg_9650              |   24|   0|   24|          0|
    |rhs_V_reg_9220                  |   24|   0|   24|          0|
    |tmp57_reg_8489                  |    4|   0|    4|          0|
    |tmp_101_reg_8810                |   12|   0|   12|          0|
    |tmp_102_reg_9000                |   12|   0|   12|          0|
    |tmp_103_reg_9005                |   12|   0|   12|          0|
    |tmp_104_reg_9120                |   12|   0|   12|          0|
    |tmp_105_reg_9125                |   12|   0|   12|          0|
    |tmp_106_reg_9360                |   12|   0|   12|          0|
    |tmp_107_reg_9365                |   12|   0|   12|          0|
    |tmp_108_reg_9548                |   12|   0|   12|          0|
    |tmp_109_reg_9553                |   12|   0|   12|          0|
    |tmp_114_reg_8348                |    4|   0|    4|          0|
    |tmp_121_reg_8605                |    5|   0|    5|          0|
    |tmp_122_reg_8610                |    5|   0|    5|          0|
    |tmp_123_reg_9010                |    5|   0|    5|          0|
    |tmp_124_reg_9055                |    5|   0|    5|          0|
    |tmp_125_reg_9100                |    5|   0|    5|          0|
    |tmp_126_reg_9105                |    5|   0|    5|          0|
    |tmp_127_reg_9110                |    5|   0|    5|          0|
    |tmp_128_reg_9115                |    5|   0|    5|          0|
    |tmp_129_1_reg_8381              |   11|   0|   12|          1|
    |tmp_129_2_reg_8386              |   11|   0|   12|          1|
    |tmp_129_3_reg_8391              |   10|   0|   12|          2|
    |tmp_129_4_reg_8396              |   11|   0|   12|          1|
    |tmp_129_5_reg_8401              |   11|   0|   12|          1|
    |tmp_129_6_reg_8406              |   11|   0|   12|          1|
    |tmp_129_7_reg_8411              |    9|   0|   12|          3|
    |tmp_130_1_reg_8436              |   12|   0|   12|          0|
    |tmp_130_2_reg_8442              |   12|   0|   12|          0|
    |tmp_130_3_reg_8448              |   12|   0|   12|          0|
    |tmp_130_4_reg_8454              |   12|   0|   12|          0|
    |tmp_130_5_reg_8460              |   12|   0|   12|          0|
    |tmp_130_6_reg_8471              |   12|   0|   12|          0|
    |tmp_130_7_reg_8477              |   12|   0|   12|          0|
    |tmp_130_reg_9752                |    1|   0|    1|          0|
    |tmp_54_reg_8376                 |   11|   0|   12|          1|
    |tmp_60_reg_8494                 |    8|   0|    8|          0|
    |tmp_64_reg_8506                 |   12|   0|   12|          0|
    |tmp_66_reg_8520                 |    9|   0|    9|          0|
    |tmp_68_reg_8820                 |   12|   0|   12|          0|
    |tmp_72_reg_8825                 |   12|   0|   12|          0|
    |tmp_76_reg_8990                 |   12|   0|   12|          0|
    |tmp_80_reg_8995                 |   12|   0|   12|          0|
    |tmp_84_mid2_v_v_reg_9746        |    4|   0|    4|          0|
    |tmp_85_reg_8630                 |   12|   0|   12|          0|
    |tmp_90_reg_8635                 |   12|   0|   12|          0|
    |tmp_91_reg_8430                 |   12|   0|   12|          0|
    |tmp_98_reg_8805                 |   12|   0|   12|          0|
    |tmp_cast_mid2_reg_8343          |    3|   0|    4|          1|
    |tmp_i_67_reg_9772               |    1|   0|    1|          0|
    |tmp_i_reg_9766                  |    1|   0|    1|          0|
    |exitcond2_reg_8416              |   64|  32|    1|          0|
    |tmp_130_1_reg_8436              |   64|  32|   12|          0|
    |tmp_130_2_reg_8442              |   64|  32|   12|          0|
    |tmp_130_3_reg_8448              |   64|  32|   12|          0|
    |tmp_130_4_reg_8454              |   64|  32|   12|          0|
    |tmp_130_5_reg_8460              |   64|  32|   12|          0|
    |tmp_130_6_reg_8471              |   64|  32|   12|          0|
    |tmp_130_7_reg_8477              |   64|  32|   12|          0|
    |tmp_91_reg_8430                 |   64|  32|   12|          0|
    +--------------------------------+-----+----+-----+-----------+
    |Total                           |12125| 288|11702|         56|
    +--------------------------------+-----+----+-----+-----------+



================================================================
== Interface
================================================================
* Summary: 
+----------------------+-----+-----+------------+--------------+--------------+
|       RTL Ports      | Dir | Bits|  Protocol  | Source Object|    C Type    |
+----------------------+-----+-----+------------+--------------+--------------+
|ap_clk                |  in |    1| ap_ctrl_hs |  conv_banked | return value |
|ap_rst                |  in |    1| ap_ctrl_hs |  conv_banked | return value |
|ap_start              |  in |    1| ap_ctrl_hs |  conv_banked | return value |
|ap_done               | out |    1| ap_ctrl_hs |  conv_banked | return value |
|ap_idle               | out |    1| ap_ctrl_hs |  conv_banked | return value |
|ap_ready              | out |    1| ap_ctrl_hs |  conv_banked | return value |
|in_0_V_address0       | out |    7|  ap_memory |    in_0_V    |     array    |
|in_0_V_ce0            | out |    1|  ap_memory |    in_0_V    |     array    |
|in_0_V_q0             |  in |   11|  ap_memory |    in_0_V    |     array    |
|in_0_V_address1       | out |    7|  ap_memory |    in_0_V    |     array    |
|in_0_V_ce1            | out |    1|  ap_memory |    in_0_V    |     array    |
|in_0_V_q1             |  in |   11|  ap_memory |    in_0_V    |     array    |
|in_1_V_address0       | out |    7|  ap_memory |    in_1_V    |     array    |
|in_1_V_ce0            | out |    1|  ap_memory |    in_1_V    |     array    |
|in_1_V_q0             |  in |   11|  ap_memory |    in_1_V    |     array    |
|in_1_V_address1       | out |    7|  ap_memory |    in_1_V    |     array    |
|in_1_V_ce1            | out |    1|  ap_memory |    in_1_V    |     array    |
|in_1_V_q1             |  in |   11|  ap_memory |    in_1_V    |     array    |
|in_2_V_address0       | out |    7|  ap_memory |    in_2_V    |     array    |
|in_2_V_ce0            | out |    1|  ap_memory |    in_2_V    |     array    |
|in_2_V_q0             |  in |   11|  ap_memory |    in_2_V    |     array    |
|in_2_V_address1       | out |    7|  ap_memory |    in_2_V    |     array    |
|in_2_V_ce1            | out |    1|  ap_memory |    in_2_V    |     array    |
|in_2_V_q1             |  in |   11|  ap_memory |    in_2_V    |     array    |
|in_3_V_address0       | out |    7|  ap_memory |    in_3_V    |     array    |
|in_3_V_ce0            | out |    1|  ap_memory |    in_3_V    |     array    |
|in_3_V_q0             |  in |   11|  ap_memory |    in_3_V    |     array    |
|in_3_V_address1       | out |    7|  ap_memory |    in_3_V    |     array    |
|in_3_V_ce1            | out |    1|  ap_memory |    in_3_V    |     array    |
|in_3_V_q1             |  in |   11|  ap_memory |    in_3_V    |     array    |
|in_4_V_address0       | out |    7|  ap_memory |    in_4_V    |     array    |
|in_4_V_ce0            | out |    1|  ap_memory |    in_4_V    |     array    |
|in_4_V_q0             |  in |   11|  ap_memory |    in_4_V    |     array    |
|in_4_V_address1       | out |    7|  ap_memory |    in_4_V    |     array    |
|in_4_V_ce1            | out |    1|  ap_memory |    in_4_V    |     array    |
|in_4_V_q1             |  in |   11|  ap_memory |    in_4_V    |     array    |
|in_5_V_address0       | out |    7|  ap_memory |    in_5_V    |     array    |
|in_5_V_ce0            | out |    1|  ap_memory |    in_5_V    |     array    |
|in_5_V_q0             |  in |   11|  ap_memory |    in_5_V    |     array    |
|in_5_V_address1       | out |    7|  ap_memory |    in_5_V    |     array    |
|in_5_V_ce1            | out |    1|  ap_memory |    in_5_V    |     array    |
|in_5_V_q1             |  in |   11|  ap_memory |    in_5_V    |     array    |
|in_6_V_address0       | out |    7|  ap_memory |    in_6_V    |     array    |
|in_6_V_ce0            | out |    1|  ap_memory |    in_6_V    |     array    |
|in_6_V_q0             |  in |   11|  ap_memory |    in_6_V    |     array    |
|in_6_V_address1       | out |    7|  ap_memory |    in_6_V    |     array    |
|in_6_V_ce1            | out |    1|  ap_memory |    in_6_V    |     array    |
|in_6_V_q1             |  in |   11|  ap_memory |    in_6_V    |     array    |
|in_7_V_address0       | out |    7|  ap_memory |    in_7_V    |     array    |
|in_7_V_ce0            | out |    1|  ap_memory |    in_7_V    |     array    |
|in_7_V_q0             |  in |   11|  ap_memory |    in_7_V    |     array    |
|in_7_V_address1       | out |    7|  ap_memory |    in_7_V    |     array    |
|in_7_V_ce1            | out |    1|  ap_memory |    in_7_V    |     array    |
|in_7_V_q1             |  in |   11|  ap_memory |    in_7_V    |     array    |
|weights_0_V_address0  | out |    9|  ap_memory |  weights_0_V |     array    |
|weights_0_V_ce0       | out |    1|  ap_memory |  weights_0_V |     array    |
|weights_0_V_q0        |  in |   12|  ap_memory |  weights_0_V |     array    |
|weights_0_V_address1  | out |    9|  ap_memory |  weights_0_V |     array    |
|weights_0_V_ce1       | out |    1|  ap_memory |  weights_0_V |     array    |
|weights_0_V_q1        |  in |   12|  ap_memory |  weights_0_V |     array    |
|weights_1_V_address0  | out |    9|  ap_memory |  weights_1_V |     array    |
|weights_1_V_ce0       | out |    1|  ap_memory |  weights_1_V |     array    |
|weights_1_V_q0        |  in |   12|  ap_memory |  weights_1_V |     array    |
|weights_1_V_address1  | out |    9|  ap_memory |  weights_1_V |     array    |
|weights_1_V_ce1       | out |    1|  ap_memory |  weights_1_V |     array    |
|weights_1_V_q1        |  in |   12|  ap_memory |  weights_1_V |     array    |
|weights_2_V_address0  | out |    9|  ap_memory |  weights_2_V |     array    |
|weights_2_V_ce0       | out |    1|  ap_memory |  weights_2_V |     array    |
|weights_2_V_q0        |  in |   12|  ap_memory |  weights_2_V |     array    |
|weights_2_V_address1  | out |    9|  ap_memory |  weights_2_V |     array    |
|weights_2_V_ce1       | out |    1|  ap_memory |  weights_2_V |     array    |
|weights_2_V_q1        |  in |   12|  ap_memory |  weights_2_V |     array    |
|weights_3_V_address0  | out |    9|  ap_memory |  weights_3_V |     array    |
|weights_3_V_ce0       | out |    1|  ap_memory |  weights_3_V |     array    |
|weights_3_V_q0        |  in |   12|  ap_memory |  weights_3_V |     array    |
|weights_3_V_address1  | out |    9|  ap_memory |  weights_3_V |     array    |
|weights_3_V_ce1       | out |    1|  ap_memory |  weights_3_V |     array    |
|weights_3_V_q1        |  in |   12|  ap_memory |  weights_3_V |     array    |
|weights_4_V_address0  | out |    9|  ap_memory |  weights_4_V |     array    |
|weights_4_V_ce0       | out |    1|  ap_memory |  weights_4_V |     array    |
|weights_4_V_q0        |  in |   12|  ap_memory |  weights_4_V |     array    |
|weights_4_V_address1  | out |    9|  ap_memory |  weights_4_V |     array    |
|weights_4_V_ce1       | out |    1|  ap_memory |  weights_4_V |     array    |
|weights_4_V_q1        |  in |   12|  ap_memory |  weights_4_V |     array    |
|weights_5_V_address0  | out |    9|  ap_memory |  weights_5_V |     array    |
|weights_5_V_ce0       | out |    1|  ap_memory |  weights_5_V |     array    |
|weights_5_V_q0        |  in |   12|  ap_memory |  weights_5_V |     array    |
|weights_5_V_address1  | out |    9|  ap_memory |  weights_5_V |     array    |
|weights_5_V_ce1       | out |    1|  ap_memory |  weights_5_V |     array    |
|weights_5_V_q1        |  in |   12|  ap_memory |  weights_5_V |     array    |
|weights_6_V_address0  | out |    9|  ap_memory |  weights_6_V |     array    |
|weights_6_V_ce0       | out |    1|  ap_memory |  weights_6_V |     array    |
|weights_6_V_q0        |  in |   12|  ap_memory |  weights_6_V |     array    |
|weights_6_V_address1  | out |    9|  ap_memory |  weights_6_V |     array    |
|weights_6_V_ce1       | out |    1|  ap_memory |  weights_6_V |     array    |
|weights_6_V_q1        |  in |   12|  ap_memory |  weights_6_V |     array    |
|weights_7_V_address0  | out |    9|  ap_memory |  weights_7_V |     array    |
|weights_7_V_ce0       | out |    1|  ap_memory |  weights_7_V |     array    |
|weights_7_V_q0        |  in |   12|  ap_memory |  weights_7_V |     array    |
|weights_7_V_address1  | out |    9|  ap_memory |  weights_7_V |     array    |
|weights_7_V_ce1       | out |    1|  ap_memory |  weights_7_V |     array    |
|weights_7_V_q1        |  in |   12|  ap_memory |  weights_7_V |     array    |
|out_0_V_address0      | out |    9|  ap_memory |    out_0_V   |     array    |
|out_0_V_ce0           | out |    1|  ap_memory |    out_0_V   |     array    |
|out_0_V_we0           | out |    1|  ap_memory |    out_0_V   |     array    |
|out_0_V_d0            | out |   12|  ap_memory |    out_0_V   |     array    |
|out_1_V_address0      | out |    9|  ap_memory |    out_1_V   |     array    |
|out_1_V_ce0           | out |    1|  ap_memory |    out_1_V   |     array    |
|out_1_V_we0           | out |    1|  ap_memory |    out_1_V   |     array    |
|out_1_V_d0            | out |   12|  ap_memory |    out_1_V   |     array    |
+----------------------+-----+-----+------------+--------------+--------------+

