

================================================================
== Vivado HLS Report for 'conv_banked_1'
================================================================
* Date:           Sun Sep 13 14:12:57 2026

* Version:        2018.3 (Build 2405991 on Thu Dec 06 23:56:15 MST 2018)
* Project:        optimized
* Solution:       solution1
* Product family: zynq
* Target device:  xc7z020clg400-1


================================================================
== Performance Estimates
================================================================
+ Timing (ns): 
    * Summary: 
    +--------+-------+----------+------------+
    |  Clock | Target| Estimated| Uncertainty|
    +--------+-------+----------+------------+
    |ap_clk  |  10.00|     8.650|        1.25|
    +--------+-------+----------+------------+

+ Latency (clock cycles): 
    * Summary: 
    +-------+-------+-------+-------+---------+
    |    Latency    |    Interval   | Pipeline|
    |  min  |  max  |  min  |  max  |   Type  |
    +-------+-------+-------+-------+---------+
    |  13465|  13465|  13465|  13465|   none  |
    +-------+-------+-------+-------+---------+

    + Detail: 
        * Instance: 
        N/A

        * Loop: 
        +-------------+-------+-------+----------+-----------+-----------+------+----------+
        |             |    Latency    | Iteration|  Initiation Interval  | Trip |          |
        |  Loop Name  |  min  |  max  |  Latency |  achieved |   target  | Count| Pipelined|
        +-------------+-------+-------+----------+-----------+-----------+------+----------+
        |- Loop 1     |  13464|  13464|       187|          -|          -|    72|    no    |
        | + Loop 1.1  |     16|     16|         2|          -|          -|     8|    no    |
        | + mac_k     |    103|    103|         7|          4|          1|    25|    yes   |
        | + Loop 1.3  |     49|     49|         3|          1|          1|    48|    yes   |
        +-------------+-------+-------+----------+-----------+-----------+------+----------+



================================================================
== Utilization Estimates
================================================================
* Summary: 
+-----------------+---------+-------+--------+-------+
|       Name      | BRAM_18K| DSP48E|   FF   |  LUT  |
+-----------------+---------+-------+--------+-------+
|DSP              |        -|     49|       -|      -|
|Expression       |        -|      -|       0|    536|
|FIFO             |        -|      -|       -|      -|
|Instance         |        -|      -|     130|    312|
|Memory           |        -|      -|       -|      -|
|Multiplexer      |        -|      -|       -|   1986|
|Register         |        -|      -|    8048|      -|
+-----------------+---------+-------+--------+-------+
|Total            |        0|     49|    8178|   2834|
+-----------------+---------+-------+--------+-------+
|Available        |      280|    220|  106400|  53200|
+-----------------+---------+-------+--------+-------+
|Utilization (%)  |        0|     22|       7|      5|
+-----------------+---------+-------+--------+-------+

+ Detail: 
    * Instance: 
    +--------------------------+----------------------+---------+-------+-----+----+
    |         Instance         |        Module        | BRAM_18K| DSP48E|  FF | LUT|
    +--------------------------+----------------------+---------+-------+-----+----+
    |lenet_acceleratorbkb_U1   |lenet_acceleratorbkb  |        0|      0|  130|  69|
    |lenet_acceleratorcud_U2   |lenet_acceleratorcud  |        0|      0|    0|  27|
    |lenet_acceleratorcud_U3   |lenet_acceleratorcud  |        0|      0|    0|  27|
    |lenet_acceleratorcud_U4   |lenet_acceleratorcud  |        0|      0|    0|  27|
    |lenet_acceleratorcud_U5   |lenet_acceleratorcud  |        0|      0|    0|  27|
    |lenet_acceleratorcud_U6   |lenet_acceleratorcud  |        0|      0|    0|  27|
    |lenet_acceleratorcud_U7   |lenet_acceleratorcud  |        0|      0|    0|  27|
    |lenet_acceleratorcud_U8   |lenet_acceleratorcud  |        0|      0|    0|  27|
    |lenet_acceleratorcud_U9   |lenet_acceleratorcud  |        0|      0|    0|  27|
    |lenet_acceleratordEe_U10  |lenet_acceleratordEe  |        0|      0|    0|  27|
    +--------------------------+----------------------+---------+-------+-----+----+
    |Total                     |                      |        0|      0|  130| 312|
    +--------------------------+----------------------+---------+-------+-----+----+

    * DSP48: 
    +--------------------------+----------------------+--------------+
    |         Instance         |        Module        |  Expression  |
    +--------------------------+----------------------+--------------+
    |lenet_acceleratoreOg_U11  |lenet_acceleratoreOg  |    i0 * i1   |
    |lenet_acceleratorfYi_U12  |lenet_acceleratorfYi  | i0 + i1 * i2 |
    |lenet_acceleratorfYi_U13  |lenet_acceleratorfYi  | i0 + i1 * i2 |
    |lenet_acceleratorfYi_U14  |lenet_acceleratorfYi  | i0 + i1 * i2 |
    |lenet_acceleratorfYi_U15  |lenet_acceleratorfYi  | i0 + i1 * i2 |
    |lenet_acceleratorfYi_U16  |lenet_acceleratorfYi  | i0 + i1 * i2 |
    |lenet_acceleratorfYi_U17  |lenet_acceleratorfYi  | i0 + i1 * i2 |
    |lenet_acceleratorfYi_U18  |lenet_acceleratorfYi  | i0 + i1 * i2 |
    |lenet_acceleratorfYi_U19  |lenet_acceleratorfYi  | i0 + i1 * i2 |
    |lenet_acceleratorfYi_U20  |lenet_acceleratorfYi  | i0 + i1 * i2 |
    |lenet_acceleratorfYi_U21  |lenet_acceleratorfYi  | i0 + i1 * i2 |
    |lenet_acceleratorfYi_U22  |lenet_acceleratorfYi  | i0 + i1 * i2 |
    |lenet_acceleratorfYi_U23  |lenet_acceleratorfYi  | i0 + i1 * i2 |
    |lenet_acceleratorfYi_U24  |lenet_acceleratorfYi  | i0 + i1 * i2 |
    |lenet_acceleratorfYi_U25  |lenet_acceleratorfYi  | i0 + i1 * i2 |
    |lenet_acceleratorfYi_U26  |lenet_acceleratorfYi  | i0 + i1 * i2 |
    |lenet_acceleratorfYi_U27  |lenet_acceleratorfYi  | i0 + i1 * i2 |
    |lenet_acceleratorfYi_U28  |lenet_acceleratorfYi  | i0 + i1 * i2 |
    |lenet_acceleratorfYi_U29  |lenet_acceleratorfYi  | i0 + i1 * i2 |
    |lenet_acceleratorfYi_U30  |lenet_acceleratorfYi  | i0 + i1 * i2 |
    |lenet_acceleratorfYi_U31  |lenet_acceleratorfYi  | i0 + i1 * i2 |
    |lenet_acceleratorfYi_U32  |lenet_acceleratorfYi  | i0 + i1 * i2 |
    |lenet_acceleratorfYi_U33  |lenet_acceleratorfYi  | i0 + i1 * i2 |
    |lenet_acceleratorfYi_U34  |lenet_acceleratorfYi  | i0 + i1 * i2 |
    |lenet_acceleratorfYi_U35  |lenet_acceleratorfYi  | i0 + i1 * i2 |
    |lenet_acceleratorfYi_U36  |lenet_acceleratorfYi  | i0 + i1 * i2 |
    |lenet_acceleratorfYi_U37  |lenet_acceleratorfYi  | i0 + i1 * i2 |
    |lenet_acceleratorfYi_U38  |lenet_acceleratorfYi  | i0 + i1 * i2 |
    |lenet_acceleratorfYi_U39  |lenet_acceleratorfYi  | i0 + i1 * i2 |
    |lenet_acceleratorfYi_U40  |lenet_acceleratorfYi  | i0 + i1 * i2 |
    |lenet_acceleratorfYi_U41  |lenet_acceleratorfYi  | i0 + i1 * i2 |
    |lenet_acceleratorfYi_U42  |lenet_acceleratorfYi  | i0 + i1 * i2 |
    |lenet_acceleratorfYi_U43  |lenet_acceleratorfYi  | i0 + i1 * i2 |
    |lenet_acceleratorfYi_U44  |lenet_acceleratorfYi  | i0 + i1 * i2 |
    |lenet_acceleratorfYi_U45  |lenet_acceleratorfYi  | i0 + i1 * i2 |
    |lenet_acceleratorfYi_U46  |lenet_acceleratorfYi  | i0 + i1 * i2 |
    |lenet_acceleratorfYi_U47  |lenet_acceleratorfYi  | i0 + i1 * i2 |
    |lenet_acceleratorfYi_U48  |lenet_acceleratorfYi  | i0 + i1 * i2 |
    |lenet_acceleratorfYi_U49  |lenet_acceleratorfYi  | i0 + i1 * i2 |
    |lenet_acceleratorfYi_U50  |lenet_acceleratorfYi  | i0 + i1 * i2 |
    |lenet_acceleratorfYi_U51  |lenet_acceleratorfYi  | i0 + i1 * i2 |
    |lenet_acceleratorfYi_U52  |lenet_acceleratorfYi  | i0 + i1 * i2 |
    |lenet_acceleratorfYi_U53  |lenet_acceleratorfYi  | i0 + i1 * i2 |
    |lenet_acceleratorfYi_U54  |lenet_acceleratorfYi  | i0 + i1 * i2 |
    |lenet_acceleratorfYi_U55  |lenet_acceleratorfYi  | i0 + i1 * i2 |
    |lenet_acceleratorfYi_U56  |lenet_acceleratorfYi  | i0 + i1 * i2 |
    |lenet_acceleratorfYi_U57  |lenet_acceleratorfYi  | i0 + i1 * i2 |
    |lenet_acceleratorfYi_U58  |lenet_acceleratorfYi  | i0 + i1 * i2 |
    |lenet_acceleratorfYi_U59  |lenet_acceleratorfYi  | i0 + i1 * i2 |
    +--------------------------+----------------------+--------------+

    * Memory: 
    N/A

    * FIFO: 
    N/A

    * Expression: 
    +--------------------------------+----------+-------+---+----+------------+------------+
    |          Variable Name         | Operation| DSP48E| FF| LUT| Bitwidth P0| Bitwidth P1|
    +--------------------------------+----------+-------+---+----+------------+------------+
    |arrayNo_trunc_fu_4326_p2        |     +    |      0|  0|   8|           3|           3|
    |base_1_fu_5169_p2               |     +    |      0|  0|  14|          10|           4|
    |base_V_fu_5066_p2               |     +    |      0|  0|  30|           1|          23|
    |indvar_flatten_next_fu_4821_p2  |     +    |      0|  0|  15|           6|           1|
    |j_s_fu_4827_p2                  |     +    |      0|  0|  12|           1|           3|
    |k_4_fu_4499_p2                  |     +    |      0|  0|  15|           5|           1|
    |m_5_fu_4216_p2                  |     +    |      0|  0|  13|           4|           1|
    |m_7_fu_4897_p2                  |     +    |      0|  0|  13|           4|           1|
    |next_mul_fu_4505_p2             |     +    |      0|  0|  13|           6|          11|
    |next_urem_fu_4298_p2            |     +    |      0|  0|  15|           1|           5|
    |tmp48_fu_5107_p2                |     +    |      0|  0|  14|          10|          10|
    |tmp50_fu_4312_p2                |     +    |      0|  0|   8|          11|          11|
    |tmp51_fu_4322_p2                |     +    |      0|  0|   8|           3|           3|
    |tmp_151_0_1_fu_4358_p2          |     +    |      0|  0|  13|           1|          11|
    |tmp_151_0_2_fu_4437_p2          |     +    |      0|  0|  13|           2|          11|
    |tmp_151_0_3_fu_4468_p2          |     +    |      0|  0|  13|           2|          11|
    |tmp_151_0_4_fu_4553_p2          |     +    |      0|  0|  13|           3|          11|
    |tmp_151_0_5_fu_4584_p2          |     +    |      0|  0|  13|           3|          11|
    |tmp_151_0_6_fu_4693_p2          |     +    |      0|  0|  13|           3|          11|
    |tmp_151_0_7_fu_4724_p2          |     +    |      0|  0|  13|           3|          11|
    |tmp_59_fu_4249_p2               |     +    |      0|  0|  15|           5|           5|
    |tmp_87_fu_5117_p2               |     +    |      0|  0|  12|          12|          12|
    |tmp_90_fu_4891_p2               |     +    |      0|  0|   8|           6|           6|
    |tmp_s_fu_4317_p2                |     +    |      0|  0|   8|          11|          11|
    |tmp_60_fu_4278_p2               |     -    |      0|  0|  13|          11|          11|
    |tmp_88_fu_4885_p2               |     -    |      0|  0|   8|           6|           6|
    |sel_tmp2_fu_5054_p2             |    and   |      0|  0|   2|           1|           1|
    |tmp49_fu_5048_p2                |    and   |      0|  0|   2|           1|           1|
    |exitcond1_fu_4229_p2            |   icmp   |      0|  0|  11|           5|           4|
    |exitcond5_fu_4833_p2            |   icmp   |      0|  0|  11|           4|           5|
    |exitcond9_fu_4210_p2            |   icmp   |      0|  0|  11|           4|           5|
    |exitcond_flatten_fu_4815_p2     |   icmp   |      0|  0|  11|           6|           6|
    |icmp_fu_5090_p2                 |   icmp   |      0|  0|  13|          12|           1|
    |tmp_32_i_fu_5123_p2             |   icmp   |      0|  0|  18|          23|          13|
    |tmp_92_fu_4639_p2               |   icmp   |      0|  0|  11|           5|           3|
    |tmp_fu_4181_p2                  |   icmp   |      0|  0|  13|          10|          10|
    |tmp_i_59_fu_5036_p2             |   icmp   |      0|  0|  13|          11|          12|
    |tmp_i_fu_5030_p2                |   icmp   |      0|  0|  13|          11|          12|
    |round_up_fu_5060_p2             |    or    |      0|  0|   2|           1|           1|
    |tmp_93_fu_5138_p2               |    or    |      0|  0|   2|           1|           1|
    |idx_urem_fu_4644_p3             |  select  |      0|  0|   5|           1|           5|
    |m7_mid2_fu_4839_p3              |  select  |      0|  0|   4|           1|           1|
    |p_Repl2_s_fu_5143_p3            |  select  |      0|  0|  12|           1|          12|
    |p_i_fu_5072_p3                  |  select  |      0|  0|  23|           1|          23|
    |p_shl2_mid2_v_v_fu_4847_p3      |  select  |      0|  0|   3|           1|           3|
    |raw_V_3_fu_5131_p3              |  select  |      0|  0|  13|           1|          11|
    |ap_enable_pp0                   |    xor   |      0|  0|   2|           1|           2|
    |ap_enable_pp1                   |    xor   |      0|  0|   2|           1|           2|
    |ap_enable_reg_pp0_iter1         |    xor   |      0|  0|   2|           2|           1|
    |ap_enable_reg_pp1_iter1         |    xor   |      0|  0|   2|           2|           1|
    |sel_tmp_fu_5042_p2              |    xor   |      0|  0|   2|           1|           2|
    +--------------------------------+----------+-------+---+----+------------+------------+
    |Total                           |          |      0|  0| 536|         241|         343|
    +--------------------------------+----------+-------+---+----+------------+------------+

    * Multiplexer: 
    +------------------------------------+-----+-----------+-----+-----------+
    |                Name                | LUT | Input Size| Bits| Total Bits|
    +------------------------------------+-----+-----------+-----+-----------+
    |acc_0_0_V_1_reg_3669                |    9|          2|   33|         66|
    |acc_0_0_V_2_be_reg_3505             |    9|          2|   33|         66|
    |acc_0_0_V_2_reg_1979                |    9|          2|   33|         66|
    |acc_0_1_V_1_reg_3657                |    9|          2|   33|         66|
    |acc_0_1_V_2_be_reg_3473             |    9|          2|   33|         66|
    |acc_0_1_V_2_reg_1968                |    9|          2|   33|         66|
    |acc_0_2_V_1_reg_3645                |    9|          2|   33|         66|
    |acc_0_2_V_2_be_reg_3441             |    9|          2|   33|         66|
    |acc_0_2_V_2_reg_1957                |    9|          2|   33|         66|
    |acc_0_3_V_1_reg_3633                |    9|          2|   33|         66|
    |acc_0_3_V_2_be_reg_3409             |    9|          2|   33|         66|
    |acc_0_3_V_2_reg_1946                |    9|          2|   33|         66|
    |acc_0_4_V_1_reg_3621                |    9|          2|   33|         66|
    |acc_0_4_V_2_be_reg_3377             |    9|          2|   33|         66|
    |acc_0_4_V_2_reg_1935                |    9|          2|   33|         66|
    |acc_0_5_V_1_reg_3609                |    9|          2|   33|         66|
    |acc_0_5_V_2_be_reg_3345             |    9|          2|   33|         66|
    |acc_0_5_V_2_reg_1924                |    9|          2|   33|         66|
    |acc_1_0_V_1_reg_3597                |    9|          2|   33|         66|
    |acc_1_0_V_be_reg_3313               |    9|          2|   33|         66|
    |acc_1_0_V_s_reg_1913                |    9|          2|   33|         66|
    |acc_1_1_V_1_reg_3585                |    9|          2|   33|         66|
    |acc_1_1_V_be_reg_3281               |    9|          2|   33|         66|
    |acc_1_1_V_s_reg_1902                |    9|          2|   33|         66|
    |acc_1_2_V_1_reg_3573                |    9|          2|   33|         66|
    |acc_1_2_V_be_reg_3249               |    9|          2|   33|         66|
    |acc_1_2_V_s_reg_1891                |    9|          2|   33|         66|
    |acc_1_3_V_1_reg_3561                |    9|          2|   33|         66|
    |acc_1_3_V_be_reg_3217               |    9|          2|   33|         66|
    |acc_1_3_V_s_reg_1880                |    9|          2|   33|         66|
    |acc_1_4_V_1_reg_3549                |    9|          2|   33|         66|
    |acc_1_4_V_be_reg_3185               |    9|          2|   33|         66|
    |acc_1_4_V_s_reg_1869                |    9|          2|   33|         66|
    |acc_1_5_V_1_reg_3537                |    9|          2|   33|         66|
    |acc_1_5_V_be_reg_3153               |    9|          2|   33|         66|
    |acc_1_5_V_s_reg_1858                |    9|          2|   33|         66|
    |acc_2_0_V_1_reg_3837                |    9|          2|   33|         66|
    |acc_2_0_V_be_reg_3121               |    9|          2|   33|         66|
    |acc_2_0_V_s_reg_1847                |    9|          2|   33|         66|
    |acc_2_1_V_1_reg_3825                |    9|          2|   33|         66|
    |acc_2_1_V_be_reg_3089               |    9|          2|   33|         66|
    |acc_2_1_V_s_reg_1836                |    9|          2|   33|         66|
    |acc_2_2_V_1_reg_3813                |    9|          2|   33|         66|
    |acc_2_2_V_be_reg_3057               |    9|          2|   33|         66|
    |acc_2_2_V_s_reg_1825                |    9|          2|   33|         66|
    |acc_2_3_V_1_reg_3801                |    9|          2|   33|         66|
    |acc_2_3_V_be_reg_3025               |    9|          2|   33|         66|
    |acc_2_3_V_s_reg_1814                |    9|          2|   33|         66|
    |acc_2_4_V_1_reg_3789                |    9|          2|   33|         66|
    |acc_2_4_V_be_reg_2993               |    9|          2|   33|         66|
    |acc_2_4_V_s_reg_1803                |    9|          2|   33|         66|
    |acc_2_5_V_1_reg_3777                |    9|          2|   33|         66|
    |acc_2_5_V_be_reg_2961               |    9|          2|   33|         66|
    |acc_2_5_V_s_reg_1792                |    9|          2|   33|         66|
    |acc_3_0_V_1_reg_3765                |    9|          2|   33|         66|
    |acc_3_0_V_be_reg_2929               |    9|          2|   33|         66|
    |acc_3_0_V_s_reg_1781                |    9|          2|   33|         66|
    |acc_3_1_V_1_reg_3753                |    9|          2|   33|         66|
    |acc_3_1_V_be_reg_2897               |    9|          2|   33|         66|
    |acc_3_1_V_s_reg_1770                |    9|          2|   33|         66|
    |acc_3_2_V_1_reg_3741                |    9|          2|   33|         66|
    |acc_3_2_V_be_reg_2865               |    9|          2|   33|         66|
    |acc_3_2_V_s_reg_1759                |    9|          2|   33|         66|
    |acc_3_3_V_1_reg_3729                |    9|          2|   33|         66|
    |acc_3_3_V_be_reg_2833               |    9|          2|   33|         66|
    |acc_3_3_V_s_reg_1748                |    9|          2|   33|         66|
    |acc_3_4_V_1_reg_3717                |    9|          2|   33|         66|
    |acc_3_4_V_be_reg_2801               |    9|          2|   33|         66|
    |acc_3_4_V_s_reg_1737                |    9|          2|   33|         66|
    |acc_3_5_V_1_reg_3705                |    9|          2|   33|         66|
    |acc_3_5_V_be_reg_2769               |    9|          2|   33|         66|
    |acc_3_5_V_s_reg_1726                |    9|          2|   33|         66|
    |acc_4_0_V_1_reg_3992                |    9|          2|   33|         66|
    |acc_4_0_V_be_reg_2737               |    9|          2|   33|         66|
    |acc_4_0_V_s_reg_1715                |    9|          2|   33|         66|
    |acc_4_1_V_1_reg_3980                |    9|          2|   33|         66|
    |acc_4_1_V_be_reg_2705               |    9|          2|   33|         66|
    |acc_4_1_V_s_reg_1704                |    9|          2|   33|         66|
    |acc_4_2_V_1_reg_3968                |    9|          2|   33|         66|
    |acc_4_2_V_be_reg_2673               |    9|          2|   33|         66|
    |acc_4_2_V_s_reg_1693                |    9|          2|   33|         66|
    |acc_4_3_V_1_reg_3956                |    9|          2|   33|         66|
    |acc_4_3_V_be_reg_2641               |    9|          2|   33|         66|
    |acc_4_3_V_s_reg_1682                |    9|          2|   33|         66|
    |acc_4_4_V_1_reg_3944                |    9|          2|   33|         66|
    |acc_4_4_V_be_reg_2609               |    9|          2|   33|         66|
    |acc_4_4_V_s_reg_1671                |    9|          2|   33|         66|
    |acc_4_5_V_1_reg_3932                |    9|          2|   33|         66|
    |acc_4_5_V_be_reg_2577               |    9|          2|   33|         66|
    |acc_4_5_V_s_reg_1660                |    9|          2|   33|         66|
    |acc_5_0_V_1_reg_3920                |    9|          2|   33|         66|
    |acc_5_0_V_be_reg_2545               |    9|          2|   33|         66|
    |acc_5_0_V_s_reg_1649                |    9|          2|   33|         66|
    |acc_5_1_V_1_reg_3908                |    9|          2|   33|         66|
    |acc_5_1_V_be_reg_2513               |    9|          2|   33|         66|
    |acc_5_1_V_s_reg_1638                |    9|          2|   33|         66|
    |acc_5_2_V_1_reg_3896                |    9|          2|   33|         66|
    |acc_5_2_V_be_reg_2481               |    9|          2|   33|         66|
    |acc_5_2_V_s_reg_1627                |    9|          2|   33|         66|
    |acc_5_3_V_1_reg_3884                |    9|          2|   33|         66|
    |acc_5_3_V_be_reg_2449               |    9|          2|   33|         66|
    |acc_5_3_V_s_reg_1616                |    9|          2|   33|         66|
    |acc_5_4_V_1_reg_3872                |    9|          2|   33|         66|
    |acc_5_4_V_be_reg_2417               |    9|          2|   33|         66|
    |acc_5_4_V_s_reg_1605                |    9|          2|   33|         66|
    |acc_5_5_V_1_reg_3860                |    9|          2|   33|         66|
    |acc_5_5_V_be_reg_2385               |    9|          2|   33|         66|
    |acc_5_5_V_s_reg_1594                |    9|          2|   33|         66|
    |acc_6_0_V_1_reg_4136                |    9|          2|   33|         66|
    |acc_6_0_V_be_reg_2353               |    9|          2|   33|         66|
    |acc_6_0_V_s_reg_1583                |    9|          2|   33|         66|
    |acc_6_1_V_1_reg_4124                |    9|          2|   33|         66|
    |acc_6_1_V_be_reg_2321               |    9|          2|   33|         66|
    |acc_6_1_V_s_reg_1572                |    9|          2|   33|         66|
    |acc_6_2_V_1_reg_4112                |    9|          2|   33|         66|
    |acc_6_2_V_be_reg_2289               |    9|          2|   33|         66|
    |acc_6_2_V_s_reg_1561                |    9|          2|   33|         66|
    |acc_6_3_V_1_reg_4100                |    9|          2|   33|         66|
    |acc_6_3_V_be_reg_2257               |    9|          2|   33|         66|
    |acc_6_3_V_s_reg_1550                |    9|          2|   33|         66|
    |acc_6_4_V_1_reg_4088                |    9|          2|   33|         66|
    |acc_6_4_V_be_reg_2225               |    9|          2|   33|         66|
    |acc_6_4_V_s_reg_1539                |    9|          2|   33|         66|
    |acc_6_5_V_1_reg_4076                |    9|          2|   33|         66|
    |acc_6_5_V_be_reg_2193               |    9|          2|   33|         66|
    |acc_6_5_V_s_reg_1528                |    9|          2|   33|         66|
    |acc_7_0_V_1_reg_4064                |    9|          2|   33|         66|
    |acc_7_0_V_be_reg_2161               |    9|          2|   33|         66|
    |acc_7_0_V_s_reg_1517                |    9|          2|   33|         66|
    |acc_7_1_V_1_reg_4052                |    9|          2|   33|         66|
    |acc_7_1_V_be_reg_2129               |    9|          2|   33|         66|
    |acc_7_1_V_s_reg_1506                |    9|          2|   33|         66|
    |acc_7_2_V_1_reg_4040                |    9|          2|   33|         66|
    |acc_7_2_V_be_reg_2097               |    9|          2|   33|         66|
    |acc_7_2_V_s_reg_1495                |    9|          2|   33|         66|
    |acc_7_3_V_1_reg_4028                |    9|          2|   33|         66|
    |acc_7_3_V_be_reg_2065               |    9|          2|   33|         66|
    |acc_7_3_V_s_reg_1484                |    9|          2|   33|         66|
    |acc_7_4_V_1_reg_4016                |    9|          2|   33|         66|
    |acc_7_4_V_be_reg_2033               |    9|          2|   33|         66|
    |acc_7_4_V_s_reg_1473                |    9|          2|   33|         66|
    |acc_7_5_V_1_reg_4004                |    9|          2|   33|         66|
    |acc_7_5_V_be_reg_2001               |    9|          2|   33|         66|
    |acc_7_5_V_s_reg_1462                |    9|          2|   33|         66|
    |ap_NS_fsm                           |  117|         25|    1|         25|
    |ap_enable_reg_pp0_iter1             |   15|          3|    1|          3|
    |ap_enable_reg_pp1_iter1             |    9|          2|    1|          2|
    |ap_enable_reg_pp1_iter2             |    9|          2|    1|          2|
    |ap_phi_mux_j_phi_fu_4163_p4         |    9|          2|    3|          6|
    |ap_phi_mux_k_phi_fu_3685_p4         |    9|          2|    5|         10|
    |ap_phi_mux_phi_mul_phi_fu_3697_p4   |    9|          2|   11|         22|
    |ap_phi_mux_phi_urem_phi_fu_3853_p4  |    9|          2|    5|         10|
    |base_reg_1450                       |    9|          2|   10|         20|
    |in_0_V_address0                     |   27|          5|    7|         35|
    |in_0_V_address1                     |   27|          5|    7|         35|
    |in_1_V_address0                     |   27|          5|    7|         35|
    |in_1_V_address1                     |   27|          5|    7|         35|
    |in_2_V_address0                     |   27|          5|    7|         35|
    |in_2_V_address1                     |   27|          5|    7|         35|
    |in_3_V_address0                     |   27|          5|    7|         35|
    |in_3_V_address1                     |   27|          5|    7|         35|
    |in_4_V_address0                     |   27|          5|    7|         35|
    |in_4_V_address1                     |   27|          5|    7|         35|
    |in_5_V_address0                     |   27|          5|    7|         35|
    |in_5_V_address1                     |   27|          5|    7|         35|
    |in_6_V_address0                     |   27|          5|    7|         35|
    |in_6_V_address1                     |   27|          5|    7|         35|
    |in_7_V_address0                     |   27|          5|    7|         35|
    |in_7_V_address1                     |   27|          5|    7|         35|
    |indvar_flatten_reg_4148             |    9|          2|    6|         12|
    |j_reg_4159                          |    9|          2|    3|          6|
    |k_reg_3681                          |    9|          2|    5|         10|
    |m7_reg_4170                         |    9|          2|    4|          8|
    |m_reg_1990                          |    9|          2|    4|          8|
    |phi_mul_reg_3693                    |    9|          2|   11|         22|
    |phi_urem_reg_3849                   |    9|          2|    5|         10|
    +------------------------------------+-----+-----------+-----+-----------+
    |Total                               | 1986|        424| 4940|      10240|
    +------------------------------------+-----+-----------+-----+-----------+

    * Register: 
    +-----------------------------------------+----+----+-----+-----------+
    |                   Name                  | FF | LUT| Bits| Const Bits|
    +-----------------------------------------+----+----+-----+-----------+
    |acc_0_0_V_1_reg_3669                     |  33|   0|   33|          0|
    |acc_0_0_V_2_be_reg_3505                  |  33|   0|   33|          0|
    |acc_0_0_V_2_reg_1979                     |  33|   0|   33|          0|
    |acc_0_0_V_6_reg_5950                     |  33|   0|   33|          0|
    |acc_0_0_V_reg_1438                       |  33|   0|   33|          0|
    |acc_0_1_V_1_reg_3657                     |  33|   0|   33|          0|
    |acc_0_1_V_2_be_reg_3473                  |  33|   0|   33|          0|
    |acc_0_1_V_2_reg_1968                     |  33|   0|   33|          0|
    |acc_0_1_V_6_reg_5965                     |  33|   0|   33|          0|
    |acc_0_1_V_reg_1426                       |  33|   0|   33|          0|
    |acc_0_2_V_1_reg_3645                     |  33|   0|   33|          0|
    |acc_0_2_V_2_be_reg_3441                  |  33|   0|   33|          0|
    |acc_0_2_V_2_reg_1957                     |  33|   0|   33|          0|
    |acc_0_2_V_6_reg_5980                     |  33|   0|   33|          0|
    |acc_0_2_V_reg_1414                       |  33|   0|   33|          0|
    |acc_0_3_V_1_reg_3633                     |  33|   0|   33|          0|
    |acc_0_3_V_2_be_reg_3409                  |  33|   0|   33|          0|
    |acc_0_3_V_2_reg_1946                     |  33|   0|   33|          0|
    |acc_0_3_V_6_reg_5995                     |  33|   0|   33|          0|
    |acc_0_3_V_reg_1402                       |  33|   0|   33|          0|
    |acc_0_4_V_1_reg_3621                     |  33|   0|   33|          0|
    |acc_0_4_V_2_be_reg_3377                  |  33|   0|   33|          0|
    |acc_0_4_V_2_reg_1935                     |  33|   0|   33|          0|
    |acc_0_4_V_6_reg_6010                     |  33|   0|   33|          0|
    |acc_0_4_V_reg_1390                       |  33|   0|   33|          0|
    |acc_0_5_V_1_reg_3609                     |  33|   0|   33|          0|
    |acc_0_5_V_2_be_reg_3345                  |  33|   0|   33|          0|
    |acc_0_5_V_2_reg_1924                     |  33|   0|   33|          0|
    |acc_0_5_V_4_reg_6025                     |  33|   0|   33|          0|
    |acc_0_5_V_reg_1378                       |  33|   0|   33|          0|
    |acc_1_0_V_1_reg_3597                     |  33|   0|   33|          0|
    |acc_1_0_V_2_reg_6030                     |  33|   0|   33|          0|
    |acc_1_0_V_be_reg_3313                    |  33|   0|   33|          0|
    |acc_1_0_V_reg_1366                       |  33|   0|   33|          0|
    |acc_1_0_V_s_reg_1913                     |  33|   0|   33|          0|
    |acc_1_1_V_1_reg_3585                     |  33|   0|   33|          0|
    |acc_1_1_V_2_reg_6035                     |  33|   0|   33|          0|
    |acc_1_1_V_be_reg_3281                    |  33|   0|   33|          0|
    |acc_1_1_V_reg_1354                       |  33|   0|   33|          0|
    |acc_1_1_V_s_reg_1902                     |  33|   0|   33|          0|
    |acc_1_2_V_1_reg_3573                     |  33|   0|   33|          0|
    |acc_1_2_V_2_reg_6040                     |  33|   0|   33|          0|
    |acc_1_2_V_be_reg_3249                    |  33|   0|   33|          0|
    |acc_1_2_V_reg_1342                       |  33|   0|   33|          0|
    |acc_1_2_V_s_reg_1891                     |  33|   0|   33|          0|
    |acc_1_3_V_1_reg_3561                     |  33|   0|   33|          0|
    |acc_1_3_V_2_reg_6045                     |  33|   0|   33|          0|
    |acc_1_3_V_be_reg_3217                    |  33|   0|   33|          0|
    |acc_1_3_V_reg_1330                       |  33|   0|   33|          0|
    |acc_1_3_V_s_reg_1880                     |  33|   0|   33|          0|
    |acc_1_4_V_1_reg_3549                     |  33|   0|   33|          0|
    |acc_1_4_V_2_reg_6050                     |  33|   0|   33|          0|
    |acc_1_4_V_be_reg_3185                    |  33|   0|   33|          0|
    |acc_1_4_V_reg_1318                       |  33|   0|   33|          0|
    |acc_1_4_V_s_reg_1869                     |  33|   0|   33|          0|
    |acc_1_5_V_1_reg_3537                     |  33|   0|   33|          0|
    |acc_1_5_V_2_reg_6055                     |  33|   0|   33|          0|
    |acc_1_5_V_be_reg_3153                    |  33|   0|   33|          0|
    |acc_1_5_V_reg_1306                       |  33|   0|   33|          0|
    |acc_1_5_V_s_reg_1858                     |  33|   0|   33|          0|
    |acc_2_0_V_1_reg_3837                     |  33|   0|   33|          0|
    |acc_2_0_V_2_reg_6155                     |  33|   0|   33|          0|
    |acc_2_0_V_be_reg_3121                    |  33|   0|   33|          0|
    |acc_2_0_V_reg_1294                       |  33|   0|   33|          0|
    |acc_2_0_V_s_reg_1847                     |  33|   0|   33|          0|
    |acc_2_1_V_1_reg_3825                     |  33|   0|   33|          0|
    |acc_2_1_V_2_reg_6160                     |  33|   0|   33|          0|
    |acc_2_1_V_be_reg_3089                    |  33|   0|   33|          0|
    |acc_2_1_V_reg_1282                       |  33|   0|   33|          0|
    |acc_2_1_V_s_reg_1836                     |  33|   0|   33|          0|
    |acc_2_2_V_1_reg_3813                     |  33|   0|   33|          0|
    |acc_2_2_V_2_reg_6165                     |  33|   0|   33|          0|
    |acc_2_2_V_be_reg_3057                    |  33|   0|   33|          0|
    |acc_2_2_V_reg_1270                       |  33|   0|   33|          0|
    |acc_2_2_V_s_reg_1825                     |  33|   0|   33|          0|
    |acc_2_3_V_1_reg_3801                     |  33|   0|   33|          0|
    |acc_2_3_V_2_reg_6170                     |  33|   0|   33|          0|
    |acc_2_3_V_be_reg_3025                    |  33|   0|   33|          0|
    |acc_2_3_V_reg_1258                       |  33|   0|   33|          0|
    |acc_2_3_V_s_reg_1814                     |  33|   0|   33|          0|
    |acc_2_4_V_1_reg_3789                     |  33|   0|   33|          0|
    |acc_2_4_V_2_reg_6175                     |  33|   0|   33|          0|
    |acc_2_4_V_be_reg_2993                    |  33|   0|   33|          0|
    |acc_2_4_V_reg_1246                       |  33|   0|   33|          0|
    |acc_2_4_V_s_reg_1803                     |  33|   0|   33|          0|
    |acc_2_5_V_1_reg_3777                     |  33|   0|   33|          0|
    |acc_2_5_V_2_reg_6180                     |  33|   0|   33|          0|
    |acc_2_5_V_be_reg_2961                    |  33|   0|   33|          0|
    |acc_2_5_V_reg_1234                       |  33|   0|   33|          0|
    |acc_2_5_V_s_reg_1792                     |  33|   0|   33|          0|
    |acc_3_0_V_1_reg_3765                     |  33|   0|   33|          0|
    |acc_3_0_V_2_reg_6185                     |  33|   0|   33|          0|
    |acc_3_0_V_be_reg_2929                    |  33|   0|   33|          0|
    |acc_3_0_V_reg_1222                       |  33|   0|   33|          0|
    |acc_3_0_V_s_reg_1781                     |  33|   0|   33|          0|
    |acc_3_1_V_1_reg_3753                     |  33|   0|   33|          0|
    |acc_3_1_V_2_reg_6190                     |  33|   0|   33|          0|
    |acc_3_1_V_be_reg_2897                    |  33|   0|   33|          0|
    |acc_3_1_V_reg_1210                       |  33|   0|   33|          0|
    |acc_3_1_V_s_reg_1770                     |  33|   0|   33|          0|
    |acc_3_2_V_1_reg_3741                     |  33|   0|   33|          0|
    |acc_3_2_V_2_reg_6195                     |  33|   0|   33|          0|
    |acc_3_2_V_be_reg_2865                    |  33|   0|   33|          0|
    |acc_3_2_V_reg_1198                       |  33|   0|   33|          0|
    |acc_3_2_V_s_reg_1759                     |  33|   0|   33|          0|
    |acc_3_3_V_1_reg_3729                     |  33|   0|   33|          0|
    |acc_3_3_V_2_reg_6200                     |  33|   0|   33|          0|
    |acc_3_3_V_be_reg_2833                    |  33|   0|   33|          0|
    |acc_3_3_V_reg_1186                       |  33|   0|   33|          0|
    |acc_3_3_V_s_reg_1748                     |  33|   0|   33|          0|
    |acc_3_4_V_1_reg_3717                     |  33|   0|   33|          0|
    |acc_3_4_V_2_reg_6205                     |  33|   0|   33|          0|
    |acc_3_4_V_be_reg_2801                    |  33|   0|   33|          0|
    |acc_3_4_V_reg_1174                       |  33|   0|   33|          0|
    |acc_3_4_V_s_reg_1737                     |  33|   0|   33|          0|
    |acc_3_5_V_1_reg_3705                     |  33|   0|   33|          0|
    |acc_3_5_V_2_reg_6210                     |  33|   0|   33|          0|
    |acc_3_5_V_be_reg_2769                    |  33|   0|   33|          0|
    |acc_3_5_V_reg_1162                       |  33|   0|   33|          0|
    |acc_3_5_V_s_reg_1726                     |  33|   0|   33|          0|
    |acc_4_0_V_1_reg_3992                     |  33|   0|   33|          0|
    |acc_4_0_V_2_reg_6225                     |  33|   0|   33|          0|
    |acc_4_0_V_be_reg_2737                    |  33|   0|   33|          0|
    |acc_4_0_V_reg_1150                       |  33|   0|   33|          0|
    |acc_4_0_V_s_reg_1715                     |  33|   0|   33|          0|
    |acc_4_1_V_1_reg_3980                     |  33|   0|   33|          0|
    |acc_4_1_V_2_reg_6230                     |  33|   0|   33|          0|
    |acc_4_1_V_be_reg_2705                    |  33|   0|   33|          0|
    |acc_4_1_V_reg_1138                       |  33|   0|   33|          0|
    |acc_4_1_V_s_reg_1704                     |  33|   0|   33|          0|
    |acc_4_2_V_1_reg_3968                     |  33|   0|   33|          0|
    |acc_4_2_V_2_reg_6235                     |  33|   0|   33|          0|
    |acc_4_2_V_be_reg_2673                    |  33|   0|   33|          0|
    |acc_4_2_V_reg_1126                       |  33|   0|   33|          0|
    |acc_4_2_V_s_reg_1693                     |  33|   0|   33|          0|
    |acc_4_3_V_1_reg_3956                     |  33|   0|   33|          0|
    |acc_4_3_V_2_reg_6240                     |  33|   0|   33|          0|
    |acc_4_3_V_be_reg_2641                    |  33|   0|   33|          0|
    |acc_4_3_V_reg_1114                       |  33|   0|   33|          0|
    |acc_4_3_V_s_reg_1682                     |  33|   0|   33|          0|
    |acc_4_4_V_1_reg_3944                     |  33|   0|   33|          0|
    |acc_4_4_V_2_reg_6245                     |  33|   0|   33|          0|
    |acc_4_4_V_be_reg_2609                    |  33|   0|   33|          0|
    |acc_4_4_V_reg_1102                       |  33|   0|   33|          0|
    |acc_4_4_V_s_reg_1671                     |  33|   0|   33|          0|
    |acc_4_5_V_1_reg_3932                     |  33|   0|   33|          0|
    |acc_4_5_V_2_reg_6250                     |  33|   0|   33|          0|
    |acc_4_5_V_be_reg_2577                    |  33|   0|   33|          0|
    |acc_4_5_V_reg_1090                       |  33|   0|   33|          0|
    |acc_4_5_V_s_reg_1660                     |  33|   0|   33|          0|
    |acc_5_0_V_1_reg_3920                     |  33|   0|   33|          0|
    |acc_5_0_V_2_reg_6255                     |  33|   0|   33|          0|
    |acc_5_0_V_be_reg_2545                    |  33|   0|   33|          0|
    |acc_5_0_V_reg_1078                       |  33|   0|   33|          0|
    |acc_5_0_V_s_reg_1649                     |  33|   0|   33|          0|
    |acc_5_1_V_1_reg_3908                     |  33|   0|   33|          0|
    |acc_5_1_V_2_reg_6260                     |  33|   0|   33|          0|
    |acc_5_1_V_be_reg_2513                    |  33|   0|   33|          0|
    |acc_5_1_V_reg_1066                       |  33|   0|   33|          0|
    |acc_5_1_V_s_reg_1638                     |  33|   0|   33|          0|
    |acc_5_2_V_1_reg_3896                     |  33|   0|   33|          0|
    |acc_5_2_V_2_reg_6265                     |  33|   0|   33|          0|
    |acc_5_2_V_be_reg_2481                    |  33|   0|   33|          0|
    |acc_5_2_V_reg_1054                       |  33|   0|   33|          0|
    |acc_5_2_V_s_reg_1627                     |  33|   0|   33|          0|
    |acc_5_3_V_1_reg_3884                     |  33|   0|   33|          0|
    |acc_5_3_V_2_reg_6270                     |  33|   0|   33|          0|
    |acc_5_3_V_be_reg_2449                    |  33|   0|   33|          0|
    |acc_5_3_V_reg_1042                       |  33|   0|   33|          0|
    |acc_5_3_V_s_reg_1616                     |  33|   0|   33|          0|
    |acc_5_4_V_1_reg_3872                     |  33|   0|   33|          0|
    |acc_5_4_V_2_reg_6275                     |  33|   0|   33|          0|
    |acc_5_4_V_be_reg_2417                    |  33|   0|   33|          0|
    |acc_5_4_V_reg_1030                       |  33|   0|   33|          0|
    |acc_5_4_V_s_reg_1605                     |  33|   0|   33|          0|
    |acc_5_5_V_1_reg_3860                     |  33|   0|   33|          0|
    |acc_5_5_V_2_reg_6280                     |  33|   0|   33|          0|
    |acc_5_5_V_be_reg_2385                    |  33|   0|   33|          0|
    |acc_5_5_V_reg_1018                       |  33|   0|   33|          0|
    |acc_5_5_V_s_reg_1594                     |  33|   0|   33|          0|
    |acc_6_0_V_1_reg_4136                     |  33|   0|   33|          0|
    |acc_6_0_V_be_reg_2353                    |  33|   0|   33|          0|
    |acc_6_0_V_reg_1006                       |  33|   0|   33|          0|
    |acc_6_0_V_s_reg_1583                     |  33|   0|   33|          0|
    |acc_6_1_V_1_reg_4124                     |  33|   0|   33|          0|
    |acc_6_1_V_be_reg_2321                    |  33|   0|   33|          0|
    |acc_6_1_V_reg_994                        |  33|   0|   33|          0|
    |acc_6_1_V_s_reg_1572                     |  33|   0|   33|          0|
    |acc_6_2_V_1_reg_4112                     |  33|   0|   33|          0|
    |acc_6_2_V_be_reg_2289                    |  33|   0|   33|          0|
    |acc_6_2_V_reg_982                        |  33|   0|   33|          0|
    |acc_6_2_V_s_reg_1561                     |  33|   0|   33|          0|
    |acc_6_3_V_1_reg_4100                     |  33|   0|   33|          0|
    |acc_6_3_V_be_reg_2257                    |  33|   0|   33|          0|
    |acc_6_3_V_reg_970                        |  33|   0|   33|          0|
    |acc_6_3_V_s_reg_1550                     |  33|   0|   33|          0|
    |acc_6_4_V_1_reg_4088                     |  33|   0|   33|          0|
    |acc_6_4_V_be_reg_2225                    |  33|   0|   33|          0|
    |acc_6_4_V_reg_958                        |  33|   0|   33|          0|
    |acc_6_4_V_s_reg_1539                     |  33|   0|   33|          0|
    |acc_6_5_V_1_reg_4076                     |  33|   0|   33|          0|
    |acc_6_5_V_be_reg_2193                    |  33|   0|   33|          0|
    |acc_6_5_V_reg_946                        |  33|   0|   33|          0|
    |acc_6_5_V_s_reg_1528                     |  33|   0|   33|          0|
    |acc_7_0_V_1_reg_4064                     |  33|   0|   33|          0|
    |acc_7_0_V_be_reg_2161                    |  33|   0|   33|          0|
    |acc_7_0_V_reg_934                        |  33|   0|   33|          0|
    |acc_7_0_V_s_reg_1517                     |  33|   0|   33|          0|
    |acc_7_1_V_1_reg_4052                     |  33|   0|   33|          0|
    |acc_7_1_V_be_reg_2129                    |  33|   0|   33|          0|
    |acc_7_1_V_reg_922                        |  33|   0|   33|          0|
    |acc_7_1_V_s_reg_1506                     |  33|   0|   33|          0|
    |acc_7_2_V_1_reg_4040                     |  33|   0|   33|          0|
    |acc_7_2_V_be_reg_2097                    |  33|   0|   33|          0|
    |acc_7_2_V_reg_910                        |  33|   0|   33|          0|
    |acc_7_2_V_s_reg_1495                     |  33|   0|   33|          0|
    |acc_7_3_V_1_reg_4028                     |  33|   0|   33|          0|
    |acc_7_3_V_be_reg_2065                    |  33|   0|   33|          0|
    |acc_7_3_V_reg_898                        |  33|   0|   33|          0|
    |acc_7_3_V_s_reg_1484                     |  33|   0|   33|          0|
    |acc_7_4_V_1_reg_4016                     |  33|   0|   33|          0|
    |acc_7_4_V_be_reg_2033                    |  33|   0|   33|          0|
    |acc_7_4_V_reg_886                        |  33|   0|   33|          0|
    |acc_7_4_V_s_reg_1473                     |  33|   0|   33|          0|
    |acc_7_5_V_1_reg_4004                     |  33|   0|   33|          0|
    |acc_7_5_V_be_reg_2001                    |  33|   0|   33|          0|
    |acc_7_5_V_reg_874                        |  33|   0|   33|          0|
    |acc_7_5_V_s_reg_1462                     |  33|   0|   33|          0|
    |ap_CS_fsm                                |  24|   0|   24|          0|
    |ap_enable_reg_pp0_iter0                  |   1|   0|    1|          0|
    |ap_enable_reg_pp0_iter1                  |   1|   0|    1|          0|
    |ap_enable_reg_pp1_iter0                  |   1|   0|    1|          0|
    |ap_enable_reg_pp1_iter1                  |   1|   0|    1|          0|
    |ap_enable_reg_pp1_iter2                  |   1|   0|    1|          0|
    |arrayNo_reg_5740                         |   3|   0|   32|         29|
    |arrayNo_trunc_reg_5625                   |   3|   0|    3|          0|
    |base_reg_1450                            |  10|   0|   10|          0|
    |exitcond1_reg_5565                       |   1|   0|    1|          0|
    |exitcond1_reg_5565_pp0_iter1_reg         |   1|   0|    1|          0|
    |exitcond_flatten_reg_6345                |   1|   0|    1|          0|
    |exitcond_flatten_reg_6345_pp1_iter1_reg  |   1|   0|    1|          0|
    |icmp_reg_6386                            |   1|   0|    1|          0|
    |idx_urem_reg_6060                        |   5|   0|    5|          0|
    |indvar_flatten_reg_4148                  |   6|   0|    6|          0|
    |j_reg_4159                               |   3|   0|    3|          0|
    |k_4_reg_5840                             |   5|   0|    5|          0|
    |k_reg_3681                               |   5|   0|    5|          0|
    |m7_mid2_reg_6354                         |   4|   0|    4|          0|
    |m7_mid2_reg_6354_pp1_iter1_reg           |   4|   0|    4|          0|
    |m7_reg_4170                              |   4|   0|    4|          0|
    |m_5_reg_5552                             |   4|   0|    4|          0|
    |m_reg_1990                               |   4|   0|    4|          0|
    |next_mul_reg_5845                        |  11|   0|   11|          0|
    |next_urem_reg_5609                       |   5|   0|    5|          0|
    |p_i_reg_6380                             |  23|   0|   23|          0|
    |p_shl2_mid2_v_v_reg_6359                 |   3|   0|    3|          0|
    |p_shl2_mid2_v_v_reg_6359_pp1_iter1_reg   |   3|   0|    3|          0|
    |phi_mul_reg_3693                         |  11|   0|   11|          0|
    |phi_urem_reg_3849                        |   5|   0|    5|          0|
    |rhs_V_0_0_1_reg_5955                     |  24|   0|   24|          0|
    |rhs_V_0_0_2_reg_5970                     |  24|   0|   24|          0|
    |rhs_V_0_0_3_reg_5985                     |  24|   0|   24|          0|
    |rhs_V_0_0_4_reg_6000                     |  24|   0|   24|          0|
    |rhs_V_0_0_5_reg_6015                     |  24|   0|   24|          0|
    |rhs_V_reg_5940                           |  24|   0|   24|          0|
    |tmp_54_reg_5538                          |  10|   0|   10|          0|
    |tmp_60_reg_5569                          |   9|   0|   11|          2|
    |tmp_63_reg_5750                          |  12|   0|   12|          0|
    |tmp_66_reg_5755                          |  12|   0|   12|          0|
    |tmp_69_reg_5850                          |  12|   0|   12|          0|
    |tmp_72_reg_5855                          |  12|   0|   12|          0|
    |tmp_75_reg_6065                          |  12|   0|   12|          0|
    |tmp_78_reg_6070                          |  12|   0|   12|          0|
    |tmp_81_reg_6215                          |  12|   0|   12|          0|
    |tmp_84_reg_6220                          |  12|   0|   12|          0|
    |tmp_89_reg_5560                          |   3|   0|    3|          0|
    |tmp_90_reg_6370                          |   6|   0|    6|          0|
    |tmp_94_cast_reg_5543                     |  10|   0|   11|          1|
    |tmp_98_reg_5574                          |   1|   0|    3|          2|
    |tmp_99_reg_6366                          |   1|   0|    1|          0|
    |tmp_99_reg_6366_pp1_iter1_reg            |   1|   0|    1|          0|
    |tmp_cast_reg_5533                        |   5|   0|    5|          0|
    |tmp_s_reg_5615                           |  11|   0|   11|          0|
    |weights_0_V_load_reg_5710                |  12|   0|   12|          0|
    |weights_1_V_load_reg_5715                |  12|   0|   12|          0|
    |weights_2_V_load_reg_5720                |  12|   0|   12|          0|
    |weights_3_V_load_reg_5725                |  12|   0|   12|          0|
    |weights_4_V_load_reg_5730                |  12|   0|   12|          0|
    |weights_5_V_load_reg_5735                |  12|   0|   12|          0|
    +-----------------------------------------+----+----+-----+-----------+
    |Total                                    |8048|   0| 8082|         34|
    +-----------------------------------------+----+----+-----+-----------+



================================================================
== Interface
================================================================
* Summary: 
+----------------------+-----+-----+------------+---------------+--------------+
|       RTL Ports      | Dir | Bits|  Protocol  | Source Object |    C Type    |
+----------------------+-----+-----+------------+---------------+--------------+
|ap_clk                |  in |    1| ap_ctrl_hs | conv_banked.1 | return value |
|ap_rst                |  in |    1| ap_ctrl_hs | conv_banked.1 | return value |
|ap_start              |  in |    1| ap_ctrl_hs | conv_banked.1 | return value |
|ap_done               | out |    1| ap_ctrl_hs | conv_banked.1 | return value |
|ap_idle               | out |    1| ap_ctrl_hs | conv_banked.1 | return value |
|ap_ready              | out |    1| ap_ctrl_hs | conv_banked.1 | return value |
|in_0_V_address0       | out |    7|  ap_memory |     in_0_V    |     array    |
|in_0_V_ce0            | out |    1|  ap_memory |     in_0_V    |     array    |
|in_0_V_q0             |  in |   12|  ap_memory |     in_0_V    |     array    |
|in_0_V_address1       | out |    7|  ap_memory |     in_0_V    |     array    |
|in_0_V_ce1            | out |    1|  ap_memory |     in_0_V    |     array    |
|in_0_V_q1             |  in |   12|  ap_memory |     in_0_V    |     array    |
|in_1_V_address0       | out |    7|  ap_memory |     in_1_V    |     array    |
|in_1_V_ce0            | out |    1|  ap_memory |     in_1_V    |     array    |
|in_1_V_q0             |  in |   12|  ap_memory |     in_1_V    |     array    |
|in_1_V_address1       | out |    7|  ap_memory |     in_1_V    |     array    |
|in_1_V_ce1            | out |    1|  ap_memory |     in_1_V    |     array    |
|in_1_V_q1             |  in |   12|  ap_memory |     in_1_V    |     array    |
|in_2_V_address0       | out |    7|  ap_memory |     in_2_V    |     array    |
|in_2_V_ce0            | out |    1|  ap_memory |     in_2_V    |     array    |
|in_2_V_q0             |  in |   12|  ap_memory |     in_2_V    |     array    |
|in_2_V_address1       | out |    7|  ap_memory |     in_2_V    |     array    |
|in_2_V_ce1            | out |    1|  ap_memory |     in_2_V    |     array    |
|in_2_V_q1             |  in |   12|  ap_memory |     in_2_V    |     array    |
|in_3_V_address0       | out |    7|  ap_memory |     in_3_V    |     array    |
|in_3_V_ce0            | out |    1|  ap_memory |     in_3_V    |     array    |
|in_3_V_q0             |  in |   12|  ap_memory |     in_3_V    |     array    |
|in_3_V_address1       | out |    7|  ap_memory |     in_3_V    |     array    |
|in_3_V_ce1            | out |    1|  ap_memory |     in_3_V    |     array    |
|in_3_V_q1             |  in |   12|  ap_memory |     in_3_V    |     array    |
|in_4_V_address0       | out |    7|  ap_memory |     in_4_V    |     array    |
|in_4_V_ce0            | out |    1|  ap_memory |     in_4_V    |     array    |
|in_4_V_q0             |  in |   12|  ap_memory |     in_4_V    |     array    |
|in_4_V_address1       | out |    7|  ap_memory |     in_4_V    |     array    |
|in_4_V_ce1            | out |    1|  ap_memory |     in_4_V    |     array    |
|in_4_V_q1             |  in |   12|  ap_memory |     in_4_V    |     array    |
|in_5_V_address0       | out |    7|  ap_memory |     in_5_V    |     array    |
|in_5_V_ce0            | out |    1|  ap_memory |     in_5_V    |     array    |
|in_5_V_q0             |  in |   12|  ap_memory |     in_5_V    |     array    |
|in_5_V_address1       | out |    7|  ap_memory |     in_5_V    |     array    |
|in_5_V_ce1            | out |    1|  ap_memory |     in_5_V    |     array    |
|in_5_V_q1             |  in |   12|  ap_memory |     in_5_V    |     array    |
|in_6_V_address0       | out |    7|  ap_memory |     in_6_V    |     array    |
|in_6_V_ce0            | out |    1|  ap_memory |     in_6_V    |     array    |
|in_6_V_q0             |  in |   12|  ap_memory |     in_6_V    |     array    |
|in_6_V_address1       | out |    7|  ap_memory |     in_6_V    |     array    |
|in_6_V_ce1            | out |    1|  ap_memory |     in_6_V    |     array    |
|in_6_V_q1             |  in |   12|  ap_memory |     in_6_V    |     array    |
|in_7_V_address0       | out |    7|  ap_memory |     in_7_V    |     array    |
|in_7_V_ce0            | out |    1|  ap_memory |     in_7_V    |     array    |
|in_7_V_q0             |  in |   12|  ap_memory |     in_7_V    |     array    |
|in_7_V_address1       | out |    7|  ap_memory |     in_7_V    |     array    |
|in_7_V_ce1            | out |    1|  ap_memory |     in_7_V    |     array    |
|in_7_V_q1             |  in |   12|  ap_memory |     in_7_V    |     array    |
|weights_0_V_address0  | out |    5|  ap_memory |  weights_0_V  |     array    |
|weights_0_V_ce0       | out |    1|  ap_memory |  weights_0_V  |     array    |
|weights_0_V_q0        |  in |   12|  ap_memory |  weights_0_V  |     array    |
|weights_1_V_address0  | out |    5|  ap_memory |  weights_1_V  |     array    |
|weights_1_V_ce0       | out |    1|  ap_memory |  weights_1_V  |     array    |
|weights_1_V_q0        |  in |   12|  ap_memory |  weights_1_V  |     array    |
|weights_2_V_address0  | out |    5|  ap_memory |  weights_2_V  |     array    |
|weights_2_V_ce0       | out |    1|  ap_memory |  weights_2_V  |     array    |
|weights_2_V_q0        |  in |   12|  ap_memory |  weights_2_V  |     array    |
|weights_3_V_address0  | out |    5|  ap_memory |  weights_3_V  |     array    |
|weights_3_V_ce0       | out |    1|  ap_memory |  weights_3_V  |     array    |
|weights_3_V_q0        |  in |   12|  ap_memory |  weights_3_V  |     array    |
|weights_4_V_address0  | out |    5|  ap_memory |  weights_4_V  |     array    |
|weights_4_V_ce0       | out |    1|  ap_memory |  weights_4_V  |     array    |
|weights_4_V_q0        |  in |   12|  ap_memory |  weights_4_V  |     array    |
|weights_5_V_address0  | out |    5|  ap_memory |  weights_5_V  |     array    |
|weights_5_V_ce0       | out |    1|  ap_memory |  weights_5_V  |     array    |
|weights_5_V_q0        |  in |   12|  ap_memory |  weights_5_V  |     array    |
|out_0_V_address0      | out |   11|  ap_memory |    out_0_V    |     array    |
|out_0_V_ce0           | out |    1|  ap_memory |    out_0_V    |     array    |
|out_0_V_we0           | out |    1|  ap_memory |    out_0_V    |     array    |
|out_0_V_d0            | out |   12|  ap_memory |    out_0_V    |     array    |
|out_1_V_address0      | out |   11|  ap_memory |    out_1_V    |     array    |
|out_1_V_ce0           | out |    1|  ap_memory |    out_1_V    |     array    |
|out_1_V_we0           | out |    1|  ap_memory |    out_1_V    |     array    |
|out_1_V_d0            | out |   12|  ap_memory |    out_1_V    |     array    |
+----------------------+-----+-----+------------+---------------+--------------+

