

================================================================
== Vivado HLS Report for 'lenet_accelerator_with_weights'
================================================================
* Date:           Sun Sep 13 14:13:32 2026

* Version:        2018.3 (Build 2405991 on Thu Dec 06 23:56:15 MST 2018)
* Project:        optimized
* Solution:       solution1
* Product family: zynq
* Target device:  xc7z020clg400-1


================================================================
== Performance Estimates
================================================================
+ Timing (ns): 
    * Summary: 
    +--------+-------+----------+------------+
    |  Clock | Target| Estimated| Uncertainty|
    +--------+-------+----------+------------+
    |ap_clk  |  10.00|     8.691|        1.25|
    +--------+-------+----------+------------+

+ Latency (clock cycles): 
    * Summary: 
    +-------+-------+-------+-------+---------+
    |    Latency    |    Interval   | Pipeline|
    |  min  |  max  |  min  |  max  |   Type  |
    +-------+-------+-------+-------+---------+
    |  33916|  33916|  33916|  33916|   none  |
    +-------+-------+-------+-------+---------+

    + Detail: 
        * Instance: 
        +---------------------------------+---------------------+-------+-------+-------+-------+---------+
        |                                 |                     |    Latency    |    Interval   | Pipeline|
        |             Instance            |        Module       |  min  |  max  |  min  |  max  |   Type  |
        +---------------------------------+---------------------+-------+-------+-------+-------+---------+
        |grp_conv_banked_fu_2914          |conv_banked          |  11297|  11297|  11297|  11297|   none  |
        |grp_conv_banked_1_fu_2944        |conv_banked_1        |  13465|  13465|  13465|  13465|   none  |
        |grp_relu_pool_6_24_24_s_fu_2970  |relu_pool_6_24_24_s  |   1746|   1746|   1746|   1746|   none  |
        |grp_relu_pool_16_8_8_s_fu_2984   |relu_pool_16_8_8_s   |    519|    519|    519|    519|   none  |
        +---------------------------------+---------------------+-------+-------+-------+-------+---------+

        * Loop: 
        +-------------+------+------+----------+-----------+-----------+------+----------+
        |             |   Latency   | Iteration|  Initiation Interval  | Trip |          |
        |  Loop Name  |  min |  max |  Latency |  achieved |   target  | Count| Pipelined|
        +-------------+------+------+----------+-----------+-----------+------+----------+
        |- Loop 1     |   784|   784|         2|          1|          1|   784|    yes   |
        |- Loop 2     |  4425|  4425|       295|          -|          -|    15|    no    |
        | + Loop 2.1  |    16|    16|         2|          -|          -|     8|    no    |
        | + Loop 2.2  |   258|   258|         3|          1|          1|   256|    yes   |
        | + Loop 2.3  |    16|    16|         2|          -|          -|     8|    no    |
        |- Loop 3     |   121|   121|         3|          1|          1|   120|    yes   |
        |- Loop 4     |  1225|  1225|       175|          -|          -|     7|    no    |
        | + Loop 4.1  |    24|    24|         2|          -|          -|    12|    no    |
        | + Loop 4.2  |   122|   122|         3|          1|          1|   120|    yes   |
        | + Loop 4.3  |    24|    24|         2|          -|          -|    12|    no    |
        |- Loop 5     |    84|    84|         2|          1|          1|    84|    yes   |
        |- Loop 6     |   222|   222|       111|          -|          -|     2|    no    |
        | + Loop 6.1  |    10|    10|         2|          -|          -|     5|    no    |
        | + Loop 6.2  |    86|    86|         3|          1|          1|    84|    yes   |
        | + Loop 6.3  |    10|    10|         2|          -|          -|     5|    no    |
        |- Loop 7     |    10|    10|         2|          1|          1|    10|    yes   |
        +-------------+------+------+----------+-----------+-----------+------+----------+



================================================================
== Utilization Estimates
================================================================
* Summary: 
+-----------------+---------+-------+--------+-------+
|       Name      | BRAM_18K| DSP48E|   FF   |  LUT  |
+-----------------+---------+-------+--------+-------+
|DSP              |        -|     25|       -|      -|
|Expression       |        -|      -|       0|   1013|
|FIFO             |        -|      -|       -|      -|
|Instance         |        0|    121|   24545|  11477|
|Memory           |       25|      -|      70|     33|
|Multiplexer      |        -|      -|       -|   2098|
|Register         |        -|      -|    3989|      -|
+-----------------+---------+-------+--------+-------+
|Total            |       25|    146|   28604|  14621|
+-----------------+---------+-------+--------+-------+
|Available        |      280|    220|  106400|  53200|
+-----------------+---------+-------+--------+-------+
|Utilization (%)  |        8|     66|      26|     27|
+-----------------+---------+-------+--------+-------+

+ Detail: 
    * Instance: 
    +---------------------------------+----------------------+---------+-------+-------+------+
    |             Instance            |        Module        | BRAM_18K| DSP48E|   FF  |  LUT |
    +---------------------------------+----------------------+---------+-------+-------+------+
    |grp_conv_banked_fu_2914          |conv_banked           |        0|     72|  15349|  7438|
    |grp_conv_banked_1_fu_2944        |conv_banked_1         |        0|     49|   8178|  2834|
    |lenet_acceleratorKfY_U214        |lenet_acceleratorKfY  |        0|      0|      0|    27|
    |lenet_acceleratorLf8_U215        |lenet_acceleratorLf8  |        0|      0|      0|    27|
    |lenet_acceleratorMgi_U216        |lenet_acceleratorMgi  |        0|      0|      0|    27|
    |grp_relu_pool_16_8_8_s_fu_2984   |relu_pool_16_8_8_s    |        0|      0|    229|   337|
    |grp_relu_pool_6_24_24_s_fu_2970  |relu_pool_6_24_24_s   |        0|      0|    789|   787|
    +---------------------------------+----------------------+---------+-------+-------+------+
    |Total                            |                      |        0|    121|  24545| 11477|
    +---------------------------------+----------------------+---------+-------+-------+------+

    * DSP48: 
    +---------------------------+----------------------+--------------+
    |          Instance         |        Module        |  Expression  |
    +---------------------------+----------------------+--------------+
    |lenet_acceleratorNgs_U217  |lenet_acceleratorNgs  | i0 + i1 * i2 |
    |lenet_acceleratorNgs_U218  |lenet_acceleratorNgs  | i0 + i1 * i2 |
    |lenet_acceleratorNgs_U219  |lenet_acceleratorNgs  | i0 + i1 * i2 |
    |lenet_acceleratorNgs_U220  |lenet_acceleratorNgs  | i0 + i1 * i2 |
    |lenet_acceleratorNgs_U221  |lenet_acceleratorNgs  | i0 + i1 * i2 |
    |lenet_acceleratorNgs_U222  |lenet_acceleratorNgs  | i0 + i1 * i2 |
    |lenet_acceleratorNgs_U223  |lenet_acceleratorNgs  | i0 + i1 * i2 |
    |lenet_acceleratorNgs_U224  |lenet_acceleratorNgs  | i0 + i1 * i2 |
    |lenet_acceleratorNgs_U225  |lenet_acceleratorNgs  | i0 + i1 * i2 |
    |lenet_acceleratorNgs_U226  |lenet_acceleratorNgs  | i0 + i1 * i2 |
    |lenet_acceleratorNgs_U227  |lenet_acceleratorNgs  | i0 + i1 * i2 |
    |lenet_acceleratorNgs_U228  |lenet_acceleratorNgs  | i0 + i1 * i2 |
    |lenet_acceleratorNgs_U229  |lenet_acceleratorNgs  | i0 + i1 * i2 |
    |lenet_acceleratorNgs_U230  |lenet_acceleratorNgs  | i0 + i1 * i2 |
    |lenet_acceleratorNgs_U231  |lenet_acceleratorNgs  | i0 + i1 * i2 |
    |lenet_acceleratorNgs_U232  |lenet_acceleratorNgs  | i0 + i1 * i2 |
    |lenet_acceleratorNgs_U233  |lenet_acceleratorNgs  | i0 + i1 * i2 |
    |lenet_acceleratorNgs_U234  |lenet_acceleratorNgs  | i0 + i1 * i2 |
    |lenet_acceleratorNgs_U235  |lenet_acceleratorNgs  | i0 + i1 * i2 |
    |lenet_acceleratorNgs_U236  |lenet_acceleratorNgs  | i0 + i1 * i2 |
    |lenet_acceleratorNgs_U237  |lenet_acceleratorNgs  | i0 + i1 * i2 |
    |lenet_acceleratorNgs_U238  |lenet_acceleratorNgs  | i0 + i1 * i2 |
    |lenet_acceleratorNgs_U239  |lenet_acceleratorNgs  | i0 + i1 * i2 |
    |lenet_acceleratorNgs_U240  |lenet_acceleratorNgs  | i0 + i1 * i2 |
    |lenet_acceleratorNgs_U241  |lenet_acceleratorNgs  | i0 + i1 * i2 |
    +---------------------------+----------------------+--------------+

    * Memory: 
    +--------------------+----------------------+---------+----+----+------+-----+------+-------------+
    |       Memory       |        Module        | BRAM_18K| FF | LUT| Words| Bits| Banks| W*Bits*Banks|
    +--------------------+----------------------+---------+----+----+------+-----+------+-------------+
    |conv2_buffer_0_V_U  |lenet_acceleratorCeG  |        1|   0|   0|   512|   12|     1|         6144|
    |conv2_buffer_1_V_U  |lenet_acceleratorCeG  |        1|   0|   0|   512|   12|     1|         6144|
    |pool2_buffer_V_U    |lenet_acceleratorEe0  |        1|   0|   0|   256|   11|     1|         2816|
    |fc1_buffer_V_U      |lenet_acceleratorFfa  |        1|   0|   0|   120|   12|     1|         1440|
    |relu3_buffer_V_U    |lenet_acceleratorGfk  |        1|   0|   0|   120|   11|     1|         1320|
    |fc2_buffer_V_U      |lenet_acceleratorHfu  |        0|  24|  16|    84|   12|     1|         1008|
    |relu4_buffer_V_U    |lenet_acceleratorIfE  |        0|  22|  15|    84|   11|     1|          924|
    |output_buffer_V_U   |lenet_acceleratorJfO  |        0|  24|   2|    10|   12|     1|          120|
    |input_buffer_0_V_U  |lenet_acceleratorkbM  |        1|   0|   0|    98|   12|     1|         1176|
    |input_buffer_1_V_U  |lenet_acceleratorkbM  |        1|   0|   0|    98|   12|     1|         1176|
    |input_buffer_2_V_U  |lenet_acceleratorkbM  |        1|   0|   0|    98|   12|     1|         1176|
    |input_buffer_3_V_U  |lenet_acceleratorkbM  |        1|   0|   0|    98|   12|     1|         1176|
    |input_buffer_4_V_U  |lenet_acceleratorkbM  |        1|   0|   0|    98|   12|     1|         1176|
    |input_buffer_5_V_U  |lenet_acceleratorkbM  |        1|   0|   0|    98|   12|     1|         1176|
    |input_buffer_6_V_U  |lenet_acceleratorkbM  |        1|   0|   0|    98|   12|     1|         1176|
    |input_buffer_7_V_U  |lenet_acceleratorkbM  |        1|   0|   0|    98|   12|     1|         1176|
    |conv1_buffer_0_V_U  |lenet_acceleratorsc4  |        2|   0|   0|  1728|   12|     1|        20736|
    |conv1_buffer_1_V_U  |lenet_acceleratorsc4  |        2|   0|   0|  1728|   12|     1|        20736|
    |pool1_buffer_0_V_U  |lenet_acceleratorudo  |        1|   0|   0|   108|   11|     1|         1188|
    |pool1_buffer_1_V_U  |lenet_acceleratorudo  |        1|   0|   0|   108|   11|     1|         1188|
    |pool1_buffer_2_V_U  |lenet_acceleratorudo  |        1|   0|   0|   108|   11|     1|         1188|
    |pool1_buffer_3_V_U  |lenet_acceleratorudo  |        1|   0|   0|   108|   11|     1|         1188|
    |pool1_buffer_4_V_U  |lenet_acceleratorudo  |        1|   0|   0|   108|   11|     1|         1188|
    |pool1_buffer_5_V_U  |lenet_acceleratorudo  |        1|   0|   0|   108|   11|     1|         1188|
    |pool1_buffer_6_V_U  |lenet_acceleratorudo  |        1|   0|   0|   108|   11|     1|         1188|
    |pool1_buffer_7_V_U  |lenet_acceleratorudo  |        1|   0|   0|   108|   11|     1|         1188|
    +--------------------+----------------------+---------+----+----+------+-----+------+-------------+
    |Total               |                      |       25|  70|  33|  6802|  301|    26|        80300|
    +--------------------+----------------------+---------+----+----+------+-----+------+-------------+

    * FIFO: 
    N/A

    * Expression: 
    +-----------------------------+----------+-------+---+----+------------+------------+
    |        Variable Name        | Operation| DSP48E| FF| LUT| Bitwidth P0| Bitwidth P1|
    +-----------------------------+----------+-------+---+----+------------+------------+
    |base_V_1_fu_3626_p2          |     +    |      0|  0|  30|           1|          23|
    |base_V_2_fu_3925_p2          |     +    |      0|  0|  30|           1|          23|
    |base_V_fu_3250_p2            |     +    |      0|  0|  30|           1|          23|
    |i_3_fu_3324_p2               |     +    |      0|  0|  15|           7|           1|
    |i_4_fu_3700_p2               |     +    |      0|  0|  15|           7|           1|
    |i_5_fu_3999_p2               |     +    |      0|  0|  13|           4|           1|
    |i_fu_2997_p2                 |     +    |      0|  0|  14|          10|           1|
    |j_2_fu_3431_p2               |     +    |      0|  0|  13|           4|           1|
    |j_3_fu_3152_p2               |     +    |      0|  0|  13|           4|           1|
    |j_5_fu_3770_p2               |     +    |      0|  0|  12|           3|           1|
    |j_6_fu_3524_p2               |     +    |      0|  0|  13|           4|           1|
    |j_8_fu_3837_p2               |     +    |      0|  0|  12|           3|           1|
    |j_fu_3071_p2                 |     +    |      0|  0|  13|           4|           1|
    |k_1_fu_3443_p2               |     +    |      0|  0|  15|           7|           1|
    |k_2_fu_3782_p2               |     +    |      0|  0|  15|           7|           1|
    |k_fu_3087_p2                 |     +    |      0|  0|  15|           9|           1|
    |next_mul_fu_3730_p2          |     +    |      0|  0|  15|           8|           7|
    |p_sum1_fu_3656_p2            |     +    |      0|  0|  15|           8|           8|
    |p_sum2_fu_3955_p2            |     +    |      0|  0|  13|           4|           4|
    |p_sum_fu_3280_p2             |     +    |      0|  0|  15|           7|           7|
    |t_1_fu_3359_p2               |     +    |      0|  0|  12|           3|           1|
    |t_2_fu_3742_p2               |     +    |      0|  0|  10|           2|           1|
    |t_fu_3039_p2                 |     +    |      0|  0|  13|           4|           1|
    |tmp_49_fu_3102_p2            |     +    |      0|  0|  17|          13|          13|
    |tmp_56_fu_3458_p2            |     +    |      0|  0|  13|          11|          11|
    |tmp_58_fu_3792_p2            |     +    |      0|  0|  15|           8|           8|
    |tmp_25_fu_3419_p2            |     -    |      0|  0|  15|           8|           8|
    |tmp_35_fu_3389_p2            |     -    |      0|  0|  13|          11|          11|
    |sel_tmp2_i1_fu_3614_p2       |    and   |      0|  0|   2|           1|           1|
    |sel_tmp2_i2_fu_3913_p2       |    and   |      0|  0|   2|           1|           1|
    |sel_tmp2_i_fu_3238_p2        |    and   |      0|  0|   2|           1|           1|
    |tmp36_fu_3232_p2             |    and   |      0|  0|   2|           1|           1|
    |tmp48_fu_3608_p2             |    and   |      0|  0|   2|           1|           1|
    |tmp55_fu_3907_p2             |    and   |      0|  0|   2|           1|           1|
    |exitcond106_i_i1_fu_3437_p2  |   icmp   |      0|  0|  11|           7|           5|
    |exitcond106_i_i2_fu_3776_p2  |   icmp   |      0|  0|  11|           7|           7|
    |exitcond106_i_i_fu_3081_p2   |   icmp   |      0|  0|  13|           9|          10|
    |exitcond107_i_i1_fu_3425_p2  |   icmp   |      0|  0|   9|           4|           4|
    |exitcond107_i_i2_fu_3764_p2  |   icmp   |      0|  0|   9|           3|           3|
    |exitcond107_i_i_fu_3065_p2   |   icmp   |      0|  0|  11|           4|           5|
    |exitcond_i1_fu_3033_p2       |   icmp   |      0|  0|   9|           4|           2|
    |exitcond_i2_fu_3318_p2       |   icmp   |      0|  0|  11|           7|           5|
    |exitcond_i3_fu_3353_p2       |   icmp   |      0|  0|   9|           3|           2|
    |exitcond_i4_fu_3694_p2       |   icmp   |      0|  0|  11|           7|           7|
    |exitcond_i5_fu_3736_p2       |   icmp   |      0|  0|   9|           2|           3|
    |exitcond_i6_fu_3993_p2       |   icmp   |      0|  0|   9|           4|           4|
    |exitcond_i_fu_2991_p2        |   icmp   |      0|  0|  13|          10|           9|
    |exitcond_i_i1_fu_3518_p2     |   icmp   |      0|  0|   9|           4|           4|
    |exitcond_i_i2_fu_3831_p2     |   icmp   |      0|  0|   9|           3|           3|
    |exitcond_i_i_fu_3146_p2      |   icmp   |      0|  0|  11|           4|           5|
    |icmp5_fu_3650_p2             |   icmp   |      0|  0|  13|          12|           1|
    |icmp8_fu_3949_p2             |   icmp   |      0|  0|  13|          12|           1|
    |icmp_fu_3274_p2              |   icmp   |      0|  0|  13|          12|           1|
    |tmp_23_fu_3339_p2            |   icmp   |      0|  0|  13|          12|           1|
    |tmp_31_i1_fu_3661_p2         |   icmp   |      0|  0|  18|          23|          13|
    |tmp_31_i2_fu_3960_p2         |   icmp   |      0|  0|  18|          23|          13|
    |tmp_31_i_fu_3285_p2          |   icmp   |      0|  0|  18|          23|          13|
    |tmp_33_fu_3715_p2            |   icmp   |      0|  0|  13|          12|           1|
    |tmp_i1_47_fu_3596_p2         |   icmp   |      0|  0|  13|          11|          12|
    |tmp_i1_fu_3590_p2            |   icmp   |      0|  0|  13|          11|          12|
    |tmp_i2_55_fu_3895_p2         |   icmp   |      0|  0|  13|          11|          12|
    |tmp_i2_fu_3889_p2            |   icmp   |      0|  0|  13|          11|          12|
    |tmp_i_39_fu_3220_p2          |   icmp   |      0|  0|  13|          11|          12|
    |tmp_i_fu_3214_p2             |   icmp   |      0|  0|  13|          11|          12|
    |round_up_1_fu_3620_p2        |    or    |      0|  0|   2|           1|           1|
    |round_up_2_fu_3919_p2        |    or    |      0|  0|   2|           1|           1|
    |round_up_fu_3244_p2          |    or    |      0|  0|   2|           1|           1|
    |tmp_34_fu_3300_p2            |    or    |      0|  0|   2|           1|           1|
    |tmp_46_fu_3676_p2            |    or    |      0|  0|   2|           1|           1|
    |tmp_53_fu_3975_p2            |    or    |      0|  0|   2|           1|           1|
    |fc1_buffer_V_d0              |  select  |      0|  0|  12|           1|          12|
    |fc2_buffer_V_d0              |  select  |      0|  0|  12|           1|          12|
    |output_buffer_V_d0           |  select  |      0|  0|  12|           1|          12|
    |p_i1_fu_3632_p3              |  select  |      0|  0|  23|           1|          23|
    |p_i2_fu_3931_p3              |  select  |      0|  0|  23|           1|          23|
    |p_i_fu_3256_p3               |  select  |      0|  0|  23|           1|          23|
    |raw_V_1_i1_fu_3669_p3        |  select  |      0|  0|  13|           1|          11|
    |raw_V_1_i2_fu_3968_p3        |  select  |      0|  0|  13|           1|          11|
    |raw_V_1_i_fu_3293_p3         |  select  |      0|  0|  13|           1|          11|
    |relu4_buffer_V_d0            |  select  |      0|  0|  11|           1|          11|
    |v_V_3_fu_3345_p3             |  select  |      0|  0|  11|           1|          11|
    |ap_enable_pp0                |    xor   |      0|  0|   2|           1|           2|
    |ap_enable_pp1                |    xor   |      0|  0|   2|           1|           2|
    |ap_enable_pp2                |    xor   |      0|  0|   2|           1|           2|
    |ap_enable_pp3                |    xor   |      0|  0|   2|           1|           2|
    |ap_enable_pp4                |    xor   |      0|  0|   2|           1|           2|
    |ap_enable_pp5                |    xor   |      0|  0|   2|           1|           2|
    |ap_enable_pp6                |    xor   |      0|  0|   2|           1|           2|
    |ap_enable_reg_pp0_iter1      |    xor   |      0|  0|   2|           2|           1|
    |ap_enable_reg_pp2_iter1      |    xor   |      0|  0|   2|           2|           1|
    |ap_enable_reg_pp4_iter1      |    xor   |      0|  0|   2|           2|           1|
    |ap_enable_reg_pp6_iter1      |    xor   |      0|  0|   2|           2|           1|
    |sel_tmp_i1_fu_3602_p2        |    xor   |      0|  0|   2|           1|           2|
    |sel_tmp_i2_fu_3901_p2        |    xor   |      0|  0|   2|           1|           2|
    |sel_tmp_i_fu_3226_p2         |    xor   |      0|  0|   2|           1|           2|
    +-----------------------------+----------+-------+---+----+------------+------------+
    |Total                        |          |      0|  0|1013|         481|         552|
    +-----------------------------+----------+-------+---+----+------------+------------+

    * Multiplexer: 
    +------------------------------------+-----+-----------+-----+-----------+
    |                Name                | LUT | Input Size| Bits| Total Bits|
    +------------------------------------+-----+-----------+-----+-----------+
    |acc_0_0_V_1_1_be_reg_2335           |    9|          2|   33|         66|
    |acc_0_0_V_1_1_reg_1829              |    9|          2|   33|         66|
    |acc_0_0_V_1_3_reg_2522              |    9|          2|   33|         66|
    |acc_0_0_V_3_1_be_reg_2797           |    9|          2|   33|         66|
    |acc_0_0_V_3_1_reg_2683              |    9|          2|   33|         66|
    |acc_0_0_V_3_3_reg_2880              |    9|          2|   33|         66|
    |acc_0_0_V_3_reg_1519                |    9|          2|   33|         66|
    |acc_0_0_V_be_reg_1392               |    9|          2|   33|         66|
    |acc_0_0_V_s_reg_1146                |    9|          2|   33|         66|
    |acc_0_10_V_3_reg_2402               |    9|          2|   33|         66|
    |acc_0_10_V_be_reg_1895              |    9|          2|   33|         66|
    |acc_0_10_V_s_reg_1719               |    9|          2|   33|         66|
    |acc_0_11_V_3_reg_2390               |    9|          2|   33|         66|
    |acc_0_11_V_be_reg_1851              |    9|          2|   33|         66|
    |acc_0_11_V_s_reg_1708               |    9|          2|   33|         66|
    |acc_0_1_V_1_1_be_reg_2291           |    9|          2|   33|         66|
    |acc_0_1_V_1_1_reg_1818              |    9|          2|   33|         66|
    |acc_0_1_V_1_3_reg_2510              |    9|          2|   33|         66|
    |acc_0_1_V_3_1_be_reg_2774           |    9|          2|   33|         66|
    |acc_0_1_V_3_1_reg_2672              |    9|          2|   33|         66|
    |acc_0_1_V_3_3_reg_2868              |    9|          2|   33|         66|
    |acc_0_1_V_3_reg_1507                |    9|          2|   33|         66|
    |acc_0_1_V_be_reg_1360               |    9|          2|   33|         66|
    |acc_0_1_V_s_reg_1135                |    9|          2|   33|         66|
    |acc_0_2_V_1_1_be_reg_2247           |    9|          2|   33|         66|
    |acc_0_2_V_1_1_reg_1807              |    9|          2|   33|         66|
    |acc_0_2_V_1_3_reg_2498              |    9|          2|   33|         66|
    |acc_0_2_V_3_1_be_reg_2751           |    9|          2|   33|         66|
    |acc_0_2_V_3_1_reg_2661              |    9|          2|   33|         66|
    |acc_0_2_V_3_3_reg_2856              |    9|          2|   33|         66|
    |acc_0_2_V_3_reg_1495                |    9|          2|   33|         66|
    |acc_0_2_V_be_reg_1328               |    9|          2|   33|         66|
    |acc_0_2_V_s_reg_1124                |    9|          2|   33|         66|
    |acc_0_3_V_1_1_be_reg_2203           |    9|          2|   33|         66|
    |acc_0_3_V_1_1_reg_1796              |    9|          2|   33|         66|
    |acc_0_3_V_1_3_reg_2486              |    9|          2|   33|         66|
    |acc_0_3_V_3_1_be_reg_2728           |    9|          2|   33|         66|
    |acc_0_3_V_3_1_reg_2650              |    9|          2|   33|         66|
    |acc_0_3_V_3_3_reg_2844              |    9|          2|   33|         66|
    |acc_0_3_V_3_reg_1483                |    9|          2|   33|         66|
    |acc_0_3_V_be_reg_1296               |    9|          2|   33|         66|
    |acc_0_3_V_s_reg_1113                |    9|          2|   33|         66|
    |acc_0_4_V_1_1_be_reg_2159           |    9|          2|   33|         66|
    |acc_0_4_V_1_1_reg_1785              |    9|          2|   33|         66|
    |acc_0_4_V_1_3_reg_2474              |    9|          2|   33|         66|
    |acc_0_4_V_3_1_be_reg_2705           |    9|          2|   33|         66|
    |acc_0_4_V_3_1_reg_2639              |    9|          2|   33|         66|
    |acc_0_4_V_3_3_reg_2832              |    9|          2|   33|         66|
    |acc_0_4_V_3_reg_1471                |    9|          2|   33|         66|
    |acc_0_4_V_be_reg_1264               |    9|          2|   33|         66|
    |acc_0_4_V_s_reg_1102                |    9|          2|   33|         66|
    |acc_0_5_V_1_1_be_reg_2115           |    9|          2|   33|         66|
    |acc_0_5_V_1_1_reg_1774              |    9|          2|   33|         66|
    |acc_0_5_V_1_3_reg_2462              |    9|          2|   33|         66|
    |acc_0_5_V_4_reg_1459                |    9|          2|   33|         66|
    |acc_0_5_V_be_reg_1232               |    9|          2|   33|         66|
    |acc_0_5_V_s_reg_1091                |    9|          2|   33|         66|
    |acc_0_6_V_1_1_be_reg_2071           |    9|          2|   33|         66|
    |acc_0_6_V_1_1_reg_1763              |    9|          2|   33|         66|
    |acc_0_6_V_1_3_reg_2450              |    9|          2|   33|         66|
    |acc_0_6_V_4_reg_1447                |    9|          2|   33|         66|
    |acc_0_6_V_be_reg_1200               |    9|          2|   33|         66|
    |acc_0_6_V_s_reg_1080                |    9|          2|   33|         66|
    |acc_0_7_V_1_1_be_reg_2027           |    9|          2|   33|         66|
    |acc_0_7_V_1_1_reg_1752              |    9|          2|   33|         66|
    |acc_0_7_V_1_3_reg_2438              |    9|          2|   33|         66|
    |acc_0_7_V_4_reg_1435                |    9|          2|   33|         66|
    |acc_0_7_V_be_reg_1168               |    9|          2|   33|         66|
    |acc_0_7_V_s_reg_1069                |    9|          2|   33|         66|
    |acc_0_8_V_3_reg_2426                |    9|          2|   33|         66|
    |acc_0_8_V_be_reg_1983               |    9|          2|   33|         66|
    |acc_0_8_V_s_reg_1741                |    9|          2|   33|         66|
    |acc_0_9_V_3_reg_2414                |    9|          2|   33|         66|
    |acc_0_9_V_be_reg_1939               |    9|          2|   33|         66|
    |acc_0_9_V_s_reg_1730                |    9|          2|   33|         66|
    |ap_NS_fsm                           |  169|         38|    1|         38|
    |ap_enable_reg_pp0_iter1             |   15|          3|    1|          3|
    |ap_enable_reg_pp1_iter2             |    9|          2|    1|          2|
    |ap_enable_reg_pp2_iter1             |    9|          2|    1|          2|
    |ap_enable_reg_pp2_iter2             |    9|          2|    1|          2|
    |ap_enable_reg_pp3_iter2             |    9|          2|    1|          2|
    |ap_enable_reg_pp4_iter1             |   15|          3|    1|          3|
    |ap_enable_reg_pp5_iter2             |    9|          2|    1|          2|
    |ap_enable_reg_pp6_iter1             |   15|          3|    1|          3|
    |ap_phi_mux_k_0_i_i2_phi_fu_2824_p4  |    9|          2|    7|         14|
    |conv1_buffer_0_V_address0           |   15|          3|   11|         33|
    |conv1_buffer_0_V_ce0                |   15|          3|    1|          3|
    |conv1_buffer_0_V_ce1                |    9|          2|    1|          2|
    |conv1_buffer_0_V_we0                |    9|          2|    1|          2|
    |conv1_buffer_1_V_address0           |   15|          3|   11|         33|
    |conv1_buffer_1_V_ce0                |   15|          3|    1|          3|
    |conv1_buffer_1_V_ce1                |    9|          2|    1|          2|
    |conv1_buffer_1_V_we0                |    9|          2|    1|          2|
    |conv2_buffer_0_V_address0           |   15|          3|    9|         27|
    |conv2_buffer_0_V_ce0                |   15|          3|    1|          3|
    |conv2_buffer_0_V_ce1                |    9|          2|    1|          2|
    |conv2_buffer_0_V_we0                |    9|          2|    1|          2|
    |conv2_buffer_1_V_address0           |   15|          3|    9|         27|
    |conv2_buffer_1_V_ce0                |   15|          3|    1|          3|
    |conv2_buffer_1_V_ce1                |    9|          2|    1|          2|
    |conv2_buffer_1_V_we0                |    9|          2|    1|          2|
    |fc1_buffer_V_address0               |   15|          3|    7|         21|
    |fc2_buffer_V_address0               |   15|          3|    7|         21|
    |i_0_i1_reg_1542                     |    9|          2|    7|         14|
    |i_0_i2_reg_2545                     |    9|          2|    7|         14|
    |i_0_i3_reg_2903                     |    9|          2|    4|          8|
    |i_0_i_reg_951                       |    9|          2|   10|         20|
    |input_buffer_0_V_address0           |   15|          3|    7|         21|
    |input_buffer_0_V_ce0                |   15|          3|    1|          3|
    |input_buffer_0_V_ce1                |    9|          2|    1|          2|
    |input_buffer_1_V_address0           |   15|          3|    7|         21|
    |input_buffer_1_V_ce0                |   15|          3|    1|          3|
    |input_buffer_1_V_ce1                |    9|          2|    1|          2|
    |input_buffer_2_V_address0           |   15|          3|    7|         21|
    |input_buffer_2_V_ce0                |   15|          3|    1|          3|
    |input_buffer_2_V_ce1                |    9|          2|    1|          2|
    |input_buffer_3_V_address0           |   15|          3|    7|         21|
    |input_buffer_3_V_ce0                |   15|          3|    1|          3|
    |input_buffer_3_V_ce1                |    9|          2|    1|          2|
    |input_buffer_4_V_address0           |   15|          3|    7|         21|
    |input_buffer_4_V_ce0                |   15|          3|    1|          3|
    |input_buffer_4_V_ce1                |    9|          2|    1|          2|
    |input_buffer_5_V_address0           |   15|          3|    7|         21|
    |input_buffer_5_V_ce0                |   15|          3|    1|          3|
    |input_buffer_5_V_ce1                |    9|          2|    1|          2|
    |input_buffer_6_V_address0           |   15|          3|    7|         21|
    |input_buffer_6_V_ce0                |   15|          3|    1|          3|
    |input_buffer_6_V_ce1                |    9|          2|    1|          2|
    |input_buffer_7_V_address0           |   15|          3|    7|         21|
    |input_buffer_7_V_ce0                |   15|          3|    1|          3|
    |input_buffer_7_V_ce1                |    9|          2|    1|          2|
    |j11_0_i_i1_reg_2534                 |    9|          2|    4|          8|
    |j11_0_i_i2_reg_2892                 |    9|          2|    3|          6|
    |j11_0_i_i_reg_1531                  |    9|          2|    4|          8|
    |j_0_i_i1_reg_1840                   |    9|          2|    4|          8|
    |j_0_i_i2_reg_2694                   |    9|          2|    3|          6|
    |j_0_i_i_reg_1157                    |    9|          2|    4|          8|
    |k_0_i_i1_reg_2379                   |    9|          2|    7|         14|
    |k_0_i_i2_reg_2820                   |    9|          2|    7|         14|
    |k_0_i_i_reg_1424                    |    9|          2|    9|         18|
    |output_buffer_V_address0            |   15|          3|    4|         12|
    |phi_mul_reg_2627                    |    9|          2|    8|         16|
    |pool1_buffer_0_V_address0           |   15|          3|    7|         21|
    |pool1_buffer_0_V_ce0                |   15|          3|    1|          3|
    |pool1_buffer_0_V_ce1                |    9|          2|    1|          2|
    |pool1_buffer_0_V_we0                |    9|          2|    1|          2|
    |pool1_buffer_1_V_address0           |   15|          3|    7|         21|
    |pool1_buffer_1_V_ce0                |   15|          3|    1|          3|
    |pool1_buffer_1_V_ce1                |    9|          2|    1|          2|
    |pool1_buffer_1_V_we0                |    9|          2|    1|          2|
    |pool1_buffer_2_V_address0           |   15|          3|    7|         21|
    |pool1_buffer_2_V_ce0                |   15|          3|    1|          3|
    |pool1_buffer_2_V_ce1                |    9|          2|    1|          2|
    |pool1_buffer_2_V_we0                |    9|          2|    1|          2|
    |pool1_buffer_3_V_address0           |   15|          3|    7|         21|
    |pool1_buffer_3_V_ce0                |   15|          3|    1|          3|
    |pool1_buffer_3_V_ce1                |    9|          2|    1|          2|
    |pool1_buffer_3_V_we0                |    9|          2|    1|          2|
    |pool1_buffer_4_V_address0           |   15|          3|    7|         21|
    |pool1_buffer_4_V_ce0                |   15|          3|    1|          3|
    |pool1_buffer_4_V_ce1                |    9|          2|    1|          2|
    |pool1_buffer_4_V_we0                |    9|          2|    1|          2|
    |pool1_buffer_5_V_address0           |   15|          3|    7|         21|
    |pool1_buffer_5_V_ce0                |   15|          3|    1|          3|
    |pool1_buffer_5_V_ce1                |    9|          2|    1|          2|
    |pool1_buffer_5_V_we0                |    9|          2|    1|          2|
    |pool1_buffer_6_V_address0           |   15|          3|    7|         21|
    |pool1_buffer_6_V_ce0                |   15|          3|    1|          3|
    |pool1_buffer_6_V_ce1                |    9|          2|    1|          2|
    |pool1_buffer_6_V_we0                |    9|          2|    1|          2|
    |pool1_buffer_7_V_address0           |   15|          3|    7|         21|
    |pool1_buffer_7_V_ce0                |   15|          3|    1|          3|
    |pool1_buffer_7_V_ce1                |    9|          2|    1|          2|
    |pool1_buffer_7_V_we0                |    9|          2|    1|          2|
    |pool2_buffer_V_address0             |   15|          3|    8|         24|
    |pool2_buffer_V_ce0                  |   15|          3|    1|          3|
    |pool2_buffer_V_we0                  |    9|          2|    1|          2|
    |relu3_buffer_V_address0             |   15|          3|    7|         21|
    |relu4_buffer_V_address0             |   15|          3|    7|         21|
    |t_0_i1_reg_1697                     |    9|          2|    3|          6|
    |t_0_i2_reg_2616                     |    9|          2|    2|          4|
    |t_0_i_reg_1058                      |    9|          2|    4|          8|
    +------------------------------------+-----+-----------+-----+-----------+
    |Total                               | 2098|        450| 2827|       5906|
    +------------------------------------+-----+-----------+-----+-----------+

    * Register: 
    +----------------------------------------------+----+----+-----+-----------+
    |                     Name                     | FF | LUT| Bits| Const Bits|
    +----------------------------------------------+----+----+-----+-----------+
    |acc_0_0_V_1_1_be_reg_2335                     |  33|   0|   33|          0|
    |acc_0_0_V_1_1_reg_1829                        |  33|   0|   33|          0|
    |acc_0_0_V_1_3_reg_2522                        |  33|   0|   33|          0|
    |acc_0_0_V_1_reg_1685                          |  33|   0|   33|          0|
    |acc_0_0_V_3_1_be_reg_2797                     |  33|   0|   33|          0|
    |acc_0_0_V_3_1_reg_2683                        |  33|   0|   33|          0|
    |acc_0_0_V_3_3_reg_2880                        |  33|   0|   33|          0|
    |acc_0_0_V_3_reg_1519                          |  33|   0|   33|          0|
    |acc_0_0_V_7_reg_2604                          |  33|   0|   33|          0|
    |acc_0_0_V_be_reg_1392                         |  33|   0|   33|          0|
    |acc_0_0_V_reg_1046                            |  33|   0|   33|          0|
    |acc_0_0_V_s_reg_1146                          |  33|   0|   33|          0|
    |acc_0_10_V_3_reg_2402                         |  33|   0|   33|          0|
    |acc_0_10_V_be_reg_1895                        |  33|   0|   33|          0|
    |acc_0_10_V_reg_1565                           |  33|   0|   33|          0|
    |acc_0_10_V_s_reg_1719                         |  33|   0|   33|          0|
    |acc_0_11_V_3_reg_2390                         |  33|   0|   33|          0|
    |acc_0_11_V_be_reg_1851                        |  33|   0|   33|          0|
    |acc_0_11_V_reg_1553                           |  33|   0|   33|          0|
    |acc_0_11_V_s_reg_1708                         |  33|   0|   33|          0|
    |acc_0_1_V_1_1_be_reg_2291                     |  33|   0|   33|          0|
    |acc_0_1_V_1_1_reg_1818                        |  33|   0|   33|          0|
    |acc_0_1_V_1_3_reg_2510                        |  33|   0|   33|          0|
    |acc_0_1_V_1_reg_1673                          |  33|   0|   33|          0|
    |acc_0_1_V_3_1_be_reg_2774                     |  33|   0|   33|          0|
    |acc_0_1_V_3_1_reg_2672                        |  33|   0|   33|          0|
    |acc_0_1_V_3_3_reg_2868                        |  33|   0|   33|          0|
    |acc_0_1_V_3_reg_1507                          |  33|   0|   33|          0|
    |acc_0_1_V_7_reg_2592                          |  33|   0|   33|          0|
    |acc_0_1_V_be_reg_1360                         |  33|   0|   33|          0|
    |acc_0_1_V_reg_1034                            |  33|   0|   33|          0|
    |acc_0_1_V_s_reg_1135                          |  33|   0|   33|          0|
    |acc_0_2_V_1_1_be_reg_2247                     |  33|   0|   33|          0|
    |acc_0_2_V_1_1_reg_1807                        |  33|   0|   33|          0|
    |acc_0_2_V_1_3_reg_2498                        |  33|   0|   33|          0|
    |acc_0_2_V_1_reg_1661                          |  33|   0|   33|          0|
    |acc_0_2_V_3_1_be_reg_2751                     |  33|   0|   33|          0|
    |acc_0_2_V_3_1_reg_2661                        |  33|   0|   33|          0|
    |acc_0_2_V_3_3_reg_2856                        |  33|   0|   33|          0|
    |acc_0_2_V_3_reg_1495                          |  33|   0|   33|          0|
    |acc_0_2_V_7_reg_2580                          |  33|   0|   33|          0|
    |acc_0_2_V_be_reg_1328                         |  33|   0|   33|          0|
    |acc_0_2_V_reg_1022                            |  33|   0|   33|          0|
    |acc_0_2_V_s_reg_1124                          |  33|   0|   33|          0|
    |acc_0_3_V_1_1_be_reg_2203                     |  33|   0|   33|          0|
    |acc_0_3_V_1_1_reg_1796                        |  33|   0|   33|          0|
    |acc_0_3_V_1_3_reg_2486                        |  33|   0|   33|          0|
    |acc_0_3_V_1_reg_1649                          |  33|   0|   33|          0|
    |acc_0_3_V_3_1_be_reg_2728                     |  33|   0|   33|          0|
    |acc_0_3_V_3_1_reg_2650                        |  33|   0|   33|          0|
    |acc_0_3_V_3_3_reg_2844                        |  33|   0|   33|          0|
    |acc_0_3_V_3_reg_1483                          |  33|   0|   33|          0|
    |acc_0_3_V_7_reg_2568                          |  33|   0|   33|          0|
    |acc_0_3_V_be_reg_1296                         |  33|   0|   33|          0|
    |acc_0_3_V_reg_1010                            |  33|   0|   33|          0|
    |acc_0_3_V_s_reg_1113                          |  33|   0|   33|          0|
    |acc_0_4_V_1_1_be_reg_2159                     |  33|   0|   33|          0|
    |acc_0_4_V_1_1_reg_1785                        |  33|   0|   33|          0|
    |acc_0_4_V_1_3_reg_2474                        |  33|   0|   33|          0|
    |acc_0_4_V_1_reg_1637                          |  33|   0|   33|          0|
    |acc_0_4_V_3_1_be_reg_2705                     |  33|   0|   33|          0|
    |acc_0_4_V_3_1_reg_2639                        |  33|   0|   33|          0|
    |acc_0_4_V_3_3_reg_2832                        |  33|   0|   33|          0|
    |acc_0_4_V_3_reg_1471                          |  33|   0|   33|          0|
    |acc_0_4_V_7_reg_2556                          |  33|   0|   33|          0|
    |acc_0_4_V_be_reg_1264                         |  33|   0|   33|          0|
    |acc_0_4_V_reg_998                             |  33|   0|   33|          0|
    |acc_0_4_V_s_reg_1102                          |  33|   0|   33|          0|
    |acc_0_5_V_1_1_be_reg_2115                     |  33|   0|   33|          0|
    |acc_0_5_V_1_1_reg_1774                        |  33|   0|   33|          0|
    |acc_0_5_V_1_3_reg_2462                        |  33|   0|   33|          0|
    |acc_0_5_V_1_reg_1625                          |  33|   0|   33|          0|
    |acc_0_5_V_4_reg_1459                          |  33|   0|   33|          0|
    |acc_0_5_V_be_reg_1232                         |  33|   0|   33|          0|
    |acc_0_5_V_reg_986                             |  33|   0|   33|          0|
    |acc_0_5_V_s_reg_1091                          |  33|   0|   33|          0|
    |acc_0_6_V_1_1_be_reg_2071                     |  33|   0|   33|          0|
    |acc_0_6_V_1_1_reg_1763                        |  33|   0|   33|          0|
    |acc_0_6_V_1_3_reg_2450                        |  33|   0|   33|          0|
    |acc_0_6_V_1_reg_1613                          |  33|   0|   33|          0|
    |acc_0_6_V_4_reg_1447                          |  33|   0|   33|          0|
    |acc_0_6_V_be_reg_1200                         |  33|   0|   33|          0|
    |acc_0_6_V_reg_974                             |  33|   0|   33|          0|
    |acc_0_6_V_s_reg_1080                          |  33|   0|   33|          0|
    |acc_0_7_V_1_1_be_reg_2027                     |  33|   0|   33|          0|
    |acc_0_7_V_1_1_reg_1752                        |  33|   0|   33|          0|
    |acc_0_7_V_1_3_reg_2438                        |  33|   0|   33|          0|
    |acc_0_7_V_1_reg_1601                          |  33|   0|   33|          0|
    |acc_0_7_V_4_reg_1435                          |  33|   0|   33|          0|
    |acc_0_7_V_be_reg_1168                         |  33|   0|   33|          0|
    |acc_0_7_V_reg_962                             |  33|   0|   33|          0|
    |acc_0_7_V_s_reg_1069                          |  33|   0|   33|          0|
    |acc_0_8_V_3_reg_2426                          |  33|   0|   33|          0|
    |acc_0_8_V_be_reg_1983                         |  33|   0|   33|          0|
    |acc_0_8_V_reg_1589                            |  33|   0|   33|          0|
    |acc_0_8_V_s_reg_1741                          |  33|   0|   33|          0|
    |acc_0_9_V_3_reg_2414                          |  33|   0|   33|          0|
    |acc_0_9_V_be_reg_1939                         |  33|   0|   33|          0|
    |acc_0_9_V_reg_1577                            |  33|   0|   33|          0|
    |acc_0_9_V_s_reg_1730                          |  33|   0|   33|          0|
    |ap_CS_fsm                                     |  37|   0|   37|          0|
    |ap_enable_reg_pp0_iter0                       |   1|   0|    1|          0|
    |ap_enable_reg_pp0_iter1                       |   1|   0|    1|          0|
    |ap_enable_reg_pp1_iter0                       |   1|   0|    1|          0|
    |ap_enable_reg_pp1_iter1                       |   1|   0|    1|          0|
    |ap_enable_reg_pp1_iter2                       |   1|   0|    1|          0|
    |ap_enable_reg_pp2_iter0                       |   1|   0|    1|          0|
    |ap_enable_reg_pp2_iter1                       |   1|   0|    1|          0|
    |ap_enable_reg_pp2_iter2                       |   1|   0|    1|          0|
    |ap_enable_reg_pp3_iter0                       |   1|   0|    1|          0|
    |ap_enable_reg_pp3_iter1                       |   1|   0|    1|          0|
    |ap_enable_reg_pp3_iter2                       |   1|   0|    1|          0|
    |ap_enable_reg_pp4_iter0                       |   1|   0|    1|          0|
    |ap_enable_reg_pp4_iter1                       |   1|   0|    1|          0|
    |ap_enable_reg_pp5_iter0                       |   1|   0|    1|          0|
    |ap_enable_reg_pp5_iter1                       |   1|   0|    1|          0|
    |ap_enable_reg_pp5_iter2                       |   1|   0|    1|          0|
    |ap_enable_reg_pp6_iter0                       |   1|   0|    1|          0|
    |ap_enable_reg_pp6_iter1                       |   1|   0|    1|          0|
    |exitcond106_i_i1_reg_4480                     |   1|   0|    1|          0|
    |exitcond106_i_i1_reg_4480_pp3_iter1_reg       |   1|   0|    1|          0|
    |exitcond106_i_i2_reg_4751                     |   1|   0|    1|          0|
    |exitcond106_i_i2_reg_4751_pp5_iter1_reg       |   1|   0|    1|          0|
    |exitcond106_i_i_reg_4264                      |   1|   0|    1|          0|
    |exitcond106_i_i_reg_4264_pp1_iter1_reg        |   1|   0|    1|          0|
    |exitcond_i2_reg_4428                          |   1|   0|    1|          0|
    |exitcond_i2_reg_4428_pp2_iter1_reg            |   1|   0|    1|          0|
    |exitcond_i4_reg_4704                          |   1|   0|    1|          0|
    |exitcond_i6_reg_4865                          |   1|   0|    1|          0|
    |fc1_w_0_V_load_reg_4323                       |  12|   0|   12|          0|
    |fc1_w_1_V_load_reg_4328                       |  12|   0|   12|          0|
    |fc1_w_2_V_load_reg_4333                       |  12|   0|   12|          0|
    |fc1_w_3_V_load_reg_4338                       |  12|   0|   12|          0|
    |fc1_w_4_V_load_reg_4343                       |  12|   0|   12|          0|
    |fc1_w_5_V_load_reg_4348                       |  12|   0|   12|          0|
    |fc1_w_6_V_load_reg_4353                       |  12|   0|   12|          0|
    |fc1_w_7_V_load_reg_4358                       |  12|   0|   12|          0|
    |fc2_w_0_V_load_reg_4559                       |  12|   0|   12|          0|
    |fc2_w_10_V_load_reg_4609                      |  12|   0|   12|          0|
    |fc2_w_11_V_load_reg_4614                      |  12|   0|   12|          0|
    |fc2_w_1_V_load_reg_4564                       |  12|   0|   12|          0|
    |fc2_w_2_V_load_reg_4569                       |  12|   0|   12|          0|
    |fc2_w_3_V_load_reg_4574                       |  12|   0|   12|          0|
    |fc2_w_4_V_load_reg_4579                       |  12|   0|   12|          0|
    |fc2_w_5_V_load_reg_4584                       |  12|   0|   12|          0|
    |fc2_w_6_V_load_reg_4589                       |  12|   0|   12|          0|
    |fc2_w_7_V_load_reg_4594                       |  12|   0|   12|          0|
    |fc2_w_8_V_load_reg_4599                       |  12|   0|   12|          0|
    |fc2_w_9_V_load_reg_4604                       |  12|   0|   12|          0|
    |fc3_w_0_V_load_reg_4790                       |  12|   0|   12|          0|
    |fc3_w_1_V_load_reg_4795                       |  12|   0|   12|          0|
    |fc3_w_2_V_load_reg_4800                       |  12|   0|   12|          0|
    |fc3_w_3_V_load_reg_4805                       |  12|   0|   12|          0|
    |fc3_w_4_V_load_reg_4810                       |  12|   0|   12|          0|
    |grp_conv_banked_1_fu_2944_ap_start_reg        |   1|   0|    1|          0|
    |grp_conv_banked_fu_2914_ap_start_reg          |   1|   0|    1|          0|
    |grp_relu_pool_16_8_8_s_fu_2984_ap_start_reg   |   1|   0|    1|          0|
    |grp_relu_pool_6_24_24_s_fu_2970_ap_start_reg  |   1|   0|    1|          0|
    |i_0_i1_reg_1542                               |   7|   0|    7|          0|
    |i_0_i2_reg_2545                               |   7|   0|    7|          0|
    |i_0_i3_reg_2903                               |   4|   0|    4|          0|
    |i_0_i_reg_951                                 |  10|   0|   10|          0|
    |icmp5_reg_4693                                |   1|   0|    1|          0|
    |icmp8_reg_4854                                |   1|   0|    1|          0|
    |icmp_reg_4417                                 |   1|   0|    1|          0|
    |j11_0_i_i1_reg_2534                           |   4|   0|    4|          0|
    |j11_0_i_i2_reg_2892                           |   3|   0|    3|          0|
    |j11_0_i_i_reg_1531                            |   4|   0|    4|          0|
    |j_0_i_i1_reg_1840                             |   4|   0|    4|          0|
    |j_0_i_i2_reg_2694                             |   3|   0|    3|          0|
    |j_0_i_i_reg_1157                              |   4|   0|    4|          0|
    |j_2_reg_4475                                  |   4|   0|    4|          0|
    |j_3_reg_4406                                  |   4|   0|    4|          0|
    |j_5_reg_4746                                  |   3|   0|    3|          0|
    |j_6_reg_4682                                  |   4|   0|    4|          0|
    |j_8_reg_4843                                  |   3|   0|    3|          0|
    |j_reg_4256                                    |   4|   0|    4|          0|
    |k_0_i_i1_reg_2379                             |   7|   0|    7|          0|
    |k_0_i_i2_reg_2820                             |   7|   0|    7|          0|
    |k_0_i_i_reg_1424                              |   9|   0|    9|          0|
    |k_2_reg_4755                                  |   7|   0|    7|          0|
    |newIndex_reg_4228                             |   7|   0|    7|          0|
    |next_mul_reg_4723                             |   8|   0|    8|          0|
    |p_i1_reg_4687                                 |  23|   0|   23|          0|
    |p_i2_reg_4848                                 |  23|   0|   23|          0|
    |p_i_reg_4411                                  |  23|   0|   23|          0|
    |p_sum1_reg_4699                               |   8|   0|    8|          0|
    |p_sum2_reg_4860                               |   4|   0|    4|          0|
    |p_sum_reg_4423                                |   7|   0|    7|          0|
    |phi_mul_reg_2627                              |   8|   0|    8|          0|
    |pool2_buffer_V_load_reg_4318                  |  11|   0|   11|          0|
    |relu3_buffer_V_load_reg_4554                  |  11|   0|   11|          0|
    |t_0_i1_reg_1697                               |   3|   0|    3|          0|
    |t_0_i2_reg_2616                               |   2|   0|    2|          0|
    |t_0_i_reg_1058                                |   4|   0|    4|          0|
    |t_1_reg_4456                                  |   3|   0|    3|          0|
    |t_2_reg_4732                                  |   2|   0|    2|          0|
    |t_reg_4237                                    |   4|   0|    4|          0|
    |tmp_20_reg_4247                               |   4|   0|    7|          3|
    |tmp_22_reg_4437                               |   7|   0|   64|         57|
    |tmp_22_reg_4437_pp2_iter1_reg                 |   7|   0|   64|         57|
    |tmp_25_reg_4466                               |   6|   0|    8|          2|
    |tmp_32_reg_4713                               |   7|   0|   64|         57|
    |tmp_35_reg_4461                               |   8|   0|   11|          3|
    |tmp_37_reg_4224                               |   3|   0|    3|          0|
    |tmp_45_cast_reg_4737                          |   3|   0|    4|          1|
    |tmp_45_reg_4874                               |   4|   0|   64|         60|
    |tmp_54_cast_reg_4242                          |   4|   0|   13|          9|
    |v_V_3_reg_4447                                |  11|   0|   11|          0|
    +----------------------------------------------+----+----+-----+-----------+
    |Total                                         |3989|   0| 4238|        249|
    +----------------------------------------------+----+----+-----+-----------+



================================================================
== Interface
================================================================
* Summary: 
+----------------------+-----+-----+------------+--------------------------------+--------------+
|       RTL Ports      | Dir | Bits|  Protocol  |          Source Object         |    C Type    |
+----------------------+-----+-----+------------+--------------------------------+--------------+
|ap_clk                |  in |    1| ap_ctrl_hs | lenet_accelerator_with_weights | return value |
|ap_rst                |  in |    1| ap_ctrl_hs | lenet_accelerator_with_weights | return value |
|ap_start              |  in |    1| ap_ctrl_hs | lenet_accelerator_with_weights | return value |
|ap_done               | out |    1| ap_ctrl_hs | lenet_accelerator_with_weights | return value |
|ap_idle               | out |    1| ap_ctrl_hs | lenet_accelerator_with_weights | return value |
|ap_ready              | out |    1| ap_ctrl_hs | lenet_accelerator_with_weights | return value |
|input_V_address0      | out |   10|  ap_memory |             input_V            |     array    |
|input_V_ce0           | out |    1|  ap_memory |             input_V            |     array    |
|input_V_q0            |  in |   12|  ap_memory |             input_V            |     array    |
|conv1_w_0_V_address0  | out |    5|  ap_memory |           conv1_w_0_V          |     array    |
|conv1_w_0_V_ce0       | out |    1|  ap_memory |           conv1_w_0_V          |     array    |
|conv1_w_0_V_q0        |  in |   12|  ap_memory |           conv1_w_0_V          |     array    |
|conv1_w_1_V_address0  | out |    5|  ap_memory |           conv1_w_1_V          |     array    |
|conv1_w_1_V_ce0       | out |    1|  ap_memory |           conv1_w_1_V          |     array    |
|conv1_w_1_V_q0        |  in |   12|  ap_memory |           conv1_w_1_V          |     array    |
|conv1_w_2_V_address0  | out |    5|  ap_memory |           conv1_w_2_V          |     array    |
|conv1_w_2_V_ce0       | out |    1|  ap_memory |           conv1_w_2_V          |     array    |
|conv1_w_2_V_q0        |  in |   12|  ap_memory |           conv1_w_2_V          |     array    |
|conv1_w_3_V_address0  | out |    5|  ap_memory |           conv1_w_3_V          |     array    |
|conv1_w_3_V_ce0       | out |    1|  ap_memory |           conv1_w_3_V          |     array    |
|conv1_w_3_V_q0        |  in |   12|  ap_memory |           conv1_w_3_V          |     array    |
|conv1_w_4_V_address0  | out |    5|  ap_memory |           conv1_w_4_V          |     array    |
|conv1_w_4_V_ce0       | out |    1|  ap_memory |           conv1_w_4_V          |     array    |
|conv1_w_4_V_q0        |  in |   12|  ap_memory |           conv1_w_4_V          |     array    |
|conv1_w_5_V_address0  | out |    5|  ap_memory |           conv1_w_5_V          |     array    |
|conv1_w_5_V_ce0       | out |    1|  ap_memory |           conv1_w_5_V          |     array    |
|conv1_w_5_V_q0        |  in |   12|  ap_memory |           conv1_w_5_V          |     array    |
|conv2_w_0_V_address0  | out |    9|  ap_memory |           conv2_w_0_V          |     array    |
|conv2_w_0_V_ce0       | out |    1|  ap_memory |           conv2_w_0_V          |     array    |
|conv2_w_0_V_q0        |  in |   12|  ap_memory |           conv2_w_0_V          |     array    |
|conv2_w_0_V_address1  | out |    9|  ap_memory |           conv2_w_0_V          |     array    |
|conv2_w_0_V_ce1       | out |    1|  ap_memory |           conv2_w_0_V          |     array    |
|conv2_w_0_V_q1        |  in |   12|  ap_memory |           conv2_w_0_V          |     array    |
|conv2_w_1_V_address0  | out |    9|  ap_memory |           conv2_w_1_V          |     array    |
|conv2_w_1_V_ce0       | out |    1|  ap_memory |           conv2_w_1_V          |     array    |
|conv2_w_1_V_q0        |  in |   12|  ap_memory |           conv2_w_1_V          |     array    |
|conv2_w_1_V_address1  | out |    9|  ap_memory |           conv2_w_1_V          |     array    |
|conv2_w_1_V_ce1       | out |    1|  ap_memory |           conv2_w_1_V          |     array    |
|conv2_w_1_V_q1        |  in |   12|  ap_memory |           conv2_w_1_V          |     array    |
|conv2_w_2_V_address0  | out |    9|  ap_memory |           conv2_w_2_V          |     array    |
|conv2_w_2_V_ce0       | out |    1|  ap_memory |           conv2_w_2_V          |     array    |
|conv2_w_2_V_q0        |  in |   12|  ap_memory |           conv2_w_2_V          |     array    |
|conv2_w_2_V_address1  | out |    9|  ap_memory |           conv2_w_2_V          |     array    |
|conv2_w_2_V_ce1       | out |    1|  ap_memory |           conv2_w_2_V          |     array    |
|conv2_w_2_V_q1        |  in |   12|  ap_memory |           conv2_w_2_V          |     array    |
|conv2_w_3_V_address0  | out |    9|  ap_memory |           conv2_w_3_V          |     array    |
|conv2_w_3_V_ce0       | out |    1|  ap_memory |           conv2_w_3_V          |     array    |
|conv2_w_3_V_q0        |  in |   12|  ap_memory |           conv2_w_3_V          |     array    |
|conv2_w_3_V_address1  | out |    9|  ap_memory |           conv2_w_3_V          |     array    |
|conv2_w_3_V_ce1       | out |    1|  ap_memory |           conv2_w_3_V          |     array    |
|conv2_w_3_V_q1        |  in |   12|  ap_memory |           conv2_w_3_V          |     array    |
|conv2_w_4_V_address0  | out |    9|  ap_memory |           conv2_w_4_V          |     array    |
|conv2_w_4_V_ce0       | out |    1|  ap_memory |           conv2_w_4_V          |     array    |
|conv2_w_4_V_q0        |  in |   12|  ap_memory |           conv2_w_4_V          |     array    |
|conv2_w_4_V_address1  | out |    9|  ap_memory |           conv2_w_4_V          |     array    |
|conv2_w_4_V_ce1       | out |    1|  ap_memory |           conv2_w_4_V          |     array    |
|conv2_w_4_V_q1        |  in |   12|  ap_memory |           conv2_w_4_V          |     array    |
|conv2_w_5_V_address0  | out |    9|  ap_memory |           conv2_w_5_V          |     array    |
|conv2_w_5_V_ce0       | out |    1|  ap_memory |           conv2_w_5_V          |     array    |
|conv2_w_5_V_q0        |  in |   12|  ap_memory |           conv2_w_5_V          |     array    |
|conv2_w_5_V_address1  | out |    9|  ap_memory |           conv2_w_5_V          |     array    |
|conv2_w_5_V_ce1       | out |    1|  ap_memory |           conv2_w_5_V          |     array    |
|conv2_w_5_V_q1        |  in |   12|  ap_memory |           conv2_w_5_V          |     array    |
|conv2_w_6_V_address0  | out |    9|  ap_memory |           conv2_w_6_V          |     array    |
|conv2_w_6_V_ce0       | out |    1|  ap_memory |           conv2_w_6_V          |     array    |
|conv2_w_6_V_q0        |  in |   12|  ap_memory |           conv2_w_6_V          |     array    |
|conv2_w_6_V_address1  | out |    9|  ap_memory |           conv2_w_6_V          |     array    |
|conv2_w_6_V_ce1       | out |    1|  ap_memory |           conv2_w_6_V          |     array    |
|conv2_w_6_V_q1        |  in |   12|  ap_memory |           conv2_w_6_V          |     array    |
|conv2_w_7_V_address0  | out |    9|  ap_memory |           conv2_w_7_V          |     array    |
|conv2_w_7_V_ce0       | out |    1|  ap_memory |           conv2_w_7_V          |     array    |
|conv2_w_7_V_q0        |  in |   12|  ap_memory |           conv2_w_7_V          |     array    |
|conv2_w_7_V_address1  | out |    9|  ap_memory |           conv2_w_7_V          |     array    |
|conv2_w_7_V_ce1       | out |    1|  ap_memory |           conv2_w_7_V          |     array    |
|conv2_w_7_V_q1        |  in |   12|  ap_memory |           conv2_w_7_V          |     array    |
|fc1_w_0_V_address0    | out |   12|  ap_memory |            fc1_w_0_V           |     array    |
|fc1_w_0_V_ce0         | out |    1|  ap_memory |            fc1_w_0_V           |     array    |
|fc1_w_0_V_q0          |  in |   12|  ap_memory |            fc1_w_0_V           |     array    |
|fc1_w_1_V_address0    | out |   12|  ap_memory |            fc1_w_1_V           |     array    |
|fc1_w_1_V_ce0         | out |    1|  ap_memory |            fc1_w_1_V           |     array    |
|fc1_w_1_V_q0          |  in |   12|  ap_memory |            fc1_w_1_V           |     array    |
|fc1_w_2_V_address0    | out |   12|  ap_memory |            fc1_w_2_V           |     array    |
|fc1_w_2_V_ce0         | out |    1|  ap_memory |            fc1_w_2_V           |     array    |
|fc1_w_2_V_q0          |  in |   12|  ap_memory |            fc1_w_2_V           |     array    |
|fc1_w_3_V_address0    | out |   12|  ap_memory |            fc1_w_3_V           |     array    |
|fc1_w_3_V_ce0         | out |    1|  ap_memory |            fc1_w_3_V           |     array    |
|fc1_w_3_V_q0          |  in |   12|  ap_memory |            fc1_w_3_V           |     array    |
|fc1_w_4_V_address0    | out |   12|  ap_memory |            fc1_w_4_V           |     array    |
|fc1_w_4_V_ce0         | out |    1|  ap_memory |            fc1_w_4_V           |     array    |
|fc1_w_4_V_q0          |  in |   12|  ap_memory |            fc1_w_4_V           |     array    |
|fc1_w_5_V_address0    | out |   12|  ap_memory |            fc1_w_5_V           |     array    |
|fc1_w_5_V_ce0         | out |    1|  ap_memory |            fc1_w_5_V           |     array    |
|fc1_w_5_V_q0          |  in |   12|  ap_memory |            fc1_w_5_V           |     array    |
|fc1_w_6_V_address0    | out |   12|  ap_memory |            fc1_w_6_V           |     array    |
|fc1_w_6_V_ce0         | out |    1|  ap_memory |            fc1_w_6_V           |     array    |
|fc1_w_6_V_q0          |  in |   12|  ap_memory |            fc1_w_6_V           |     array    |
|fc1_w_7_V_address0    | out |   12|  ap_memory |            fc1_w_7_V           |     array    |
|fc1_w_7_V_ce0         | out |    1|  ap_memory |            fc1_w_7_V           |     array    |
|fc1_w_7_V_q0          |  in |   12|  ap_memory |            fc1_w_7_V           |     array    |
|fc2_w_0_V_address0    | out |   10|  ap_memory |            fc2_w_0_V           |     array    |
|fc2_w_0_V_ce0         | out |    1|  ap_memory |            fc2_w_0_V           |     array    |
|fc2_w_0_V_q0          |  in |   12|  ap_memory |            fc2_w_0_V           |     array    |
|fc2_w_1_V_address0    | out |   10|  ap_memory |            fc2_w_1_V           |     array    |
|fc2_w_1_V_ce0         | out |    1|  ap_memory |            fc2_w_1_V           |     array    |
|fc2_w_1_V_q0          |  in |   12|  ap_memory |            fc2_w_1_V           |     array    |
|fc2_w_2_V_address0    | out |   10|  ap_memory |            fc2_w_2_V           |     array    |
|fc2_w_2_V_ce0         | out |    1|  ap_memory |            fc2_w_2_V           |     array    |
|fc2_w_2_V_q0          |  in |   12|  ap_memory |            fc2_w_2_V           |     array    |
|fc2_w_3_V_address0    | out |   10|  ap_memory |            fc2_w_3_V           |     array    |
|fc2_w_3_V_ce0         | out |    1|  ap_memory |            fc2_w_3_V           |     array    |
|fc2_w_3_V_q0          |  in |   12|  ap_memory |            fc2_w_3_V           |     array    |
|fc2_w_4_V_address0    | out |   10|  ap_memory |            fc2_w_4_V           |     array    |
|fc2_w_4_V_ce0         | out |    1|  ap_memory |            fc2_w_4_V           |     array    |
|fc2_w_4_V_q0          |  in |   12|  ap_memory |            fc2_w_4_V           |     array    |
|fc2_w_5_V_address0    | out |   10|  ap_memory |            fc2_w_5_V           |     array    |
|fc2_w_5_V_ce0         | out |    1|  ap_memory |            fc2_w_5_V           |     array    |
|fc2_w_5_V_q0          |  in |   12|  ap_memory |            fc2_w_5_V           |     array    |
|fc2_w_6_V_address0    | out |   10|  ap_memory |            fc2_w_6_V           |     array    |
|fc2_w_6_V_ce0         | out |    1|  ap_memory |            fc2_w_6_V           |     array    |
|fc2_w_6_V_q0          |  in |   12|  ap_memory |            fc2_w_6_V           |     array    |
|fc2_w_7_V_address0    | out |   10|  ap_memory |            fc2_w_7_V           |     array    |
|fc2_w_7_V_ce0         | out |    1|  ap_memory |            fc2_w_7_V           |     array    |
|fc2_w_7_V_q0          |  in |   12|  ap_memory |            fc2_w_7_V           |     array    |
|fc2_w_8_V_address0    | out |   10|  ap_memory |            fc2_w_8_V           |     array    |
|fc2_w_8_V_ce0         | out |    1|  ap_memory |            fc2_w_8_V           |     array    |
|fc2_w_8_V_q0          |  in |   12|  ap_memory |            fc2_w_8_V           |     array    |
|fc2_w_9_V_address0    | out |   10|  ap_memory |            fc2_w_9_V           |     array    |
|fc2_w_9_V_ce0         | out |    1|  ap_memory |            fc2_w_9_V           |     array    |
|fc2_w_9_V_q0          |  in |   12|  ap_memory |            fc2_w_9_V           |     array    |
|fc2_w_10_V_address0   | out |   10|  ap_memory |           fc2_w_10_V           |     array    |
|fc2_w_10_V_ce0        | out |    1|  ap_memory |           fc2_w_10_V           |     array    |
|fc2_w_10_V_q0         |  in |   12|  ap_memory |           fc2_w_10_V           |     array    |
|fc2_w_11_V_address0   | out |   10|  ap_memory |           fc2_w_11_V           |     array    |
|fc2_w_11_V_ce0        | out |    1|  ap_memory |           fc2_w_11_V           |     array    |
|fc2_w_11_V_q0         |  in |   12|  ap_memory |           fc2_w_11_V           |     array    |
|fc3_w_0_V_address0    | out |    8|  ap_memory |            fc3_w_0_V           |     array    |
|fc3_w_0_V_ce0         | out |    1|  ap_memory |            fc3_w_0_V           |     array    |
|fc3_w_0_V_q0          |  in |   12|  ap_memory |            fc3_w_0_V           |     array    |
|fc3_w_1_V_address0    | out |    8|  ap_memory |            fc3_w_1_V           |     array    |
|fc3_w_1_V_ce0         | out |    1|  ap_memory |            fc3_w_1_V           |     array    |
|fc3_w_1_V_q0          |  in |   12|  ap_memory |            fc3_w_1_V           |     array    |
|fc3_w_2_V_address0    | out |    8|  ap_memory |            fc3_w_2_V           |     array    |
|fc3_w_2_V_ce0         | out |    1|  ap_memory |            fc3_w_2_V           |     array    |
|fc3_w_2_V_q0          |  in |   12|  ap_memory |            fc3_w_2_V           |     array    |
|fc3_w_3_V_address0    | out |    8|  ap_memory |            fc3_w_3_V           |     array    |
|fc3_w_3_V_ce0         | out |    1|  ap_memory |            fc3_w_3_V           |     array    |
|fc3_w_3_V_q0          |  in |   12|  ap_memory |            fc3_w_3_V           |     array    |
|fc3_w_4_V_address0    | out |    8|  ap_memory |            fc3_w_4_V           |     array    |
|fc3_w_4_V_ce0         | out |    1|  ap_memory |            fc3_w_4_V           |     array    |
|fc3_w_4_V_q0          |  in |   12|  ap_memory |            fc3_w_4_V           |     array    |
|logits_V_address0     | out |    4|  ap_memory |            logits_V            |     array    |
|logits_V_ce0          | out |    1|  ap_memory |            logits_V            |     array    |
|logits_V_we0          | out |    1|  ap_memory |            logits_V            |     array    |
|logits_V_d0           | out |   12|  ap_memory |            logits_V            |     array    |
+----------------------+-----+-----+------------+--------------------------------+--------------+

