

================================================================
== Vivado HLS Report for 'relu_pool_16_8_8_s'
================================================================
* Date:           Sun Sep 13 14:13:24 2026

* Version:        2018.3 (Build 2405991 on Thu Dec 06 23:56:15 MST 2018)
* Project:        optimized
* Solution:       solution1
* Product family: zynq
* Target device:  xc7z020clg400-1


================================================================
== Performance Estimates
================================================================
+ Timing (ns): 
    * Summary: 
    +--------+-------+----------+------------+
    |  Clock | Target| Estimated| Uncertainty|
    +--------+-------+----------+------------+
    |ap_clk  |  10.00|     6.633|        1.25|
    +--------+-------+----------+------------+

+ Latency (clock cycles): 
    * Summary: 
    +-----+-----+-----+-----+---------+
    |  Latency  |  Interval | Pipeline|
    | min | max | min | max |   Type  |
    +-----+-----+-----+-----+---------+
    |  519|  519|  519|  519|   none  |
    +-----+-----+-----+-----+---------+

    + Detail: 
        * Instance: 
        N/A

        * Loop: 
        +----------+-----+-----+----------+-----------+-----------+------+----------+
        |          |  Latency  | Iteration|  Initiation Interval  | Trip |          |
        | Loop Name| min | max |  Latency |  achieved |   target  | Count| Pipelined|
        +----------+-----+-----+----------+-----------+-----------+------+----------+
        |- Loop 1  |  517|  517|         8|          2|          1|   256|    yes   |
        +----------+-----+-----+----------+-----------+-----------+------+----------+



================================================================
== Utilization Estimates
================================================================
* Summary: 
+-----------------+---------+-------+--------+-------+
|       Name      | BRAM_18K| DSP48E|   FF   |  LUT  |
+-----------------+---------+-------+--------+-------+
|DSP              |        -|      -|       -|      -|
|Expression       |        -|      -|       0|    159|
|FIFO             |        -|      -|       -|      -|
|Instance         |        -|      -|       -|      -|
|Memory           |        -|      -|       -|      -|
|Multiplexer      |        -|      -|       -|    114|
|Register         |        0|      -|     229|     64|
+-----------------+---------+-------+--------+-------+
|Total            |        0|      0|     229|    337|
+-----------------+---------+-------+--------+-------+
|Available        |      280|    220|  106400|  53200|
+-----------------+---------+-------+--------+-------+
|Utilization (%)  |        0|      0|   ~0   |   ~0  |
+-----------------+---------+-------+--------+-------+

+ Detail: 
    * Instance: 
    N/A

    * DSP48: 
    N/A

    * Memory: 
    N/A

    * FIFO: 
    N/A

    * Expression: 
    +-----------------------------+----------+-------+---+----+------------+------------+
    |        Variable Name        | Operation| DSP48E| FF| LUT| Bitwidth P0| Bitwidth P1|
    +-----------------------------+----------+-------+---+----+------------+------------+
    |i_2_fu_183_p2                |     +    |      0|  0|  15|           9|           1|
    |exitcond_fu_177_p2           |   icmp   |      0|  0|  13|           9|          10|
    |tmp_14_fu_281_p2             |   icmp   |      0|  0|  13|          12|          12|
    |tmp_15_fu_225_p2             |   icmp   |      0|  0|  13|          12|          12|
    |tmp_16_fu_320_p2             |   icmp   |      0|  0|  13|          12|          12|
    |tmp_18_fu_364_p2             |   icmp   |      0|  0|  13|          12|           1|
    |newIndex4_fu_213_p2          |    or    |      0|  0|   9|           9|           3|
    |tmp_32_fu_252_p2             |    or    |      0|  0|   4|           4|           4|
    |a_V_fu_301_p3                |  select  |      0|  0|  12|           1|          12|
    |b_V_fu_313_p3                |  select  |      0|  0|  12|           1|          12|
    |p_pn255_in_v_cast_fu_236_p3  |  select  |      0|  0|   5|           1|           5|
    |v_V_2_fu_370_p3              |  select  |      0|  0|  11|           1|          11|
    |v_V_fu_353_p3                |  select  |      0|  0|  12|           1|          12|
    |v_V_v_fu_326_p3              |  select  |      0|  0|  10|           1|          10|
    |ap_enable_pp0                |    xor   |      0|  0|   2|           1|           2|
    |not_tmp_s_fu_285_p2          |    xor   |      0|  0|   2|           1|           2|
    +-----------------------------+----------+-------+---+----+------------+------------+
    |Total                        |          |      0|  0| 159|          87|         121|
    +-----------------------------+----------+-------+---+----+------------+------------+

    * Multiplexer: 
    +----------------------------+----+-----------+-----+-----------+
    |            Name            | LUT| Input Size| Bits| Total Bits|
    +----------------------------+----+-----------+-----+-----------+
    |ap_NS_fsm                   |  27|          5|    1|          5|
    |ap_enable_reg_pp0_iter3     |   9|          2|    1|          2|
    |ap_phi_mux_i_phi_fu_169_p4  |   9|          2|    9|         18|
    |i_reg_165                   |   9|          2|    9|         18|
    |in_0_V_address0             |  15|          3|    9|         27|
    |in_0_V_address1             |  15|          3|    9|         27|
    |in_1_V_address0             |  15|          3|    9|         27|
    |in_1_V_address1             |  15|          3|    9|         27|
    +----------------------------+----+-----------+-----+-----------+
    |Total                       | 114|         23|   56|        151|
    +----------------------------+----+-----------+-----+-----------+

    * Register: 
    +------------------------------+----+----+-----+-----------+
    |             Name             | FF | LUT| Bits| Const Bits|
    +------------------------------+----+----+-----+-----------+
    |ap_CS_fsm                     |   4|   0|    4|          0|
    |ap_enable_reg_pp0_iter0       |   1|   0|    1|          0|
    |ap_enable_reg_pp0_iter1       |   1|   0|    1|          0|
    |ap_enable_reg_pp0_iter2       |   1|   0|    1|          0|
    |ap_enable_reg_pp0_iter3       |   1|   0|    1|          0|
    |exitcond_reg_383              |   1|   0|    1|          0|
    |i_2_reg_387                   |   9|   0|    9|          0|
    |i_reg_165                     |   9|   0|    9|          0|
    |in_0_V_load_reg_436           |  12|   0|   12|          0|
    |in_1_V_load_reg_442           |  12|   0|   12|          0|
    |newIndex2_reg_405             |   8|   0|    9|          1|
    |newIndex_reg_468              |   9|   0|    9|          0|
    |tmp_15_reg_420                |   1|   0|    1|          0|
    |tmp_15_reg_420_pp0_iter1_reg  |   1|   0|    1|          0|
    |tmp_20_reg_398                |   6|   0|    6|          0|
    |tmp_20_reg_398_pp0_iter1_reg  |   6|   0|    6|          0|
    |tmp_30_reg_392                |   2|   0|    2|          0|
    |tmp_30_reg_392_pp0_iter1_reg  |   2|   0|    2|          0|
    |tmp_32_reg_448                |   3|   0|    4|          1|
    |tmp_34_reg_463                |   1|   0|    1|          0|
    |v_V_2_reg_483                 |  11|   0|   11|          0|
    |exitcond_reg_383              |  64|  32|    1|          0|
    |i_reg_165                     |  64|  32|    9|          0|
    +------------------------------+----+----+-----+-----------+
    |Total                         | 229|  64|  113|          2|
    +------------------------------+----+----+-----+-----------+



================================================================
== Interface
================================================================
* Summary: 
+-----------------+-----+-----+------------+---------------------+--------------+
|    RTL Ports    | Dir | Bits|  Protocol  |    Source Object    |    C Type    |
+-----------------+-----+-----+------------+---------------------+--------------+
|ap_clk           |  in |    1| ap_ctrl_hs | relu_pool<16, 8, 8> | return value |
|ap_rst           |  in |    1| ap_ctrl_hs | relu_pool<16, 8, 8> | return value |
|ap_start         |  in |    1| ap_ctrl_hs | relu_pool<16, 8, 8> | return value |
|ap_done          | out |    1| ap_ctrl_hs | relu_pool<16, 8, 8> | return value |
|ap_idle          | out |    1| ap_ctrl_hs | relu_pool<16, 8, 8> | return value |
|ap_ready         | out |    1| ap_ctrl_hs | relu_pool<16, 8, 8> | return value |
|in_0_V_address0  | out |    9|  ap_memory |        in_0_V       |     array    |
|in_0_V_ce0       | out |    1|  ap_memory |        in_0_V       |     array    |
|in_0_V_q0        |  in |   12|  ap_memory |        in_0_V       |     array    |
|in_0_V_address1  | out |    9|  ap_memory |        in_0_V       |     array    |
|in_0_V_ce1       | out |    1|  ap_memory |        in_0_V       |     array    |
|in_0_V_q1        |  in |   12|  ap_memory |        in_0_V       |     array    |
|in_1_V_address0  | out |    9|  ap_memory |        in_1_V       |     array    |
|in_1_V_ce0       | out |    1|  ap_memory |        in_1_V       |     array    |
|in_1_V_q0        |  in |   12|  ap_memory |        in_1_V       |     array    |
|in_1_V_address1  | out |    9|  ap_memory |        in_1_V       |     array    |
|in_1_V_ce1       | out |    1|  ap_memory |        in_1_V       |     array    |
|in_1_V_q1        |  in |   12|  ap_memory |        in_1_V       |     array    |
|out_V_address0   | out |    8|  ap_memory |        out_V        |     array    |
|out_V_ce0        | out |    1|  ap_memory |        out_V        |     array    |
|out_V_we0        | out |    1|  ap_memory |        out_V        |     array    |
|out_V_d0         | out |   11|  ap_memory |        out_V        |     array    |
+-----------------+-----+-----+------------+---------------------+--------------+

