Copyright 1986-2018 Xilinx, Inc. All Rights Reserved.
----------------------------------------------------------------------------------------
| Tool Version     : Vivado v.2018.3 (win64) Build 2405991 Thu Dec  6 23:38:27 MST 2018
| Date             : Sun Sep 13 14:45:26 2026
| Host             : LAPTOP-3ECJV11A running 64-bit major release  (build 9200)
| Command          : report_power -file activity_power.rpt
| Design           : lenet_accelerator_with_weights
| Device           : xc7z020clg400-1
| Design State     : routed
| Grade            : commercial
| Process          : typical
| Characterization : Production
----------------------------------------------------------------------------------------

Power Report

Table of Contents
-----------------
1. Summary
1.1 On-Chip Components
1.2 Power Supply Summary
1.3 Confidence Level
2. Settings
2.1 Environment
2.2 Clock Constraints
3. Detailed Reports
3.1 By Hierarchy

1. Summary
----------

+--------------------------+-------------------------------------------------------------------------------+
| Total On-Chip Power (W)  | 0.177                                                                         |
| Design Power Budget (W)  | Unspecified*                                                                  |
| Power Budget Margin (W)  | NA                                                                            |
| Dynamic (W)              | 0.073                                                                         |
| Device Static (W)        | 0.104                                                                         |
| Effective TJA (C/W)      | 11.5                                                                          |
| Max Ambient (C)          | 83.0                                                                          |
| Junction Temperature (C) | 27.0                                                                          |
| Confidence Level         | High                                                                          |
| Setting File             | ---                                                                           |
| Simulation Activity File | D:/Desktop/LeNet/FPGA_LeNet_final/optimization/results/baseline/activity.saif |
| Design Nets Matched      | 54%   (25824/47540)                                                           |
+--------------------------+-------------------------------------------------------------------------------+
* Specify Design Power Budget using, set_operating_conditions -design_power_budget <value in Watts>


1.1 On-Chip Components
----------------------

+--------------------------+-----------+----------+-----------+-----------------+
| On-Chip                  | Power (W) | Used     | Available | Utilization (%) |
+--------------------------+-----------+----------+-----------+-----------------+
| Clocks                   |     0.036 |        3 |       --- |             --- |
| Slice Logic              |     0.006 |    41154 |       --- |             --- |
|   LUT as Logic           |     0.006 |    12461 |     53200 |           23.42 |
|   Register               |    <0.001 |    23078 |    106400 |           21.69 |
|   CARRY4                 |    <0.001 |      464 |     13300 |            3.49 |
|   F7/F8 Muxes            |    <0.001 |      615 |     53200 |            1.16 |
|   LUT as Shift Register  |    <0.001 |      140 |     17400 |            0.80 |
|   LUT as Distributed RAM |    <0.001 |       81 |     17400 |            0.47 |
|   Others                 |     0.000 |      267 |       --- |             --- |
| Signals                  |     0.012 |    36108 |       --- |             --- |
| Block RAM                |     0.001 |        7 |       140 |            5.00 |
| DSPs                     |     0.018 |      146 |       220 |           66.36 |
| Static Power             |     0.104 |          |           |                 |
| Total                    |     0.177 |          |           |                 |
+--------------------------+-----------+----------+-----------+-----------------+


1.2 Power Supply Summary
------------------------

+-----------+-------------+-----------+-------------+------------+
| Source    | Voltage (V) | Total (A) | Dynamic (A) | Static (A) |
+-----------+-------------+-----------+-------------+------------+
| Vccint    |       1.000 |     0.081 |       0.073 |      0.008 |
| Vccaux    |       1.800 |     0.010 |       0.000 |      0.010 |
| Vcco33    |       3.300 |     0.000 |       0.000 |      0.000 |
| Vcco25    |       2.500 |     0.000 |       0.000 |      0.000 |
| Vcco18    |       1.800 |     0.000 |       0.000 |      0.000 |
| Vcco15    |       1.500 |     0.000 |       0.000 |      0.000 |
| Vcco135   |       1.350 |     0.000 |       0.000 |      0.000 |
| Vcco12    |       1.200 |     0.000 |       0.000 |      0.000 |
| Vccaux_io |       1.800 |     0.000 |       0.000 |      0.000 |
| Vccbram   |       1.000 |     0.001 |       0.000 |      0.001 |
| MGTAVcc   |       1.000 |     0.000 |       0.000 |      0.000 |
| MGTAVtt   |       1.200 |     0.000 |       0.000 |      0.000 |
| MGTVccaux |       1.800 |     0.000 |       0.000 |      0.000 |
| Vccpint   |       1.000 |     0.017 |       0.000 |      0.017 |
| Vccpaux   |       1.800 |     0.010 |       0.000 |      0.010 |
| Vccpll    |       1.800 |     0.003 |       0.000 |      0.003 |
| Vcco_ddr  |       1.500 |     0.000 |       0.000 |      0.000 |
| Vcco_mio0 |       1.800 |     0.000 |       0.000 |      0.000 |
| Vcco_mio1 |       1.800 |     0.000 |       0.000 |      0.000 |
| Vccadc    |       1.800 |     0.020 |       0.000 |      0.020 |
+-----------+-------------+-----------+-------------+------------+


1.3 Confidence Level
--------------------

+-----------------------------+------------+------------------------------------------------+--------+
| User Input Data             | Confidence | Details                                        | Action |
+-----------------------------+------------+------------------------------------------------+--------+
| Design implementation state | High       | Design is routed                               |        |
| Clock nodes activity        | High       | User specified more than 95% of clocks         |        |
| I/O nodes activity          | High       | User specified more than 95% of inputs         |        |
| Internal nodes activity     | High       | User specified more than 25% of internal nodes |        |
| Device models               | High       | Device models are Production                   |        |
|                             |            |                                                |        |
| Overall confidence level    | High       |                                                |        |
+-----------------------------+------------+------------------------------------------------+--------+


2. Settings
-----------

2.1 Environment
---------------

+-----------------------+------------------------+
| Ambient Temp (C)      | 25.0                   |
| ThetaJA (C/W)         | 11.5                   |
| Airflow (LFM)         | 250                    |
| Heat Sink             | none                   |
| ThetaSA (C/W)         | 0.0                    |
| Board Selection       | medium (10"x10")       |
| # of Board Layers     | 8to11 (8 to 11 Layers) |
| Board Temperature (C) | 25.0                   |
+-----------------------+------------------------+


2.2 Clock Constraints
---------------------

+--------+--------+-----------------+
| Clock  | Domain | Constraint (ns) |
+--------+--------+-----------------+
| ap_clk | ap_clk |            10.0 |
+--------+--------+-----------------+


3. Detailed Reports
-------------------

3.1 By Hierarchy
----------------

+--------------------------------------+-----------+
| Name                                 | Power (W) |
+--------------------------------------+-----------+
| lenet_accelerator_with_weights       |     0.073 |
|   grp_member6_controller_fu_152      |     0.071 |
|     grp_conv2d_gemm_direct_1_fu_3029 |     0.032 |
|       lenet_acceleratormb6_U160      |     0.001 |
|     grp_conv2d_gemm_direct_fu_3005   |     0.031 |
|     lenet_acceleratorqcK_U193        |     0.001 |
|       lenet_acceleratorqcK_DSP48_4_U |     0.001 |
|     lenet_acceleratorqcK_U203        |     0.001 |
|       lenet_acceleratorqcK_DSP48_4_U |     0.001 |
+--------------------------------------+-----------+


