Copyright 1986-2018 Xilinx, Inc. All Rights Reserved.
------------------------------------------------------------------------------------
| Tool Version : Vivado v.2018.3 (win64) Build 2405991 Thu Dec  6 23:38:27 MST 2018
| Date         : Sun Sep 13 14:22:16 2026
| Host         : LAPTOP-3ECJV11A running 64-bit major release  (build 9200)
| Command      : report_timing_summary -file timing.rpt
| Design       : lenet_accelerator_with_weights
| Device       : 7z020-clg400
| Speed File   : -1  PRODUCTION 1.11 2014-09-11
------------------------------------------------------------------------------------

Timing Summary Report

------------------------------------------------------------------------------------------------
| Timer Settings
| --------------
------------------------------------------------------------------------------------------------

  Enable Multi Corner Analysis               :  Yes
  Enable Pessimism Removal                   :  Yes
  Pessimism Removal Resolution               :  Nearest Common Node
  Enable Input Delay Default Clock           :  No
  Enable Preset / Clear Arcs                 :  No
  Disable Flight Delays                      :  No
  Ignore I/O Paths                           :  No
  Timing Early Launch at Borrowing Latches   :  false

  Corner  Analyze    Analyze    
  Name    Max Paths  Min Paths  
  ------  ---------  ---------  
  Slow    Yes        Yes        
  Fast    Yes        Yes        



check_timing report

Table of Contents
-----------------
1. checking no_clock
2. checking constant_clock
3. checking pulse_width_clock
4. checking unconstrained_internal_endpoints
5. checking no_input_delay
6. checking no_output_delay
7. checking multiple_clock
8. checking generated_clocks
9. checking loops
10. checking partial_input_delay
11. checking partial_output_delay
12. checking latch_loops

1. checking no_clock
--------------------
 There are 0 register/latch pins with no clock.


2. checking constant_clock
--------------------------
 There are 0 register/latch pins with constant_clock.


3. checking pulse_width_clock
-----------------------------
 There are 0 register/latch pins which need pulse_width check


4. checking unconstrained_internal_endpoints
--------------------------------------------
 There are 0 pins that are not constrained for maximum delay.

 There are 0 pins that are not constrained for maximum delay due to constant clock.


5. checking no_input_delay
--------------------------
 There are 0 input ports with no input delay specified.

 There are 0 input ports with no input delay but user has a false path constraint.


6. checking no_output_delay
---------------------------
 There are 0 ports with no output delay specified.

 There are 0 ports with no output delay but user has a false path constraint

 There are 0 ports with no output delay but with a timing clock defined on it or propagating through it


7. checking multiple_clock
--------------------------
 There are 0 register/latch pins with multiple clocks.


8. checking generated_clocks
----------------------------
 There are 0 generated clocks that are not connected to a clock source.


9. checking loops
-----------------
 There are 0 combinational loops in the design.


10. checking partial_input_delay
--------------------------------
 There are 0 input ports with partial input delay specified.


11. checking partial_output_delay
---------------------------------
 There are 0 ports with partial output delay specified.


12. checking latch_loops
------------------------
 There are 0 combinational latch loops in the design through latch input



------------------------------------------------------------------------------------------------
| Design Timing Summary
| ---------------------
------------------------------------------------------------------------------------------------

    WNS(ns)      TNS(ns)  TNS Failing Endpoints  TNS Total Endpoints      WHS(ns)      THS(ns)  THS Failing Endpoints  THS Total Endpoints     WPWS(ns)     TPWS(ns)  TPWS Failing Endpoints  TPWS Total Endpoints  
    -------      -------  ---------------------  -------------------      -------      -------  ---------------------  -------------------     --------     --------  ----------------------  --------------------  
      0.347        0.000                      0                63581       -0.489     -374.585                   1665                63581        3.750        0.000                       0                 23512  


Timing constraints are not met.


------------------------------------------------------------------------------------------------
| Clock Summary
| -------------
------------------------------------------------------------------------------------------------

Clock   Waveform(ns)       Period(ns)      Frequency(MHz)
-----   ------------       ----------      --------------
ap_clk  {0.000 5.000}      10.000          100.000         


------------------------------------------------------------------------------------------------
| Intra Clock Table
| -----------------
------------------------------------------------------------------------------------------------

Clock             WNS(ns)      TNS(ns)  TNS Failing Endpoints  TNS Total Endpoints      WHS(ns)      THS(ns)  THS Failing Endpoints  THS Total Endpoints     WPWS(ns)     TPWS(ns)  TPWS Failing Endpoints  TPWS Total Endpoints  
-----             -------      -------  ---------------------  -------------------      -------      -------  ---------------------  -------------------     --------     --------  ----------------------  --------------------  
ap_clk              0.347        0.000                      0                63581       -0.489     -374.585                   1665                63581        3.750        0.000                       0                 23512  


------------------------------------------------------------------------------------------------
| Inter Clock Table
| -----------------
------------------------------------------------------------------------------------------------

From Clock    To Clock          WNS(ns)      TNS(ns)  TNS Failing Endpoints  TNS Total Endpoints      WHS(ns)      THS(ns)  THS Failing Endpoints  THS Total Endpoints  
----------    --------          -------      -------  ---------------------  -------------------      -------      -------  ---------------------  -------------------  


------------------------------------------------------------------------------------------------
| Other Path Groups Table
| -----------------------
------------------------------------------------------------------------------------------------

Path Group    From Clock    To Clock          WNS(ns)      TNS(ns)  TNS Failing Endpoints  TNS Total Endpoints      WHS(ns)      THS(ns)  THS Failing Endpoints  THS Total Endpoints  
----------    ----------    --------          -------      -------  ---------------------  -------------------      -------      -------  ---------------------  -------------------  


------------------------------------------------------------------------------------------------
| Timing Details
| --------------
------------------------------------------------------------------------------------------------


---------------------------------------------------------------------------------------------------
From Clock:  ap_clk
  To Clock:  ap_clk

Setup :            0  Failing Endpoints,  Worst Slack        0.347ns,  Total Violation        0.000ns
Hold  :         1665  Failing Endpoints,  Worst Slack       -0.489ns,  Total Violation     -374.585ns
PW    :            0  Failing Endpoints,  Worst Slack        3.750ns,  Total Violation        0.000ns
---------------------------------------------------------------------------------------------------


Max Delay Paths
--------------------------------------------------------------------------------------
Slack (MET) :             0.347ns  (required time - arrival time)
  Source:                 grp_member6_controller_fu_152/grp_conv2d_gemm_direct_fu_3005/ap_CS_fsm_reg[8]/C
                            (rising edge-triggered cell FDRE clocked by ap_clk  {rise@0.000ns fall@5.000ns period=10.000ns})
  Destination:            grp_member6_controller_fu_152/grp_conv2d_gemm_direct_fu_3005/acc_4_4_V_3_reg_2168_reg[24]/D
                            (rising edge-triggered cell FDRE clocked by ap_clk  {rise@0.000ns fall@5.000ns period=10.000ns})
  Path Group:             ap_clk
  Path Type:              Setup (Max at Slow Process Corner)
  Requirement:            10.000ns  (ap_clk rise@10.000ns - ap_clk rise@0.000ns)
  Data Path Delay:        9.600ns  (logic 0.580ns (6.042%)  route 9.020ns (93.958%))
  Logic Levels:           1  (LUT3=1)
  Clock Path Skew:        -0.049ns (DCD - SCD + CPR)
    Destination Clock Delay (DCD):    0.924ns = ( 10.924 - 10.000 ) 
    Source Clock Delay      (SCD):    0.973ns
    Clock Pessimism Removal (CPR):    0.000ns
  Clock Uncertainty:      0.035ns  ((TSJ^2 + TIJ^2)^1/2 + DJ) / 2 + PE
    Total System Jitter     (TSJ):    0.071ns
    Total Input Jitter      (TIJ):    0.000ns
    Discrete Jitter          (DJ):    0.000ns
    Phase Error              (PE):    0.000ns

    Location             Delay type                Incr(ns)  Path(ns)    Netlist Resource(s)
  -------------------------------------------------------------------    -------------------
                         (clock ap_clk rise edge)     0.000     0.000 r  
                                                      0.000     0.000 r  ap_clk (IN)
                         net (fo=23511, unset)        0.973     0.973    grp_member6_controller_fu_152/grp_conv2d_gemm_direct_fu_3005/ap_clk
    SLICE_X40Y37         FDRE                                         r  grp_member6_controller_fu_152/grp_conv2d_gemm_direct_fu_3005/ap_CS_fsm_reg[8]/C
  -------------------------------------------------------------------    -------------------
    SLICE_X40Y37         FDRE (Prop_fdre_C_Q)         0.456     1.429 r  grp_member6_controller_fu_152/grp_conv2d_gemm_direct_fu_3005/ap_CS_fsm_reg[8]/Q
                         net (fo=2119, routed)        9.020    10.449    grp_member6_controller_fu_152/grp_conv2d_gemm_direct_fu_3005/ap_CS_fsm_state9
    SLICE_X68Y31         LUT3 (Prop_lut3_I2_O)        0.124    10.573 r  grp_member6_controller_fu_152/grp_conv2d_gemm_direct_fu_3005/acc_4_4_V_3_reg_2168[24]_i_1/O
                         net (fo=1, routed)           0.000    10.573    grp_member6_controller_fu_152/grp_conv2d_gemm_direct_fu_3005/acc_4_4_V_3_reg_2168[24]
    SLICE_X68Y31         FDRE                                         r  grp_member6_controller_fu_152/grp_conv2d_gemm_direct_fu_3005/acc_4_4_V_3_reg_2168_reg[24]/D
  -------------------------------------------------------------------    -------------------

                         (clock ap_clk rise edge)    10.000    10.000 r  
                                                      0.000    10.000 r  ap_clk (IN)
                         net (fo=23511, unset)        0.924    10.924    grp_member6_controller_fu_152/grp_conv2d_gemm_direct_fu_3005/ap_clk
    SLICE_X68Y31         FDRE                                         r  grp_member6_controller_fu_152/grp_conv2d_gemm_direct_fu_3005/acc_4_4_V_3_reg_2168_reg[24]/C
                         clock pessimism              0.000    10.924    
                         clock uncertainty           -0.035    10.889    
    SLICE_X68Y31         FDRE (Setup_fdre_C_D)        0.031    10.920    grp_member6_controller_fu_152/grp_conv2d_gemm_direct_fu_3005/acc_4_4_V_3_reg_2168_reg[24]
  -------------------------------------------------------------------
                         required time                         10.920    
                         arrival time                         -10.573    
  -------------------------------------------------------------------
                         slack                                  0.347    





Min Delay Paths
--------------------------------------------------------------------------------------
Slack (VIOLATED) :        -0.489ns  (arrival time - required time)
  Source:                 input_V_q0[0]
                            (input port clocked by ap_clk  {rise@0.000ns fall@5.000ns period=10.000ns})
  Destination:            input_buffer_U/lenet_acceleratorrcU_ram_U/ram_reg/DIADI[0]
                            (rising edge-triggered cell RAMB18E1 clocked by ap_clk  {rise@0.000ns fall@5.000ns period=10.000ns})
  Path Group:             ap_clk
  Path Type:              Hold (Min at Slow Process Corner)
  Requirement:            0.000ns  (ap_clk rise@0.000ns - ap_clk rise@0.000ns)
  Data Path Delay:        0.924ns  (logic 0.000ns (0.000%)  route 0.924ns (100.000%))
  Logic Levels:           0  
  Input Delay:            0.000ns
  Clock Path Skew:        0.973ns (DCD - SCD - CPR)
    Destination Clock Delay (DCD):    0.973ns
    Source Clock Delay      (SCD):    0.000ns
    Clock Pessimism Removal (CPR):    -0.000ns
  Clock Uncertainty:      0.035ns  ((TSJ^2 + TIJ^2)^1/2 + DJ) / 2 + PE
    Total System Jitter     (TSJ):    0.071ns
    Total Input Jitter      (TIJ):    0.000ns
    Discrete Jitter          (DJ):    0.000ns
    Phase Error              (PE):    0.000ns

    Location             Delay type                Incr(ns)  Path(ns)    Netlist Resource(s)
  -------------------------------------------------------------------    -------------------
                         (clock ap_clk rise edge)     0.000     0.000 r  
                         input delay                  0.000     0.000    
                                                      0.000     0.000 r  input_V_q0[0] (IN)
                         net (fo=0)                   0.924     0.924    input_buffer_U/lenet_acceleratorrcU_ram_U/input_V_q0[0]
    RAMB18_X3Y34         RAMB18E1                                     r  input_buffer_U/lenet_acceleratorrcU_ram_U/ram_reg/DIADI[0]
  -------------------------------------------------------------------    -------------------

                         (clock ap_clk rise edge)     0.000     0.000 r  
                                                      0.000     0.000 r  ap_clk (IN)
                         net (fo=23511, unset)        0.973     0.973    input_buffer_U/lenet_acceleratorrcU_ram_U/ap_clk
    RAMB18_X3Y34         RAMB18E1                                     r  input_buffer_U/lenet_acceleratorrcU_ram_U/ram_reg/CLKARDCLK
                         clock pessimism              0.000     0.973    
                         clock uncertainty            0.035     1.008    
    RAMB18_X3Y34         RAMB18E1 (Hold_ramb18e1_CLKARDCLK_DIADI[0])
                                                      0.405     1.413    input_buffer_U/lenet_acceleratorrcU_ram_U/ram_reg
  -------------------------------------------------------------------
                         required time                         -1.413    
                         arrival time                           0.924    
  -------------------------------------------------------------------
                         slack                                 -0.489    





Pulse Width Checks
--------------------------------------------------------------------------------------
Clock Name:         ap_clk
Waveform(ns):       { 0.000 5.000 }
Period(ns):         10.000
Sources:            { ap_clk }

Check Type        Corner  Lib Pin      Reference Pin  Required(ns)  Actual(ns)  Slack(ns)  Location     Pin
Min Period        n/a     DSP48E1/CLK  n/a            3.884         10.000      6.116      DSP48_X3Y20  grp_member6_controller_fu_152/grp_conv2d_gemm_direct_fu_3005/lenet_acceleratoreOg_U20/lenet_acceleratoreOg_DSP48_0_U/p/CLK
Low Pulse Width   Fast    RAMS32/CLK   n/a            1.250         5.000       3.750      SLICE_X82Y7  fc2_buffer_U/lenet_acceleratorBew_ram_U/ram_reg_0_15_0_0/SP/CLK
High Pulse Width  Slow    RAMS32/CLK   n/a            1.250         5.000       3.750      SLICE_X82Y7  fc2_buffer_U/lenet_acceleratorBew_ram_U/ram_reg_0_15_0_0/SP/CLK



