Copyright 1986-2018 Xilinx, Inc. All Rights Reserved.
----------------------------------------------------------------------------------------
| Tool Version     : Vivado v.2018.3 (win64) Build 2405991 Thu Dec  6 23:38:27 MST 2018
| Date             : Sun Sep 13 14:22:25 2026
| Host             : LAPTOP-3ECJV11A running 64-bit major release  (build 9200)
| Command          : report_power -file vectorless_power.rpt
| Design           : lenet_accelerator_with_weights
| Device           : xc7z020clg400-1
| Design State     : routed
| Grade            : commercial
| Process          : typical
| Characterization : Production
----------------------------------------------------------------------------------------

Power Report

Table of Contents
-----------------
1. Summary
1.1 On-Chip Components
1.2 Power Supply Summary
1.3 Confidence Level
2. Settings
2.1 Environment
2.2 Clock Constraints
3. Detailed Reports
3.1 By Hierarchy

1. Summary
----------

+--------------------------+--------------+
| Total On-Chip Power (W)  | 0.609        |
| Design Power Budget (W)  | Unspecified* |
| Power Budget Margin (W)  | NA           |
| Dynamic (W)              | 0.498        |
| Device Static (W)        | 0.111        |
| Effective TJA (C/W)      | 11.5         |
| Max Ambient (C)          | 78.0         |
| Junction Temperature (C) | 32.0         |
| Confidence Level         | Medium       |
| Setting File             | ---          |
| Simulation Activity File | ---          |
| Design Nets Matched      | NA           |
+--------------------------+--------------+
* Specify Design Power Budget using, set_operating_conditions -design_power_budget <value in Watts>


1.1 On-Chip Components
----------------------

+--------------------------+-----------+----------+-----------+-----------------+
| On-Chip                  | Power (W) | Used     | Available | Utilization (%) |
+--------------------------+-----------+----------+-----------+-----------------+
| Clocks                   |     0.057 |        3 |       --- |             --- |
| Slice Logic              |     0.081 |    41154 |       --- |             --- |
|   LUT as Logic           |     0.072 |    12461 |     53200 |           23.42 |
|   Register               |     0.006 |    23078 |    106400 |           21.69 |
|   CARRY4                 |     0.001 |      464 |     13300 |            3.49 |
|   F7/F8 Muxes            |    <0.001 |      615 |     53200 |            1.16 |
|   LUT as Distributed RAM |    <0.001 |       81 |     17400 |            0.47 |
|   LUT as Shift Register  |    <0.001 |      140 |     17400 |            0.80 |
|   Others                 |     0.000 |      267 |       --- |             --- |
| Signals                  |     0.183 |    36108 |       --- |             --- |
| Block RAM                |     0.009 |        7 |       140 |            5.00 |
| DSPs                     |     0.167 |      146 |       220 |           66.36 |
| Static Power             |     0.111 |          |           |                 |
| Total                    |     0.609 |          |           |                 |
+--------------------------+-----------+----------+-----------+-----------------+


1.2 Power Supply Summary
------------------------

+-----------+-------------+-----------+-------------+------------+
| Source    | Voltage (V) | Total (A) | Dynamic (A) | Static (A) |
+-----------+-------------+-----------+-------------+------------+
| Vccint    |       1.000 |     0.506 |       0.497 |      0.009 |
| Vccaux    |       1.800 |     0.012 |       0.000 |      0.012 |
| Vcco33    |       3.300 |     0.000 |       0.000 |      0.000 |
| Vcco25    |       2.500 |     0.000 |       0.000 |      0.000 |
| Vcco18    |       1.800 |     0.000 |       0.000 |      0.000 |
| Vcco15    |       1.500 |     0.000 |       0.000 |      0.000 |
| Vcco135   |       1.350 |     0.000 |       0.000 |      0.000 |
| Vcco12    |       1.200 |     0.000 |       0.000 |      0.000 |
| Vccaux_io |       1.800 |     0.000 |       0.000 |      0.000 |
| Vccbram   |       1.000 |     0.001 |       0.001 |      0.001 |
| MGTAVcc   |       1.000 |     0.000 |       0.000 |      0.000 |
| MGTAVtt   |       1.200 |     0.000 |       0.000 |      0.000 |
| MGTVccaux |       1.800 |     0.000 |       0.000 |      0.000 |
| Vccpint   |       1.000 |     0.020 |       0.000 |      0.020 |
| Vccpaux   |       1.800 |     0.010 |       0.000 |      0.010 |
| Vccpll    |       1.800 |     0.003 |       0.000 |      0.003 |
| Vcco_ddr  |       1.500 |     0.000 |       0.000 |      0.000 |
| Vcco_mio0 |       1.800 |     0.000 |       0.000 |      0.000 |
| Vcco_mio1 |       1.800 |     0.000 |       0.000 |      0.000 |
| Vccadc    |       1.800 |     0.020 |       0.000 |      0.020 |
+-----------+-------------+-----------+-------------+------------+


1.3 Confidence Level
--------------------

+-----------------------------+------------+------------------------------------------------+------------------------------------------------------------------------------------------------------------+
| User Input Data             | Confidence | Details                                        | Action                                                                                                     |
+-----------------------------+------------+------------------------------------------------+------------------------------------------------------------------------------------------------------------+
| Design implementation state | High       | Design is routed                               |                                                                                                            |
| Clock nodes activity        | High       | User specified more than 95% of clocks         |                                                                                                            |
| I/O nodes activity          | High       | User specified more than 95% of inputs         |                                                                                                            |
| Internal nodes activity     | Medium     | User specified less than 25% of internal nodes | Provide missing internal nodes activity with simulation results or by editing the "By Resource Type" views |
| Device models               | High       | Device models are Production                   |                                                                                                            |
|                             |            |                                                |                                                                                                            |
| Overall confidence level    | Medium     |                                                |                                                                                                            |
+-----------------------------+------------+------------------------------------------------+------------------------------------------------------------------------------------------------------------+


2. Settings
-----------

2.1 Environment
---------------

+-----------------------+------------------------+
| Ambient Temp (C)      | 25.0                   |
| ThetaJA (C/W)         | 11.5                   |
| Airflow (LFM)         | 250                    |
| Heat Sink             | none                   |
| ThetaSA (C/W)         | 0.0                    |
| Board Selection       | medium (10"x10")       |
| # of Board Layers     | 8to11 (8 to 11 Layers) |
| Board Temperature (C) | 25.0                   |
+-----------------------+------------------------+


2.2 Clock Constraints
---------------------

+--------+--------+-----------------+
| Clock  | Domain | Constraint (ns) |
+--------+--------+-----------------+
| ap_clk | ap_clk |            10.0 |
+--------+--------+-----------------+


3. Detailed Reports
-------------------

3.1 By Hierarchy
----------------

+--------------------------------------+-----------+
| Name                                 | Power (W) |
+--------------------------------------+-----------+
| lenet_accelerator_with_weights       |     0.498 |
|   conv1_buffer_U                     |     0.001 |
|     lenet_acceleratorsc4_ram_U       |     0.001 |
|   fc1_buffer_U                       |     0.001 |
|     lenet_acceleratorzec_ram_U       |     0.001 |
|   grp_member6_controller_fu_152      |     0.485 |
|     grp_conv2d_gemm_direct_1_fu_3029 |     0.157 |
|       lenet_acceleratorlbW_U112      |     0.001 |
|       lenet_acceleratormb6_U159      |     0.003 |
|       lenet_acceleratormb6_U160      |     0.003 |
|     grp_conv2d_gemm_direct_fu_3005   |     0.247 |
|       lenet_acceleratorbkb_U1        |     0.001 |
|       lenet_acceleratorbkb_U6        |     0.001 |
|       lenet_acceleratorbkb_U7        |     0.001 |
|       lenet_acceleratorbkb_U8        |     0.001 |
|       lenet_acceleratorcud_U10       |     0.002 |
|       lenet_acceleratorcud_U11       |     0.002 |
|       lenet_acceleratorcud_U12       |     0.002 |
|       lenet_acceleratorcud_U13       |     0.002 |
|       lenet_acceleratorcud_U14       |     0.002 |
|       lenet_acceleratorcud_U15       |     0.002 |
|       lenet_acceleratorcud_U16       |     0.002 |
|       lenet_acceleratorcud_U9        |     0.002 |
|       lenet_acceleratoreOg_U18       |     0.001 |
|       lenet_acceleratoreOg_U21       |     0.001 |
|       lenet_acceleratoreOg_U22       |     0.001 |
|       lenet_acceleratoreOg_U23       |     0.001 |
|       lenet_acceleratoreOg_U24       |     0.001 |
|       lenet_acceleratoreOg_U25       |     0.001 |
|       lenet_acceleratorfYi_U72       |     0.002 |
|       lenet_acceleratorfYi_U73       |     0.002 |
|       lenet_acceleratorfYi_U74       |     0.002 |
|       lenet_acceleratorfYi_U75       |     0.002 |
|       lenet_acceleratorfYi_U76       |     0.002 |
|       lenet_acceleratorfYi_U77       |     0.002 |
|       lenet_acceleratorfYi_U78       |     0.002 |
|       lenet_acceleratorfYi_U79       |     0.002 |
|       lenet_acceleratorfYi_U80       |     0.002 |
|       lenet_acceleratorfYi_U81       |     0.003 |
|       lenet_acceleratorfYi_U82       |     0.002 |
|       lenet_acceleratorfYi_U83       |     0.002 |
|       lenet_acceleratorfYi_U84       |     0.002 |
|       lenet_acceleratorfYi_U85       |     0.003 |
|       lenet_acceleratorfYi_U86       |     0.002 |
|       lenet_acceleratorfYi_U87       |     0.002 |
|       lenet_acceleratorfYi_U88       |     0.002 |
|       lenet_acceleratorfYi_U89       |     0.004 |
|     lenet_acceleratorocq_U177        |     0.002 |
|     lenet_acceleratorpcA_U178        |     0.001 |
|     lenet_acceleratorqcK_U179        |     0.002 |
|       lenet_acceleratorqcK_DSP48_4_U |     0.002 |
|     lenet_acceleratorqcK_U180        |     0.002 |
|       lenet_acceleratorqcK_DSP48_4_U |     0.002 |
|     lenet_acceleratorqcK_U181        |     0.002 |
|       lenet_acceleratorqcK_DSP48_4_U |     0.002 |
|     lenet_acceleratorqcK_U182        |     0.002 |
|       lenet_acceleratorqcK_DSP48_4_U |     0.002 |
|     lenet_acceleratorqcK_U183        |     0.003 |
|       lenet_acceleratorqcK_DSP48_4_U |     0.003 |
|     lenet_acceleratorqcK_U184        |     0.002 |
|       lenet_acceleratorqcK_DSP48_4_U |     0.002 |
|     lenet_acceleratorqcK_U185        |     0.002 |
|       lenet_acceleratorqcK_DSP48_4_U |     0.002 |
|     lenet_acceleratorqcK_U186        |     0.002 |
|       lenet_acceleratorqcK_DSP48_4_U |     0.002 |
|     lenet_acceleratorqcK_U187        |     0.002 |
|       lenet_acceleratorqcK_DSP48_4_U |     0.002 |
|     lenet_acceleratorqcK_U188        |     0.002 |
|       lenet_acceleratorqcK_DSP48_4_U |     0.002 |
|     lenet_acceleratorqcK_U189        |     0.002 |
|       lenet_acceleratorqcK_DSP48_4_U |     0.002 |
|     lenet_acceleratorqcK_U190        |     0.002 |
|       lenet_acceleratorqcK_DSP48_4_U |     0.002 |
|     lenet_acceleratorqcK_U191        |     0.002 |
|       lenet_acceleratorqcK_DSP48_4_U |     0.002 |
|     lenet_acceleratorqcK_U192        |     0.002 |
|       lenet_acceleratorqcK_DSP48_4_U |     0.002 |
|     lenet_acceleratorqcK_U193        |     0.002 |
|       lenet_acceleratorqcK_DSP48_4_U |     0.002 |
|     lenet_acceleratorqcK_U194        |     0.002 |
|       lenet_acceleratorqcK_DSP48_4_U |     0.002 |
|     lenet_acceleratorqcK_U195        |     0.003 |
|       lenet_acceleratorqcK_DSP48_4_U |     0.003 |
|     lenet_acceleratorqcK_U196        |     0.002 |
|       lenet_acceleratorqcK_DSP48_4_U |     0.002 |
|     lenet_acceleratorqcK_U197        |     0.002 |
|       lenet_acceleratorqcK_DSP48_4_U |     0.002 |
|     lenet_acceleratorqcK_U198        |     0.002 |
|       lenet_acceleratorqcK_DSP48_4_U |     0.002 |
|     lenet_acceleratorqcK_U199        |     0.002 |
|       lenet_acceleratorqcK_DSP48_4_U |     0.002 |
|     lenet_acceleratorqcK_U200        |     0.002 |
|       lenet_acceleratorqcK_DSP48_4_U |     0.002 |
|     lenet_acceleratorqcK_U201        |     0.002 |
|       lenet_acceleratorqcK_DSP48_4_U |     0.002 |
|     lenet_acceleratorqcK_U202        |     0.002 |
|       lenet_acceleratorqcK_DSP48_4_U |     0.002 |
|     lenet_acceleratorqcK_U203        |     0.002 |
|       lenet_acceleratorqcK_DSP48_4_U |     0.002 |
|   relu1_buffer_U                     |     0.003 |
|     lenet_acceleratortde_ram_U       |     0.003 |
|   relu2_buffer_U                     |     0.002 |
|     lenet_acceleratorwdI_ram_U       |     0.002 |
+--------------------------------------+-----------+


