

================================================================
== Vivado HLS Report for 'lenet_accelerator_with_weights'
================================================================
* Date:           Sun Sep 13 14:19:07 2026

* Version:        2018.3 (Build 2405991 on Thu Dec 06 23:56:15 MST 2018)
* Project:        optimized
* Solution:       solution1
* Product family: zynq
* Target device:  xc7z020clg400-1


================================================================
== Performance Estimates
================================================================
+ Timing (ns): 
    * Summary: 
    +--------+-------+----------+------------+
    |  Clock | Target| Estimated| Uncertainty|
    +--------+-------+----------+------------+
    |ap_clk  |  10.00|     8.727|        1.25|
    +--------+-------+----------+------------+

+ Latency (clock cycles): 
    * Summary: 
    +-------+-------+-------+-------+---------+
    |    Latency    |    Interval   | Pipeline|
    |  min  |  max  |  min  |  max  |   Type  |
    +-------+-------+-------+-------+---------+
    |  27140|  27140|  27140|  27140|   none  |
    +-------+-------+-------+-------+---------+

    + Detail: 
        * Instance: 
        +---------------------------+---------------+-------+-------+-------+-------+---------+
        |                           |               |    Latency    |    Interval   | Pipeline|
        |          Instance         |     Module    |  min  |  max  |  min  |  max  |   Type  |
        +---------------------------+---------------+-------+-------+-------+-------+---------+
        |grp_conv_banked_fu_2920    |conv_banked    |  11265|  11265|  11265|  11265|   none  |
        |grp_conv_banked_1_fu_2950  |conv_banked_1  |   7849|   7849|   7849|   7849|   none  |
        |grp_relu_pool_fu_2976      |relu_pool      |    878|    878|    878|    878|   none  |
        |grp_relu_pool_1_fu_2990    |relu_pool_1    |    259|    259|    259|    259|   none  |
        +---------------------------+---------------+-------+-------+-------+-------+---------+

        * Loop: 
        +-------------+------+------+----------+-----------+-----------+------+----------+
        |             |   Latency   | Iteration|  Initiation Interval  | Trip |          |
        |  Loop Name  |  min |  max |  Latency |  achieved |   target  | Count| Pipelined|
        +-------------+------+------+----------+-----------+-----------+------+----------+
        |- Loop 1     |   784|   784|         2|          1|          1|   784|    yes   |
        |- Loop 2     |  4425|  4425|       295|          -|          -|    15|    no    |
        | + Loop 2.1  |    16|    16|         2|          -|          -|     8|    no    |
        | + Loop 2.2  |   258|   258|         3|          1|          1|   256|    yes   |
        | + Loop 2.3  |    16|    16|         2|          -|          -|     8|    no    |
        |- Loop 3     |   121|   121|         3|          1|          1|   120|    yes   |
        |- Loop 4     |  1225|  1225|       175|          -|          -|     7|    no    |
        | + Loop 4.1  |    24|    24|         2|          -|          -|    12|    no    |
        | + Loop 4.2  |   122|   122|         3|          1|          1|   120|    yes   |
        | + Loop 4.3  |    24|    24|         2|          -|          -|    12|    no    |
        |- Loop 5     |    84|    84|         2|          1|          1|    84|    yes   |
        |- Loop 6     |   222|   222|       111|          -|          -|     2|    no    |
        | + Loop 6.1  |    10|    10|         2|          -|          -|     5|    no    |
        | + Loop 6.2  |    86|    86|         3|          1|          1|    84|    yes   |
        | + Loop 6.3  |    10|    10|         2|          -|          -|     5|    no    |
        |- Loop 7     |    10|    10|         2|          1|          1|    10|    yes   |
        +-------------+------+------+----------+-----------+-----------+------+----------+



================================================================
== Utilization Estimates
================================================================
* Summary: 
+-----------------+---------+-------+--------+-------+
|       Name      | BRAM_18K| DSP48E|   FF   |  LUT  |
+-----------------+---------+-------+--------+-------+
|DSP              |        -|     25|       -|      -|
|Expression       |        -|      -|       0|   1013|
|FIFO             |        -|      -|       -|      -|
|Instance         |        0|    120|   23690|  11742|
|Memory           |       25|      -|      70|     33|
|Multiplexer      |        -|      -|       -|   1954|
|Register         |        -|      -|    3989|      -|
+-----------------+---------+-------+--------+-------+
|Total            |       25|    145|   27749|  14742|
+-----------------+---------+-------+--------+-------+
|Available        |      280|    220|  106400|  53200|
+-----------------+---------+-------+--------+-------+
|Utilization (%)  |        8|     65|      26|     27|
+-----------------+---------+-------+--------+-------+

+ Detail: 
    * Instance: 
    +---------------------------+----------------------+---------+-------+-------+------+
    |          Instance         |        Module        | BRAM_18K| DSP48E|   FF  |  LUT |
    +---------------------------+----------------------+---------+-------+-------+------+
    |grp_conv_banked_fu_2920    |conv_banked           |        0|     72|  15175|  7234|
    |grp_conv_banked_1_fu_2950  |conv_banked_1         |        0|     48|   7836|  3507|
    |lenet_acceleratorMgi_U219  |lenet_acceleratorMgi  |        0|      0|      0|    27|
    |lenet_acceleratorNgs_U220  |lenet_acceleratorNgs  |        0|      0|      0|    27|
    |lenet_acceleratorOgC_U221  |lenet_acceleratorOgC  |        0|      0|      0|    27|
    |grp_relu_pool_fu_2976      |relu_pool             |        0|      0|    621|   723|
    |grp_relu_pool_1_fu_2990    |relu_pool_1           |        0|      0|     58|   197|
    +---------------------------+----------------------+---------+-------+-------+------+
    |Total                      |                      |        0|    120|  23690| 11742|
    +---------------------------+----------------------+---------+-------+-------+------+

    * DSP48: 
    +---------------------------+----------------------+--------------+
    |          Instance         |        Module        |  Expression  |
    +---------------------------+----------------------+--------------+
    |lenet_acceleratorPgM_U222  |lenet_acceleratorPgM  | i0 + i1 * i2 |
    |lenet_acceleratorPgM_U223  |lenet_acceleratorPgM  | i0 + i1 * i2 |
    |lenet_acceleratorPgM_U224  |lenet_acceleratorPgM  | i0 + i1 * i2 |
    |lenet_acceleratorPgM_U225  |lenet_acceleratorPgM  | i0 + i1 * i2 |
    |lenet_acceleratorPgM_U226  |lenet_acceleratorPgM  | i0 + i1 * i2 |
    |lenet_acceleratorPgM_U227  |lenet_acceleratorPgM  | i0 + i1 * i2 |
    |lenet_acceleratorPgM_U228  |lenet_acceleratorPgM  | i0 + i1 * i2 |
    |lenet_acceleratorPgM_U229  |lenet_acceleratorPgM  | i0 + i1 * i2 |
    |lenet_acceleratorPgM_U230  |lenet_acceleratorPgM  | i0 + i1 * i2 |
    |lenet_acceleratorPgM_U231  |lenet_acceleratorPgM  | i0 + i1 * i2 |
    |lenet_acceleratorPgM_U232  |lenet_acceleratorPgM  | i0 + i1 * i2 |
    |lenet_acceleratorPgM_U233  |lenet_acceleratorPgM  | i0 + i1 * i2 |
    |lenet_acceleratorPgM_U234  |lenet_acceleratorPgM  | i0 + i1 * i2 |
    |lenet_acceleratorPgM_U235  |lenet_acceleratorPgM  | i0 + i1 * i2 |
    |lenet_acceleratorPgM_U236  |lenet_acceleratorPgM  | i0 + i1 * i2 |
    |lenet_acceleratorPgM_U237  |lenet_acceleratorPgM  | i0 + i1 * i2 |
    |lenet_acceleratorPgM_U238  |lenet_acceleratorPgM  | i0 + i1 * i2 |
    |lenet_acceleratorPgM_U239  |lenet_acceleratorPgM  | i0 + i1 * i2 |
    |lenet_acceleratorPgM_U240  |lenet_acceleratorPgM  | i0 + i1 * i2 |
    |lenet_acceleratorPgM_U241  |lenet_acceleratorPgM  | i0 + i1 * i2 |
    |lenet_acceleratorPgM_U242  |lenet_acceleratorPgM  | i0 + i1 * i2 |
    |lenet_acceleratorPgM_U243  |lenet_acceleratorPgM  | i0 + i1 * i2 |
    |lenet_acceleratorPgM_U244  |lenet_acceleratorPgM  | i0 + i1 * i2 |
    |lenet_acceleratorPgM_U245  |lenet_acceleratorPgM  | i0 + i1 * i2 |
    |lenet_acceleratorPgM_U246  |lenet_acceleratorPgM  | i0 + i1 * i2 |
    +---------------------------+----------------------+--------------+

    * Memory: 
    +---------------------+----------------------+---------+----+----+------+-----+------+-------------+
    |        Memory       |        Module        | BRAM_18K| FF | LUT| Words| Bits| Banks| W*Bits*Banks|
    +---------------------+----------------------+---------+----+----+------+-----+------+-------------+
    |pool1_buffer_0_V_U   |lenet_acceleratorBew  |        1|   0|   0|   108|   11|     1|         1188|
    |pool1_buffer_1_V_U   |lenet_acceleratorBew  |        1|   0|   0|   108|   11|     1|         1188|
    |pool1_buffer_2_V_U   |lenet_acceleratorBew  |        1|   0|   0|   108|   11|     1|         1188|
    |pool1_buffer_3_V_U   |lenet_acceleratorBew  |        1|   0|   0|   108|   11|     1|         1188|
    |pool1_buffer_4_V_U   |lenet_acceleratorBew  |        1|   0|   0|   108|   11|     1|         1188|
    |pool1_buffer_5_V_U   |lenet_acceleratorBew  |        1|   0|   0|   108|   11|     1|         1188|
    |pool1_buffer_6_V_U   |lenet_acceleratorBew  |        1|   0|   0|   108|   11|     1|         1188|
    |pool1_buffer_7_V_U   |lenet_acceleratorBew  |        1|   0|   0|   108|   11|     1|         1188|
    |conv2_buffer_0_V_U   |lenet_acceleratorJfO  |        1|   0|   0|   512|   12|     1|         6144|
    |conv2_buffer_1_V_U   |lenet_acceleratorJfO  |        1|   0|   0|   512|   12|     1|         6144|
    |pool2_storage_V_0_U  |lenet_acceleratorLf8  |        1|   0|   0|   256|   11|     1|         2816|
    |fc1_buffer_V_U       |lenet_acceleratormb6  |        1|   0|   0|   120|   12|     1|         1440|
    |relu3_buffer_V_U     |lenet_acceleratorncg  |        1|   0|   0|   120|   11|     1|         1320|
    |fc2_buffer_V_U       |lenet_acceleratorocq  |        0|  24|  16|    84|   12|     1|         1008|
    |relu4_buffer_V_U     |lenet_acceleratorpcA  |        0|  22|  15|    84|   11|     1|          924|
    |output_buffer_V_U    |lenet_acceleratorqcK  |        0|  24|   2|    10|   12|     1|          120|
    |input_buffer_0_V_U   |lenet_acceleratorrcU  |        1|   0|   0|    98|   12|     1|         1176|
    |input_buffer_1_V_U   |lenet_acceleratorrcU  |        1|   0|   0|    98|   12|     1|         1176|
    |input_buffer_2_V_U   |lenet_acceleratorrcU  |        1|   0|   0|    98|   12|     1|         1176|
    |input_buffer_3_V_U   |lenet_acceleratorrcU  |        1|   0|   0|    98|   12|     1|         1176|
    |input_buffer_4_V_U   |lenet_acceleratorrcU  |        1|   0|   0|    98|   12|     1|         1176|
    |input_buffer_5_V_U   |lenet_acceleratorrcU  |        1|   0|   0|    98|   12|     1|         1176|
    |input_buffer_6_V_U   |lenet_acceleratorrcU  |        1|   0|   0|    98|   12|     1|         1176|
    |input_buffer_7_V_U   |lenet_acceleratorrcU  |        1|   0|   0|    98|   12|     1|         1176|
    |conv1_buffer_0_V_U   |lenet_acceleratorzec  |        2|   0|   0|  1728|   12|     1|        20736|
    |conv1_buffer_1_V_U   |lenet_acceleratorzec  |        2|   0|   0|  1728|   12|     1|        20736|
    +---------------------+----------------------+---------+----+----+------+-----+------+-------------+
    |Total                |                      |       25|  70|  33|  6802|  301|    26|        80300|
    +---------------------+----------------------+---------+----+----+------+-----+------+-------------+

    * FIFO: 
    N/A

    * Expression: 
    +-----------------------------+----------+-------+---+----+------------+------------+
    |        Variable Name        | Operation| DSP48E| FF| LUT| Bitwidth P0| Bitwidth P1|
    +-----------------------------+----------+-------+---+----+------------+------------+
    |base_V_1_fu_3632_p2          |     +    |      0|  0|  30|           1|          23|
    |base_V_2_fu_3931_p2          |     +    |      0|  0|  30|           1|          23|
    |base_V_fu_3256_p2            |     +    |      0|  0|  30|           1|          23|
    |i_2_fu_3003_p2               |     +    |      0|  0|  14|          10|           1|
    |i_3_fu_3330_p2               |     +    |      0|  0|  15|           7|           1|
    |i_4_fu_3706_p2               |     +    |      0|  0|  15|           7|           1|
    |i_5_fu_4005_p2               |     +    |      0|  0|  13|           4|           1|
    |j_2_fu_3437_p2               |     +    |      0|  0|  13|           4|           1|
    |j_3_fu_3158_p2               |     +    |      0|  0|  13|           4|           1|
    |j_5_fu_3776_p2               |     +    |      0|  0|  12|           3|           1|
    |j_6_fu_3530_p2               |     +    |      0|  0|  13|           4|           1|
    |j_8_fu_3843_p2               |     +    |      0|  0|  12|           3|           1|
    |j_fu_3077_p2                 |     +    |      0|  0|  13|           4|           1|
    |k_1_fu_3449_p2               |     +    |      0|  0|  15|           7|           1|
    |k_2_fu_3788_p2               |     +    |      0|  0|  15|           7|           1|
    |k_fu_3093_p2                 |     +    |      0|  0|  15|           9|           1|
    |next_mul_fu_3736_p2          |     +    |      0|  0|  15|           8|           7|
    |p_sum1_fu_3662_p2            |     +    |      0|  0|  15|           8|           8|
    |p_sum2_fu_3961_p2            |     +    |      0|  0|  13|           4|           4|
    |p_sum_fu_3286_p2             |     +    |      0|  0|  15|           7|           7|
    |t_1_fu_3365_p2               |     +    |      0|  0|  12|           3|           1|
    |t_2_fu_3748_p2               |     +    |      0|  0|  10|           2|           1|
    |t_fu_3045_p2                 |     +    |      0|  0|  13|           4|           1|
    |tmp_36_fu_3108_p2            |     +    |      0|  0|  17|          13|          13|
    |tmp_56_fu_3464_p2            |     +    |      0|  0|  13|          11|          11|
    |tmp_60_fu_3798_p2            |     +    |      0|  0|  15|           8|           8|
    |tmp_32_fu_3395_p2            |     -    |      0|  0|  13|          11|          11|
    |tmp_33_fu_3425_p2            |     -    |      0|  0|  15|           8|           8|
    |sel_tmp2_i1_fu_3620_p2       |    and   |      0|  0|   2|           1|           1|
    |sel_tmp2_i2_fu_3919_p2       |    and   |      0|  0|   2|           1|           1|
    |sel_tmp2_i_fu_3244_p2        |    and   |      0|  0|   2|           1|           1|
    |tmp19_fu_3238_p2             |    and   |      0|  0|   2|           1|           1|
    |tmp23_fu_3614_p2             |    and   |      0|  0|   2|           1|           1|
    |tmp61_fu_3913_p2             |    and   |      0|  0|   2|           1|           1|
    |exitcond106_i_i1_fu_3443_p2  |   icmp   |      0|  0|  11|           7|           5|
    |exitcond106_i_i2_fu_3782_p2  |   icmp   |      0|  0|  11|           7|           7|
    |exitcond106_i_i_fu_3087_p2   |   icmp   |      0|  0|  13|           9|          10|
    |exitcond107_i_i1_fu_3431_p2  |   icmp   |      0|  0|   9|           4|           4|
    |exitcond107_i_i2_fu_3770_p2  |   icmp   |      0|  0|   9|           3|           3|
    |exitcond107_i_i_fu_3071_p2   |   icmp   |      0|  0|  11|           4|           5|
    |exitcond_i1_fu_3324_p2       |   icmp   |      0|  0|  11|           7|           5|
    |exitcond_i2_fu_3359_p2       |   icmp   |      0|  0|   9|           3|           2|
    |exitcond_i3_fu_3700_p2       |   icmp   |      0|  0|  11|           7|           7|
    |exitcond_i4_fu_3742_p2       |   icmp   |      0|  0|   9|           2|           3|
    |exitcond_i5_fu_3999_p2       |   icmp   |      0|  0|   9|           4|           4|
    |exitcond_i_fu_3039_p2        |   icmp   |      0|  0|   9|           4|           2|
    |exitcond_i_i1_fu_3524_p2     |   icmp   |      0|  0|   9|           4|           4|
    |exitcond_i_i2_fu_3837_p2     |   icmp   |      0|  0|   9|           3|           3|
    |exitcond_i_i_fu_3152_p2      |   icmp   |      0|  0|  11|           4|           5|
    |icmp6_fu_3656_p2             |   icmp   |      0|  0|  13|          12|           1|
    |icmp9_fu_3955_p2             |   icmp   |      0|  0|  13|          12|           1|
    |icmp_fu_3280_p2              |   icmp   |      0|  0|  13|          12|           1|
    |tmp_29_fu_3345_p2            |   icmp   |      0|  0|  13|          12|           1|
    |tmp_33_i1_fu_3667_p2         |   icmp   |      0|  0|  18|          23|          13|
    |tmp_33_i2_fu_3966_p2         |   icmp   |      0|  0|  18|          23|          13|
    |tmp_33_i_fu_3291_p2          |   icmp   |      0|  0|  18|          23|          13|
    |tmp_43_fu_3721_p2            |   icmp   |      0|  0|  13|          12|           1|
    |tmp_fu_2997_p2               |   icmp   |      0|  0|  13|          10|           9|
    |tmp_i1_43_fu_3602_p2         |   icmp   |      0|  0|  13|          11|          12|
    |tmp_i1_fu_3596_p2            |   icmp   |      0|  0|  13|          11|          12|
    |tmp_i2_51_fu_3901_p2         |   icmp   |      0|  0|  13|          11|          12|
    |tmp_i2_fu_3895_p2            |   icmp   |      0|  0|  13|          11|          12|
    |tmp_i_35_fu_3226_p2          |   icmp   |      0|  0|  13|          11|          12|
    |tmp_i_fu_3220_p2             |   icmp   |      0|  0|  13|          11|          12|
    |round_up_1_fu_3626_p2        |    or    |      0|  0|   2|           1|           1|
    |round_up_2_fu_3925_p2        |    or    |      0|  0|   2|           1|           1|
    |round_up_fu_3250_p2          |    or    |      0|  0|   2|           1|           1|
    |tmp_20_fu_3306_p2            |    or    |      0|  0|   2|           1|           1|
    |tmp_24_fu_3682_p2            |    or    |      0|  0|   2|           1|           1|
    |tmp_61_fu_3981_p2            |    or    |      0|  0|   2|           1|           1|
    |fc1_buffer_V_d0              |  select  |      0|  0|  12|           1|          12|
    |fc2_buffer_V_d0              |  select  |      0|  0|  12|           1|          12|
    |output_buffer_V_d0           |  select  |      0|  0|  12|           1|          12|
    |p_i1_fu_3638_p3              |  select  |      0|  0|  23|           1|          23|
    |p_i2_fu_3937_p3              |  select  |      0|  0|  23|           1|          23|
    |p_i_fu_3262_p3               |  select  |      0|  0|  23|           1|          23|
    |raw_V_1_i1_fu_3675_p3        |  select  |      0|  0|  13|           1|          11|
    |raw_V_1_i2_fu_3974_p3        |  select  |      0|  0|  13|           1|          11|
    |raw_V_1_i_fu_3299_p3         |  select  |      0|  0|  13|           1|          11|
    |relu4_buffer_V_d0            |  select  |      0|  0|  11|           1|          11|
    |v_V_2_fu_3351_p3             |  select  |      0|  0|  11|           1|          11|
    |ap_enable_pp0                |    xor   |      0|  0|   2|           1|           2|
    |ap_enable_pp1                |    xor   |      0|  0|   2|           1|           2|
    |ap_enable_pp2                |    xor   |      0|  0|   2|           1|           2|
    |ap_enable_pp3                |    xor   |      0|  0|   2|           1|           2|
    |ap_enable_pp4                |    xor   |      0|  0|   2|           1|           2|
    |ap_enable_pp5                |    xor   |      0|  0|   2|           1|           2|
    |ap_enable_pp6                |    xor   |      0|  0|   2|           1|           2|
    |ap_enable_reg_pp0_iter1      |    xor   |      0|  0|   2|           2|           1|
    |ap_enable_reg_pp2_iter1      |    xor   |      0|  0|   2|           2|           1|
    |ap_enable_reg_pp4_iter1      |    xor   |      0|  0|   2|           2|           1|
    |ap_enable_reg_pp6_iter1      |    xor   |      0|  0|   2|           2|           1|
    |sel_tmp_i1_fu_3608_p2        |    xor   |      0|  0|   2|           1|           2|
    |sel_tmp_i2_fu_3907_p2        |    xor   |      0|  0|   2|           1|           2|
    |sel_tmp_i_fu_3232_p2         |    xor   |      0|  0|   2|           1|           2|
    +-----------------------------+----------+-------+---+----+------------+------------+
    |Total                        |          |      0|  0|1013|         481|         552|
    +-----------------------------+----------+-------+---+----+------------+------------+

    * Multiplexer: 
    +------------------------------------+-----+-----------+-----+-----------+
    |                Name                | LUT | Input Size| Bits| Total Bits|
    +------------------------------------+-----+-----------+-----+-----------+
    |acc_0_0_V_1_1_be_reg_2341           |    9|          2|   33|         66|
    |acc_0_0_V_1_1_reg_1835              |    9|          2|   33|         66|
    |acc_0_0_V_1_3_reg_2528              |    9|          2|   33|         66|
    |acc_0_0_V_3_1_be_reg_2803           |    9|          2|   33|         66|
    |acc_0_0_V_3_1_reg_2689              |    9|          2|   33|         66|
    |acc_0_0_V_3_3_reg_2886              |    9|          2|   33|         66|
    |acc_0_0_V_3_reg_1525                |    9|          2|   33|         66|
    |acc_0_0_V_be_reg_1398               |    9|          2|   33|         66|
    |acc_0_0_V_s_reg_1152                |    9|          2|   33|         66|
    |acc_0_10_V_3_reg_2408               |    9|          2|   33|         66|
    |acc_0_10_V_be_reg_1901              |    9|          2|   33|         66|
    |acc_0_10_V_s_reg_1725               |    9|          2|   33|         66|
    |acc_0_11_V_3_reg_2396               |    9|          2|   33|         66|
    |acc_0_11_V_be_reg_1857              |    9|          2|   33|         66|
    |acc_0_11_V_s_reg_1714               |    9|          2|   33|         66|
    |acc_0_1_V_1_1_be_reg_2297           |    9|          2|   33|         66|
    |acc_0_1_V_1_1_reg_1824              |    9|          2|   33|         66|
    |acc_0_1_V_1_3_reg_2516              |    9|          2|   33|         66|
    |acc_0_1_V_3_1_be_reg_2780           |    9|          2|   33|         66|
    |acc_0_1_V_3_1_reg_2678              |    9|          2|   33|         66|
    |acc_0_1_V_3_3_reg_2874              |    9|          2|   33|         66|
    |acc_0_1_V_3_reg_1513                |    9|          2|   33|         66|
    |acc_0_1_V_be_reg_1366               |    9|          2|   33|         66|
    |acc_0_1_V_s_reg_1141                |    9|          2|   33|         66|
    |acc_0_2_V_1_1_be_reg_2253           |    9|          2|   33|         66|
    |acc_0_2_V_1_1_reg_1813              |    9|          2|   33|         66|
    |acc_0_2_V_1_3_reg_2504              |    9|          2|   33|         66|
    |acc_0_2_V_3_1_be_reg_2757           |    9|          2|   33|         66|
    |acc_0_2_V_3_1_reg_2667              |    9|          2|   33|         66|
    |acc_0_2_V_3_3_reg_2862              |    9|          2|   33|         66|
    |acc_0_2_V_3_reg_1501                |    9|          2|   33|         66|
    |acc_0_2_V_be_reg_1334               |    9|          2|   33|         66|
    |acc_0_2_V_s_reg_1130                |    9|          2|   33|         66|
    |acc_0_3_V_1_1_be_reg_2209           |    9|          2|   33|         66|
    |acc_0_3_V_1_1_reg_1802              |    9|          2|   33|         66|
    |acc_0_3_V_1_3_reg_2492              |    9|          2|   33|         66|
    |acc_0_3_V_3_1_be_reg_2734           |    9|          2|   33|         66|
    |acc_0_3_V_3_1_reg_2656              |    9|          2|   33|         66|
    |acc_0_3_V_3_3_reg_2850              |    9|          2|   33|         66|
    |acc_0_3_V_3_reg_1489                |    9|          2|   33|         66|
    |acc_0_3_V_be_reg_1302               |    9|          2|   33|         66|
    |acc_0_3_V_s_reg_1119                |    9|          2|   33|         66|
    |acc_0_4_V_1_1_be_reg_2165           |    9|          2|   33|         66|
    |acc_0_4_V_1_1_reg_1791              |    9|          2|   33|         66|
    |acc_0_4_V_1_3_reg_2480              |    9|          2|   33|         66|
    |acc_0_4_V_3_1_be_reg_2711           |    9|          2|   33|         66|
    |acc_0_4_V_3_1_reg_2645              |    9|          2|   33|         66|
    |acc_0_4_V_3_3_reg_2838              |    9|          2|   33|         66|
    |acc_0_4_V_3_reg_1477                |    9|          2|   33|         66|
    |acc_0_4_V_be_reg_1270               |    9|          2|   33|         66|
    |acc_0_4_V_s_reg_1108                |    9|          2|   33|         66|
    |acc_0_5_V_1_1_be_reg_2121           |    9|          2|   33|         66|
    |acc_0_5_V_1_1_reg_1780              |    9|          2|   33|         66|
    |acc_0_5_V_1_3_reg_2468              |    9|          2|   33|         66|
    |acc_0_5_V_4_reg_1465                |    9|          2|   33|         66|
    |acc_0_5_V_be_reg_1238               |    9|          2|   33|         66|
    |acc_0_5_V_s_reg_1097                |    9|          2|   33|         66|
    |acc_0_6_V_1_1_be_reg_2077           |    9|          2|   33|         66|
    |acc_0_6_V_1_1_reg_1769              |    9|          2|   33|         66|
    |acc_0_6_V_1_3_reg_2456              |    9|          2|   33|         66|
    |acc_0_6_V_4_reg_1453                |    9|          2|   33|         66|
    |acc_0_6_V_be_reg_1206               |    9|          2|   33|         66|
    |acc_0_6_V_s_reg_1086                |    9|          2|   33|         66|
    |acc_0_7_V_1_1_be_reg_2033           |    9|          2|   33|         66|
    |acc_0_7_V_1_1_reg_1758              |    9|          2|   33|         66|
    |acc_0_7_V_1_3_reg_2444              |    9|          2|   33|         66|
    |acc_0_7_V_4_reg_1441                |    9|          2|   33|         66|
    |acc_0_7_V_be_reg_1174               |    9|          2|   33|         66|
    |acc_0_7_V_s_reg_1075                |    9|          2|   33|         66|
    |acc_0_8_V_3_reg_2432                |    9|          2|   33|         66|
    |acc_0_8_V_be_reg_1989               |    9|          2|   33|         66|
    |acc_0_8_V_s_reg_1747                |    9|          2|   33|         66|
    |acc_0_9_V_3_reg_2420                |    9|          2|   33|         66|
    |acc_0_9_V_be_reg_1945               |    9|          2|   33|         66|
    |acc_0_9_V_s_reg_1736                |    9|          2|   33|         66|
    |ap_NS_fsm                           |  169|         38|    1|         38|
    |ap_enable_reg_pp0_iter1             |   15|          3|    1|          3|
    |ap_enable_reg_pp1_iter2             |    9|          2|    1|          2|
    |ap_enable_reg_pp2_iter1             |    9|          2|    1|          2|
    |ap_enable_reg_pp2_iter2             |    9|          2|    1|          2|
    |ap_enable_reg_pp3_iter2             |    9|          2|    1|          2|
    |ap_enable_reg_pp4_iter1             |   15|          3|    1|          3|
    |ap_enable_reg_pp5_iter2             |    9|          2|    1|          2|
    |ap_enable_reg_pp6_iter1             |   15|          3|    1|          3|
    |ap_phi_mux_k_0_i_i2_phi_fu_2830_p4  |    9|          2|    7|         14|
    |conv1_buffer_0_V_address1           |   15|          3|   11|         33|
    |conv1_buffer_0_V_ce0                |    9|          2|    1|          2|
    |conv1_buffer_0_V_ce1                |   15|          3|    1|          3|
    |conv1_buffer_0_V_we1                |    9|          2|    1|          2|
    |conv1_buffer_1_V_address1           |   15|          3|   11|         33|
    |conv1_buffer_1_V_ce0                |    9|          2|    1|          2|
    |conv1_buffer_1_V_ce1                |   15|          3|    1|          3|
    |conv1_buffer_1_V_we1                |    9|          2|    1|          2|
    |conv2_buffer_0_V_address1           |   15|          3|    9|         27|
    |conv2_buffer_0_V_ce0                |    9|          2|    1|          2|
    |conv2_buffer_0_V_ce1                |   15|          3|    1|          3|
    |conv2_buffer_0_V_we1                |    9|          2|    1|          2|
    |conv2_buffer_1_V_address1           |   15|          3|    9|         27|
    |conv2_buffer_1_V_ce0                |    9|          2|    1|          2|
    |conv2_buffer_1_V_ce1                |   15|          3|    1|          3|
    |conv2_buffer_1_V_we1                |    9|          2|    1|          2|
    |fc1_buffer_V_address0               |   15|          3|    7|         21|
    |fc2_buffer_V_address0               |   15|          3|    7|         21|
    |i_0_i1_reg_2551                     |    9|          2|    7|         14|
    |i_0_i2_reg_2909                     |    9|          2|    4|          8|
    |i_0_i_reg_1548                      |    9|          2|    7|         14|
    |i_reg_957                           |    9|          2|   10|         20|
    |input_buffer_0_V_address0           |   15|          3|    7|         21|
    |input_buffer_0_V_ce0                |   15|          3|    1|          3|
    |input_buffer_1_V_address0           |   15|          3|    7|         21|
    |input_buffer_1_V_ce0                |   15|          3|    1|          3|
    |input_buffer_2_V_address0           |   15|          3|    7|         21|
    |input_buffer_2_V_ce0                |   15|          3|    1|          3|
    |input_buffer_3_V_address0           |   15|          3|    7|         21|
    |input_buffer_3_V_ce0                |   15|          3|    1|          3|
    |input_buffer_4_V_address0           |   15|          3|    7|         21|
    |input_buffer_4_V_ce0                |   15|          3|    1|          3|
    |input_buffer_5_V_address0           |   15|          3|    7|         21|
    |input_buffer_5_V_ce0                |   15|          3|    1|          3|
    |input_buffer_6_V_address0           |   15|          3|    7|         21|
    |input_buffer_6_V_ce0                |   15|          3|    1|          3|
    |input_buffer_7_V_address0           |   15|          3|    7|         21|
    |input_buffer_7_V_ce0                |   15|          3|    1|          3|
    |j11_0_i_i1_reg_2540                 |    9|          2|    4|          8|
    |j11_0_i_i2_reg_2898                 |    9|          2|    3|          6|
    |j11_0_i_i_reg_1537                  |    9|          2|    4|          8|
    |j_0_i_i1_reg_1846                   |    9|          2|    4|          8|
    |j_0_i_i2_reg_2700                   |    9|          2|    3|          6|
    |j_0_i_i_reg_1163                    |    9|          2|    4|          8|
    |k_0_i_i1_reg_2385                   |    9|          2|    7|         14|
    |k_0_i_i2_reg_2826                   |    9|          2|    7|         14|
    |k_0_i_i_reg_1430                    |    9|          2|    9|         18|
    |output_buffer_V_address0            |   15|          3|    4|         12|
    |phi_mul_reg_2633                    |    9|          2|    8|         16|
    |pool1_buffer_0_V_address0           |   15|          3|    7|         21|
    |pool1_buffer_0_V_ce0                |   15|          3|    1|          3|
    |pool1_buffer_0_V_we0                |    9|          2|    1|          2|
    |pool1_buffer_1_V_address0           |   15|          3|    7|         21|
    |pool1_buffer_1_V_ce0                |   15|          3|    1|          3|
    |pool1_buffer_1_V_we0                |    9|          2|    1|          2|
    |pool1_buffer_2_V_address0           |   15|          3|    7|         21|
    |pool1_buffer_2_V_ce0                |   15|          3|    1|          3|
    |pool1_buffer_2_V_we0                |    9|          2|    1|          2|
    |pool1_buffer_3_V_address0           |   15|          3|    7|         21|
    |pool1_buffer_3_V_ce0                |   15|          3|    1|          3|
    |pool1_buffer_3_V_we0                |    9|          2|    1|          2|
    |pool1_buffer_4_V_address0           |   15|          3|    7|         21|
    |pool1_buffer_4_V_ce0                |   15|          3|    1|          3|
    |pool1_buffer_4_V_we0                |    9|          2|    1|          2|
    |pool1_buffer_5_V_address0           |   15|          3|    7|         21|
    |pool1_buffer_5_V_ce0                |   15|          3|    1|          3|
    |pool1_buffer_5_V_we0                |    9|          2|    1|          2|
    |pool1_buffer_6_V_address0           |   15|          3|    7|         21|
    |pool1_buffer_6_V_ce0                |   15|          3|    1|          3|
    |pool1_buffer_6_V_we0                |    9|          2|    1|          2|
    |pool1_buffer_7_V_address0           |   15|          3|    7|         21|
    |pool1_buffer_7_V_ce0                |   15|          3|    1|          3|
    |pool1_buffer_7_V_we0                |    9|          2|    1|          2|
    |pool2_storage_V_0_address0          |   15|          3|    8|         24|
    |pool2_storage_V_0_ce0               |   15|          3|    1|          3|
    |pool2_storage_V_0_we0               |    9|          2|    1|          2|
    |relu3_buffer_V_address0             |   15|          3|    7|         21|
    |relu4_buffer_V_address0             |   15|          3|    7|         21|
    |t_0_i1_reg_1703                     |    9|          2|    3|          6|
    |t_0_i2_reg_2622                     |    9|          2|    2|          4|
    |t_0_i_reg_1064                      |    9|          2|    4|          8|
    +------------------------------------+-----+-----------+-----+-----------+
    |Total                               | 1954|        418| 2811|       5874|
    +------------------------------------+-----+-----------+-----+-----------+

    * Register: 
    +-----------------------------------------+----+----+-----+-----------+
    |                   Name                  | FF | LUT| Bits| Const Bits|
    +-----------------------------------------+----+----+-----+-----------+
    |acc_0_0_V_1_1_be_reg_2341                |  33|   0|   33|          0|
    |acc_0_0_V_1_1_reg_1835                   |  33|   0|   33|          0|
    |acc_0_0_V_1_3_reg_2528                   |  33|   0|   33|          0|
    |acc_0_0_V_1_reg_1691                     |  33|   0|   33|          0|
    |acc_0_0_V_3_1_be_reg_2803                |  33|   0|   33|          0|
    |acc_0_0_V_3_1_reg_2689                   |  33|   0|   33|          0|
    |acc_0_0_V_3_3_reg_2886                   |  33|   0|   33|          0|
    |acc_0_0_V_3_reg_1525                     |  33|   0|   33|          0|
    |acc_0_0_V_7_reg_2610                     |  33|   0|   33|          0|
    |acc_0_0_V_be_reg_1398                    |  33|   0|   33|          0|
    |acc_0_0_V_reg_1052                       |  33|   0|   33|          0|
    |acc_0_0_V_s_reg_1152                     |  33|   0|   33|          0|
    |acc_0_10_V_3_reg_2408                    |  33|   0|   33|          0|
    |acc_0_10_V_be_reg_1901                   |  33|   0|   33|          0|
    |acc_0_10_V_reg_1571                      |  33|   0|   33|          0|
    |acc_0_10_V_s_reg_1725                    |  33|   0|   33|          0|
    |acc_0_11_V_3_reg_2396                    |  33|   0|   33|          0|
    |acc_0_11_V_be_reg_1857                   |  33|   0|   33|          0|
    |acc_0_11_V_reg_1559                      |  33|   0|   33|          0|
    |acc_0_11_V_s_reg_1714                    |  33|   0|   33|          0|
    |acc_0_1_V_1_1_be_reg_2297                |  33|   0|   33|          0|
    |acc_0_1_V_1_1_reg_1824                   |  33|   0|   33|          0|
    |acc_0_1_V_1_3_reg_2516                   |  33|   0|   33|          0|
    |acc_0_1_V_1_reg_1679                     |  33|   0|   33|          0|
    |acc_0_1_V_3_1_be_reg_2780                |  33|   0|   33|          0|
    |acc_0_1_V_3_1_reg_2678                   |  33|   0|   33|          0|
    |acc_0_1_V_3_3_reg_2874                   |  33|   0|   33|          0|
    |acc_0_1_V_3_reg_1513                     |  33|   0|   33|          0|
    |acc_0_1_V_7_reg_2598                     |  33|   0|   33|          0|
    |acc_0_1_V_be_reg_1366                    |  33|   0|   33|          0|
    |acc_0_1_V_reg_1040                       |  33|   0|   33|          0|
    |acc_0_1_V_s_reg_1141                     |  33|   0|   33|          0|
    |acc_0_2_V_1_1_be_reg_2253                |  33|   0|   33|          0|
    |acc_0_2_V_1_1_reg_1813                   |  33|   0|   33|          0|
    |acc_0_2_V_1_3_reg_2504                   |  33|   0|   33|          0|
    |acc_0_2_V_1_reg_1667                     |  33|   0|   33|          0|
    |acc_0_2_V_3_1_be_reg_2757                |  33|   0|   33|          0|
    |acc_0_2_V_3_1_reg_2667                   |  33|   0|   33|          0|
    |acc_0_2_V_3_3_reg_2862                   |  33|   0|   33|          0|
    |acc_0_2_V_3_reg_1501                     |  33|   0|   33|          0|
    |acc_0_2_V_7_reg_2586                     |  33|   0|   33|          0|
    |acc_0_2_V_be_reg_1334                    |  33|   0|   33|          0|
    |acc_0_2_V_reg_1028                       |  33|   0|   33|          0|
    |acc_0_2_V_s_reg_1130                     |  33|   0|   33|          0|
    |acc_0_3_V_1_1_be_reg_2209                |  33|   0|   33|          0|
    |acc_0_3_V_1_1_reg_1802                   |  33|   0|   33|          0|
    |acc_0_3_V_1_3_reg_2492                   |  33|   0|   33|          0|
    |acc_0_3_V_1_reg_1655                     |  33|   0|   33|          0|
    |acc_0_3_V_3_1_be_reg_2734                |  33|   0|   33|          0|
    |acc_0_3_V_3_1_reg_2656                   |  33|   0|   33|          0|
    |acc_0_3_V_3_3_reg_2850                   |  33|   0|   33|          0|
    |acc_0_3_V_3_reg_1489                     |  33|   0|   33|          0|
    |acc_0_3_V_7_reg_2574                     |  33|   0|   33|          0|
    |acc_0_3_V_be_reg_1302                    |  33|   0|   33|          0|
    |acc_0_3_V_reg_1016                       |  33|   0|   33|          0|
    |acc_0_3_V_s_reg_1119                     |  33|   0|   33|          0|
    |acc_0_4_V_1_1_be_reg_2165                |  33|   0|   33|          0|
    |acc_0_4_V_1_1_reg_1791                   |  33|   0|   33|          0|
    |acc_0_4_V_1_3_reg_2480                   |  33|   0|   33|          0|
    |acc_0_4_V_1_reg_1643                     |  33|   0|   33|          0|
    |acc_0_4_V_3_1_be_reg_2711                |  33|   0|   33|          0|
    |acc_0_4_V_3_1_reg_2645                   |  33|   0|   33|          0|
    |acc_0_4_V_3_3_reg_2838                   |  33|   0|   33|          0|
    |acc_0_4_V_3_reg_1477                     |  33|   0|   33|          0|
    |acc_0_4_V_7_reg_2562                     |  33|   0|   33|          0|
    |acc_0_4_V_be_reg_1270                    |  33|   0|   33|          0|
    |acc_0_4_V_reg_1004                       |  33|   0|   33|          0|
    |acc_0_4_V_s_reg_1108                     |  33|   0|   33|          0|
    |acc_0_5_V_1_1_be_reg_2121                |  33|   0|   33|          0|
    |acc_0_5_V_1_1_reg_1780                   |  33|   0|   33|          0|
    |acc_0_5_V_1_3_reg_2468                   |  33|   0|   33|          0|
    |acc_0_5_V_1_reg_1631                     |  33|   0|   33|          0|
    |acc_0_5_V_4_reg_1465                     |  33|   0|   33|          0|
    |acc_0_5_V_be_reg_1238                    |  33|   0|   33|          0|
    |acc_0_5_V_reg_992                        |  33|   0|   33|          0|
    |acc_0_5_V_s_reg_1097                     |  33|   0|   33|          0|
    |acc_0_6_V_1_1_be_reg_2077                |  33|   0|   33|          0|
    |acc_0_6_V_1_1_reg_1769                   |  33|   0|   33|          0|
    |acc_0_6_V_1_3_reg_2456                   |  33|   0|   33|          0|
    |acc_0_6_V_1_reg_1619                     |  33|   0|   33|          0|
    |acc_0_6_V_4_reg_1453                     |  33|   0|   33|          0|
    |acc_0_6_V_be_reg_1206                    |  33|   0|   33|          0|
    |acc_0_6_V_reg_980                        |  33|   0|   33|          0|
    |acc_0_6_V_s_reg_1086                     |  33|   0|   33|          0|
    |acc_0_7_V_1_1_be_reg_2033                |  33|   0|   33|          0|
    |acc_0_7_V_1_1_reg_1758                   |  33|   0|   33|          0|
    |acc_0_7_V_1_3_reg_2444                   |  33|   0|   33|          0|
    |acc_0_7_V_1_reg_1607                     |  33|   0|   33|          0|
    |acc_0_7_V_4_reg_1441                     |  33|   0|   33|          0|
    |acc_0_7_V_be_reg_1174                    |  33|   0|   33|          0|
    |acc_0_7_V_reg_968                        |  33|   0|   33|          0|
    |acc_0_7_V_s_reg_1075                     |  33|   0|   33|          0|
    |acc_0_8_V_3_reg_2432                     |  33|   0|   33|          0|
    |acc_0_8_V_be_reg_1989                    |  33|   0|   33|          0|
    |acc_0_8_V_reg_1595                       |  33|   0|   33|          0|
    |acc_0_8_V_s_reg_1747                     |  33|   0|   33|          0|
    |acc_0_9_V_3_reg_2420                     |  33|   0|   33|          0|
    |acc_0_9_V_be_reg_1945                    |  33|   0|   33|          0|
    |acc_0_9_V_reg_1583                       |  33|   0|   33|          0|
    |acc_0_9_V_s_reg_1736                     |  33|   0|   33|          0|
    |ap_CS_fsm                                |  37|   0|   37|          0|
    |ap_enable_reg_pp0_iter0                  |   1|   0|    1|          0|
    |ap_enable_reg_pp0_iter1                  |   1|   0|    1|          0|
    |ap_enable_reg_pp1_iter0                  |   1|   0|    1|          0|
    |ap_enable_reg_pp1_iter1                  |   1|   0|    1|          0|
    |ap_enable_reg_pp1_iter2                  |   1|   0|    1|          0|
    |ap_enable_reg_pp2_iter0                  |   1|   0|    1|          0|
    |ap_enable_reg_pp2_iter1                  |   1|   0|    1|          0|
    |ap_enable_reg_pp2_iter2                  |   1|   0|    1|          0|
    |ap_enable_reg_pp3_iter0                  |   1|   0|    1|          0|
    |ap_enable_reg_pp3_iter1                  |   1|   0|    1|          0|
    |ap_enable_reg_pp3_iter2                  |   1|   0|    1|          0|
    |ap_enable_reg_pp4_iter0                  |   1|   0|    1|          0|
    |ap_enable_reg_pp4_iter1                  |   1|   0|    1|          0|
    |ap_enable_reg_pp5_iter0                  |   1|   0|    1|          0|
    |ap_enable_reg_pp5_iter1                  |   1|   0|    1|          0|
    |ap_enable_reg_pp5_iter2                  |   1|   0|    1|          0|
    |ap_enable_reg_pp6_iter0                  |   1|   0|    1|          0|
    |ap_enable_reg_pp6_iter1                  |   1|   0|    1|          0|
    |exitcond106_i_i1_reg_4486                |   1|   0|    1|          0|
    |exitcond106_i_i1_reg_4486_pp3_iter1_reg  |   1|   0|    1|          0|
    |exitcond106_i_i2_reg_4757                |   1|   0|    1|          0|
    |exitcond106_i_i2_reg_4757_pp5_iter1_reg  |   1|   0|    1|          0|
    |exitcond106_i_i_reg_4270                 |   1|   0|    1|          0|
    |exitcond106_i_i_reg_4270_pp1_iter1_reg   |   1|   0|    1|          0|
    |exitcond_i1_reg_4434                     |   1|   0|    1|          0|
    |exitcond_i1_reg_4434_pp2_iter1_reg       |   1|   0|    1|          0|
    |exitcond_i3_reg_4710                     |   1|   0|    1|          0|
    |exitcond_i5_reg_4871                     |   1|   0|    1|          0|
    |fc1_w_0_V_load_reg_4329                  |  12|   0|   12|          0|
    |fc1_w_1_V_load_reg_4334                  |  12|   0|   12|          0|
    |fc1_w_2_V_load_reg_4339                  |  12|   0|   12|          0|
    |fc1_w_3_V_load_reg_4344                  |  12|   0|   12|          0|
    |fc1_w_4_V_load_reg_4349                  |  12|   0|   12|          0|
    |fc1_w_5_V_load_reg_4354                  |  12|   0|   12|          0|
    |fc1_w_6_V_load_reg_4359                  |  12|   0|   12|          0|
    |fc1_w_7_V_load_reg_4364                  |  12|   0|   12|          0|
    |fc2_w_0_V_load_reg_4565                  |  12|   0|   12|          0|
    |fc2_w_10_V_load_reg_4615                 |  12|   0|   12|          0|
    |fc2_w_11_V_load_reg_4620                 |  12|   0|   12|          0|
    |fc2_w_1_V_load_reg_4570                  |  12|   0|   12|          0|
    |fc2_w_2_V_load_reg_4575                  |  12|   0|   12|          0|
    |fc2_w_3_V_load_reg_4580                  |  12|   0|   12|          0|
    |fc2_w_4_V_load_reg_4585                  |  12|   0|   12|          0|
    |fc2_w_5_V_load_reg_4590                  |  12|   0|   12|          0|
    |fc2_w_6_V_load_reg_4595                  |  12|   0|   12|          0|
    |fc2_w_7_V_load_reg_4600                  |  12|   0|   12|          0|
    |fc2_w_8_V_load_reg_4605                  |  12|   0|   12|          0|
    |fc2_w_9_V_load_reg_4610                  |  12|   0|   12|          0|
    |fc3_w_0_V_load_reg_4796                  |  12|   0|   12|          0|
    |fc3_w_1_V_load_reg_4801                  |  12|   0|   12|          0|
    |fc3_w_2_V_load_reg_4806                  |  12|   0|   12|          0|
    |fc3_w_3_V_load_reg_4811                  |  12|   0|   12|          0|
    |fc3_w_4_V_load_reg_4816                  |  12|   0|   12|          0|
    |grp_conv_banked_1_fu_2950_ap_start_reg   |   1|   0|    1|          0|
    |grp_conv_banked_fu_2920_ap_start_reg     |   1|   0|    1|          0|
    |grp_relu_pool_1_fu_2990_ap_start_reg     |   1|   0|    1|          0|
    |grp_relu_pool_fu_2976_ap_start_reg       |   1|   0|    1|          0|
    |i_0_i1_reg_2551                          |   7|   0|    7|          0|
    |i_0_i2_reg_2909                          |   4|   0|    4|          0|
    |i_0_i_reg_1548                           |   7|   0|    7|          0|
    |i_reg_957                                |  10|   0|   10|          0|
    |icmp6_reg_4699                           |   1|   0|    1|          0|
    |icmp9_reg_4860                           |   1|   0|    1|          0|
    |icmp_reg_4423                            |   1|   0|    1|          0|
    |j11_0_i_i1_reg_2540                      |   4|   0|    4|          0|
    |j11_0_i_i2_reg_2898                      |   3|   0|    3|          0|
    |j11_0_i_i_reg_1537                       |   4|   0|    4|          0|
    |j_0_i_i1_reg_1846                        |   4|   0|    4|          0|
    |j_0_i_i2_reg_2700                        |   3|   0|    3|          0|
    |j_0_i_i_reg_1163                         |   4|   0|    4|          0|
    |j_2_reg_4481                             |   4|   0|    4|          0|
    |j_3_reg_4412                             |   4|   0|    4|          0|
    |j_5_reg_4752                             |   3|   0|    3|          0|
    |j_6_reg_4688                             |   4|   0|    4|          0|
    |j_8_reg_4849                             |   3|   0|    3|          0|
    |j_reg_4262                               |   4|   0|    4|          0|
    |k_0_i_i1_reg_2385                        |   7|   0|    7|          0|
    |k_0_i_i2_reg_2826                        |   7|   0|    7|          0|
    |k_0_i_i_reg_1430                         |   9|   0|    9|          0|
    |k_2_reg_4761                             |   7|   0|    7|          0|
    |next_mul_reg_4729                        |   8|   0|    8|          0|
    |p_i1_reg_4693                            |  23|   0|   23|          0|
    |p_i2_reg_4854                            |  23|   0|   23|          0|
    |p_i_reg_4417                             |  23|   0|   23|          0|
    |p_sum1_reg_4705                          |   8|   0|    8|          0|
    |p_sum2_reg_4866                          |   4|   0|    4|          0|
    |p_sum_reg_4429                           |   7|   0|    7|          0|
    |phi_mul_reg_2633                         |   8|   0|    8|          0|
    |pool2_storage_V_0_lo_reg_4324            |  11|   0|   11|          0|
    |relu3_buffer_V_load_reg_4560             |  11|   0|   11|          0|
    |t_0_i1_reg_1703                          |   3|   0|    3|          0|
    |t_0_i2_reg_2622                          |   2|   0|    2|          0|
    |t_0_i_reg_1064                           |   4|   0|    4|          0|
    |t_1_reg_4462                             |   3|   0|    3|          0|
    |t_2_reg_4738                             |   2|   0|    2|          0|
    |t_reg_4243                               |   4|   0|    4|          0|
    |tmp_23_reg_4253                          |   4|   0|    7|          3|
    |tmp_26_cast_reg_4248                     |   4|   0|   13|          9|
    |tmp_26_reg_4235                          |   3|   0|    3|          0|
    |tmp_28_reg_4443                          |   7|   0|   64|         57|
    |tmp_28_reg_4443_pp2_iter1_reg            |   7|   0|   64|         57|
    |tmp_32_reg_4467                          |   8|   0|   11|          3|
    |tmp_33_reg_4472                          |   6|   0|    8|          2|
    |tmp_42_reg_4719                          |   7|   0|   64|         57|
    |tmp_53_cast_reg_4743                     |   3|   0|    4|          1|
    |tmp_53_reg_4880                          |   4|   0|   64|         60|
    |tmp_s_reg_4225                           |   7|   0|    7|          0|
    |v_V_2_reg_4453                           |  11|   0|   11|          0|
    +-----------------------------------------+----+----+-----+-----------+
    |Total                                    |3989|   0| 4238|        249|
    +-----------------------------------------+----+----+-----+-----------+



================================================================
== Interface
================================================================
* Summary: 
+----------------------+-----+-----+------------+--------------------------------+--------------+
|       RTL Ports      | Dir | Bits|  Protocol  |          Source Object         |    C Type    |
+----------------------+-----+-----+------------+--------------------------------+--------------+
|ap_clk                |  in |    1| ap_ctrl_hs | lenet_accelerator_with_weights | return value |
|ap_rst                |  in |    1| ap_ctrl_hs | lenet_accelerator_with_weights | return value |
|ap_start              |  in |    1| ap_ctrl_hs | lenet_accelerator_with_weights | return value |
|ap_done               | out |    1| ap_ctrl_hs | lenet_accelerator_with_weights | return value |
|ap_idle               | out |    1| ap_ctrl_hs | lenet_accelerator_with_weights | return value |
|ap_ready              | out |    1| ap_ctrl_hs | lenet_accelerator_with_weights | return value |
|input_V_address0      | out |   10|  ap_memory |             input_V            |     array    |
|input_V_ce0           | out |    1|  ap_memory |             input_V            |     array    |
|input_V_q0            |  in |   12|  ap_memory |             input_V            |     array    |
|conv1_w_0_V_address0  | out |    5|  ap_memory |           conv1_w_0_V          |     array    |
|conv1_w_0_V_ce0       | out |    1|  ap_memory |           conv1_w_0_V          |     array    |
|conv1_w_0_V_q0        |  in |   12|  ap_memory |           conv1_w_0_V          |     array    |
|conv1_w_1_V_address0  | out |    5|  ap_memory |           conv1_w_1_V          |     array    |
|conv1_w_1_V_ce0       | out |    1|  ap_memory |           conv1_w_1_V          |     array    |
|conv1_w_1_V_q0        |  in |   12|  ap_memory |           conv1_w_1_V          |     array    |
|conv1_w_2_V_address0  | out |    5|  ap_memory |           conv1_w_2_V          |     array    |
|conv1_w_2_V_ce0       | out |    1|  ap_memory |           conv1_w_2_V          |     array    |
|conv1_w_2_V_q0        |  in |   12|  ap_memory |           conv1_w_2_V          |     array    |
|conv1_w_3_V_address0  | out |    5|  ap_memory |           conv1_w_3_V          |     array    |
|conv1_w_3_V_ce0       | out |    1|  ap_memory |           conv1_w_3_V          |     array    |
|conv1_w_3_V_q0        |  in |   12|  ap_memory |           conv1_w_3_V          |     array    |
|conv1_w_4_V_address0  | out |    5|  ap_memory |           conv1_w_4_V          |     array    |
|conv1_w_4_V_ce0       | out |    1|  ap_memory |           conv1_w_4_V          |     array    |
|conv1_w_4_V_q0        |  in |   12|  ap_memory |           conv1_w_4_V          |     array    |
|conv1_w_5_V_address0  | out |    5|  ap_memory |           conv1_w_5_V          |     array    |
|conv1_w_5_V_ce0       | out |    1|  ap_memory |           conv1_w_5_V          |     array    |
|conv1_w_5_V_q0        |  in |   12|  ap_memory |           conv1_w_5_V          |     array    |
|conv2_w_0_V_address0  | out |    9|  ap_memory |           conv2_w_0_V          |     array    |
|conv2_w_0_V_ce0       | out |    1|  ap_memory |           conv2_w_0_V          |     array    |
|conv2_w_0_V_q0        |  in |   12|  ap_memory |           conv2_w_0_V          |     array    |
|conv2_w_0_V_address1  | out |    9|  ap_memory |           conv2_w_0_V          |     array    |
|conv2_w_0_V_ce1       | out |    1|  ap_memory |           conv2_w_0_V          |     array    |
|conv2_w_0_V_q1        |  in |   12|  ap_memory |           conv2_w_0_V          |     array    |
|conv2_w_1_V_address0  | out |    9|  ap_memory |           conv2_w_1_V          |     array    |
|conv2_w_1_V_ce0       | out |    1|  ap_memory |           conv2_w_1_V          |     array    |
|conv2_w_1_V_q0        |  in |   12|  ap_memory |           conv2_w_1_V          |     array    |
|conv2_w_1_V_address1  | out |    9|  ap_memory |           conv2_w_1_V          |     array    |
|conv2_w_1_V_ce1       | out |    1|  ap_memory |           conv2_w_1_V          |     array    |
|conv2_w_1_V_q1        |  in |   12|  ap_memory |           conv2_w_1_V          |     array    |
|conv2_w_2_V_address0  | out |    9|  ap_memory |           conv2_w_2_V          |     array    |
|conv2_w_2_V_ce0       | out |    1|  ap_memory |           conv2_w_2_V          |     array    |
|conv2_w_2_V_q0        |  in |   12|  ap_memory |           conv2_w_2_V          |     array    |
|conv2_w_2_V_address1  | out |    9|  ap_memory |           conv2_w_2_V          |     array    |
|conv2_w_2_V_ce1       | out |    1|  ap_memory |           conv2_w_2_V          |     array    |
|conv2_w_2_V_q1        |  in |   12|  ap_memory |           conv2_w_2_V          |     array    |
|conv2_w_3_V_address0  | out |    9|  ap_memory |           conv2_w_3_V          |     array    |
|conv2_w_3_V_ce0       | out |    1|  ap_memory |           conv2_w_3_V          |     array    |
|conv2_w_3_V_q0        |  in |   12|  ap_memory |           conv2_w_3_V          |     array    |
|conv2_w_3_V_address1  | out |    9|  ap_memory |           conv2_w_3_V          |     array    |
|conv2_w_3_V_ce1       | out |    1|  ap_memory |           conv2_w_3_V          |     array    |
|conv2_w_3_V_q1        |  in |   12|  ap_memory |           conv2_w_3_V          |     array    |
|conv2_w_4_V_address0  | out |    9|  ap_memory |           conv2_w_4_V          |     array    |
|conv2_w_4_V_ce0       | out |    1|  ap_memory |           conv2_w_4_V          |     array    |
|conv2_w_4_V_q0        |  in |   12|  ap_memory |           conv2_w_4_V          |     array    |
|conv2_w_4_V_address1  | out |    9|  ap_memory |           conv2_w_4_V          |     array    |
|conv2_w_4_V_ce1       | out |    1|  ap_memory |           conv2_w_4_V          |     array    |
|conv2_w_4_V_q1        |  in |   12|  ap_memory |           conv2_w_4_V          |     array    |
|conv2_w_5_V_address0  | out |    9|  ap_memory |           conv2_w_5_V          |     array    |
|conv2_w_5_V_ce0       | out |    1|  ap_memory |           conv2_w_5_V          |     array    |
|conv2_w_5_V_q0        |  in |   12|  ap_memory |           conv2_w_5_V          |     array    |
|conv2_w_5_V_address1  | out |    9|  ap_memory |           conv2_w_5_V          |     array    |
|conv2_w_5_V_ce1       | out |    1|  ap_memory |           conv2_w_5_V          |     array    |
|conv2_w_5_V_q1        |  in |   12|  ap_memory |           conv2_w_5_V          |     array    |
|conv2_w_6_V_address0  | out |    9|  ap_memory |           conv2_w_6_V          |     array    |
|conv2_w_6_V_ce0       | out |    1|  ap_memory |           conv2_w_6_V          |     array    |
|conv2_w_6_V_q0        |  in |   12|  ap_memory |           conv2_w_6_V          |     array    |
|conv2_w_6_V_address1  | out |    9|  ap_memory |           conv2_w_6_V          |     array    |
|conv2_w_6_V_ce1       | out |    1|  ap_memory |           conv2_w_6_V          |     array    |
|conv2_w_6_V_q1        |  in |   12|  ap_memory |           conv2_w_6_V          |     array    |
|conv2_w_7_V_address0  | out |    9|  ap_memory |           conv2_w_7_V          |     array    |
|conv2_w_7_V_ce0       | out |    1|  ap_memory |           conv2_w_7_V          |     array    |
|conv2_w_7_V_q0        |  in |   12|  ap_memory |           conv2_w_7_V          |     array    |
|conv2_w_7_V_address1  | out |    9|  ap_memory |           conv2_w_7_V          |     array    |
|conv2_w_7_V_ce1       | out |    1|  ap_memory |           conv2_w_7_V          |     array    |
|conv2_w_7_V_q1        |  in |   12|  ap_memory |           conv2_w_7_V          |     array    |
|fc1_w_0_V_address0    | out |   12|  ap_memory |            fc1_w_0_V           |     array    |
|fc1_w_0_V_ce0         | out |    1|  ap_memory |            fc1_w_0_V           |     array    |
|fc1_w_0_V_q0          |  in |   12|  ap_memory |            fc1_w_0_V           |     array    |
|fc1_w_1_V_address0    | out |   12|  ap_memory |            fc1_w_1_V           |     array    |
|fc1_w_1_V_ce0         | out |    1|  ap_memory |            fc1_w_1_V           |     array    |
|fc1_w_1_V_q0          |  in |   12|  ap_memory |            fc1_w_1_V           |     array    |
|fc1_w_2_V_address0    | out |   12|  ap_memory |            fc1_w_2_V           |     array    |
|fc1_w_2_V_ce0         | out |    1|  ap_memory |            fc1_w_2_V           |     array    |
|fc1_w_2_V_q0          |  in |   12|  ap_memory |            fc1_w_2_V           |     array    |
|fc1_w_3_V_address0    | out |   12|  ap_memory |            fc1_w_3_V           |     array    |
|fc1_w_3_V_ce0         | out |    1|  ap_memory |            fc1_w_3_V           |     array    |
|fc1_w_3_V_q0          |  in |   12|  ap_memory |            fc1_w_3_V           |     array    |
|fc1_w_4_V_address0    | out |   12|  ap_memory |            fc1_w_4_V           |     array    |
|fc1_w_4_V_ce0         | out |    1|  ap_memory |            fc1_w_4_V           |     array    |
|fc1_w_4_V_q0          |  in |   12|  ap_memory |            fc1_w_4_V           |     array    |
|fc1_w_5_V_address0    | out |   12|  ap_memory |            fc1_w_5_V           |     array    |
|fc1_w_5_V_ce0         | out |    1|  ap_memory |            fc1_w_5_V           |     array    |
|fc1_w_5_V_q0          |  in |   12|  ap_memory |            fc1_w_5_V           |     array    |
|fc1_w_6_V_address0    | out |   12|  ap_memory |            fc1_w_6_V           |     array    |
|fc1_w_6_V_ce0         | out |    1|  ap_memory |            fc1_w_6_V           |     array    |
|fc1_w_6_V_q0          |  in |   12|  ap_memory |            fc1_w_6_V           |     array    |
|fc1_w_7_V_address0    | out |   12|  ap_memory |            fc1_w_7_V           |     array    |
|fc1_w_7_V_ce0         | out |    1|  ap_memory |            fc1_w_7_V           |     array    |
|fc1_w_7_V_q0          |  in |   12|  ap_memory |            fc1_w_7_V           |     array    |
|fc2_w_0_V_address0    | out |   10|  ap_memory |            fc2_w_0_V           |     array    |
|fc2_w_0_V_ce0         | out |    1|  ap_memory |            fc2_w_0_V           |     array    |
|fc2_w_0_V_q0          |  in |   12|  ap_memory |            fc2_w_0_V           |     array    |
|fc2_w_1_V_address0    | out |   10|  ap_memory |            fc2_w_1_V           |     array    |
|fc2_w_1_V_ce0         | out |    1|  ap_memory |            fc2_w_1_V           |     array    |
|fc2_w_1_V_q0          |  in |   12|  ap_memory |            fc2_w_1_V           |     array    |
|fc2_w_2_V_address0    | out |   10|  ap_memory |            fc2_w_2_V           |     array    |
|fc2_w_2_V_ce0         | out |    1|  ap_memory |            fc2_w_2_V           |     array    |
|fc2_w_2_V_q0          |  in |   12|  ap_memory |            fc2_w_2_V           |     array    |
|fc2_w_3_V_address0    | out |   10|  ap_memory |            fc2_w_3_V           |     array    |
|fc2_w_3_V_ce0         | out |    1|  ap_memory |            fc2_w_3_V           |     array    |
|fc2_w_3_V_q0          |  in |   12|  ap_memory |            fc2_w_3_V           |     array    |
|fc2_w_4_V_address0    | out |   10|  ap_memory |            fc2_w_4_V           |     array    |
|fc2_w_4_V_ce0         | out |    1|  ap_memory |            fc2_w_4_V           |     array    |
|fc2_w_4_V_q0          |  in |   12|  ap_memory |            fc2_w_4_V           |     array    |
|fc2_w_5_V_address0    | out |   10|  ap_memory |            fc2_w_5_V           |     array    |
|fc2_w_5_V_ce0         | out |    1|  ap_memory |            fc2_w_5_V           |     array    |
|fc2_w_5_V_q0          |  in |   12|  ap_memory |            fc2_w_5_V           |     array    |
|fc2_w_6_V_address0    | out |   10|  ap_memory |            fc2_w_6_V           |     array    |
|fc2_w_6_V_ce0         | out |    1|  ap_memory |            fc2_w_6_V           |     array    |
|fc2_w_6_V_q0          |  in |   12|  ap_memory |            fc2_w_6_V           |     array    |
|fc2_w_7_V_address0    | out |   10|  ap_memory |            fc2_w_7_V           |     array    |
|fc2_w_7_V_ce0         | out |    1|  ap_memory |            fc2_w_7_V           |     array    |
|fc2_w_7_V_q0          |  in |   12|  ap_memory |            fc2_w_7_V           |     array    |
|fc2_w_8_V_address0    | out |   10|  ap_memory |            fc2_w_8_V           |     array    |
|fc2_w_8_V_ce0         | out |    1|  ap_memory |            fc2_w_8_V           |     array    |
|fc2_w_8_V_q0          |  in |   12|  ap_memory |            fc2_w_8_V           |     array    |
|fc2_w_9_V_address0    | out |   10|  ap_memory |            fc2_w_9_V           |     array    |
|fc2_w_9_V_ce0         | out |    1|  ap_memory |            fc2_w_9_V           |     array    |
|fc2_w_9_V_q0          |  in |   12|  ap_memory |            fc2_w_9_V           |     array    |
|fc2_w_10_V_address0   | out |   10|  ap_memory |           fc2_w_10_V           |     array    |
|fc2_w_10_V_ce0        | out |    1|  ap_memory |           fc2_w_10_V           |     array    |
|fc2_w_10_V_q0         |  in |   12|  ap_memory |           fc2_w_10_V           |     array    |
|fc2_w_11_V_address0   | out |   10|  ap_memory |           fc2_w_11_V           |     array    |
|fc2_w_11_V_ce0        | out |    1|  ap_memory |           fc2_w_11_V           |     array    |
|fc2_w_11_V_q0         |  in |   12|  ap_memory |           fc2_w_11_V           |     array    |
|fc3_w_0_V_address0    | out |    8|  ap_memory |            fc3_w_0_V           |     array    |
|fc3_w_0_V_ce0         | out |    1|  ap_memory |            fc3_w_0_V           |     array    |
|fc3_w_0_V_q0          |  in |   12|  ap_memory |            fc3_w_0_V           |     array    |
|fc3_w_1_V_address0    | out |    8|  ap_memory |            fc3_w_1_V           |     array    |
|fc3_w_1_V_ce0         | out |    1|  ap_memory |            fc3_w_1_V           |     array    |
|fc3_w_1_V_q0          |  in |   12|  ap_memory |            fc3_w_1_V           |     array    |
|fc3_w_2_V_address0    | out |    8|  ap_memory |            fc3_w_2_V           |     array    |
|fc3_w_2_V_ce0         | out |    1|  ap_memory |            fc3_w_2_V           |     array    |
|fc3_w_2_V_q0          |  in |   12|  ap_memory |            fc3_w_2_V           |     array    |
|fc3_w_3_V_address0    | out |    8|  ap_memory |            fc3_w_3_V           |     array    |
|fc3_w_3_V_ce0         | out |    1|  ap_memory |            fc3_w_3_V           |     array    |
|fc3_w_3_V_q0          |  in |   12|  ap_memory |            fc3_w_3_V           |     array    |
|fc3_w_4_V_address0    | out |    8|  ap_memory |            fc3_w_4_V           |     array    |
|fc3_w_4_V_ce0         | out |    1|  ap_memory |            fc3_w_4_V           |     array    |
|fc3_w_4_V_q0          |  in |   12|  ap_memory |            fc3_w_4_V           |     array    |
|logits_V_address0     | out |    4|  ap_memory |            logits_V            |     array    |
|logits_V_ce0          | out |    1|  ap_memory |            logits_V            |     array    |
|logits_V_we0          | out |    1|  ap_memory |            logits_V            |     array    |
|logits_V_d0           | out |   12|  ap_memory |            logits_V            |     array    |
+----------------------+-----+-----+------------+--------------------------------+--------------+

