

================================================================
== Vivado HLS Report for 'relu_pool_1'
================================================================
* Date:           Sun Sep 13 14:19:02 2026

* Version:        2018.3 (Build 2405991 on Thu Dec 06 23:56:15 MST 2018)
* Project:        optimized
* Solution:       solution1
* Product family: zynq
* Target device:  xc7z020clg400-1


================================================================
== Performance Estimates
================================================================
+ Timing (ns): 
    * Summary: 
    +--------+-------+----------+------------+
    |  Clock | Target| Estimated| Uncertainty|
    +--------+-------+----------+------------+
    |ap_clk  |  10.00|     8.628|        1.25|
    +--------+-------+----------+------------+

+ Latency (clock cycles): 
    * Summary: 
    +-----+-----+-----+-----+---------+
    |  Latency  |  Interval | Pipeline|
    | min | max | min | max |   Type  |
    +-----+-----+-----+-----+---------+
    |  259|  259|  259|  259|   none  |
    +-----+-----+-----+-----+---------+

    + Detail: 
        * Instance: 
        N/A

        * Loop: 
        +----------+-----+-----+----------+-----------+-----------+------+----------+
        |          |  Latency  | Iteration|  Initiation Interval  | Trip |          |
        | Loop Name| min | max |  Latency |  achieved |   target  | Count| Pipelined|
        +----------+-----+-----+----------+-----------+-----------+------+----------+
        |- Loop 1  |  257|  257|         3|          1|          1|   256|    yes   |
        +----------+-----+-----+----------+-----------+-----------+------+----------+



================================================================
== Utilization Estimates
================================================================
* Summary: 
+-----------------+---------+-------+--------+-------+
|       Name      | BRAM_18K| DSP48E|   FF   |  LUT  |
+-----------------+---------+-------+--------+-------+
|DSP              |        -|      -|       -|      -|
|Expression       |        -|      -|       0|    140|
|FIFO             |        -|      -|       -|      -|
|Instance         |        -|      -|       -|      -|
|Memory           |        -|      -|       -|      -|
|Multiplexer      |        -|      -|       -|     57|
|Register         |        -|      -|      58|      -|
+-----------------+---------+-------+--------+-------+
|Total            |        0|      0|      58|    197|
+-----------------+---------+-------+--------+-------+
|Available        |      280|    220|  106400|  53200|
+-----------------+---------+-------+--------+-------+
|Utilization (%)  |        0|      0|   ~0   |   ~0  |
+-----------------+---------+-------+--------+-------+

+ Detail: 
    * Instance: 
    N/A

    * DSP48: 
    N/A

    * Memory: 
    N/A

    * FIFO: 
    N/A

    * Expression: 
    +--------------------------+----------+-------+---+----+------------+------------+
    |       Variable Name      | Operation| DSP48E| FF| LUT| Bitwidth P0| Bitwidth P1|
    +--------------------------+----------+-------+---+----+------------+------------+
    |i_1_fu_135_p2             |     +    |      0|  0|  15|           9|           1|
    |exitcond_fu_129_p2        |   icmp   |      0|  0|  13|           9|          10|
    |tmp_3_fu_183_p2           |   icmp   |      0|  0|  13|          12|          12|
    |tmp_5_fu_197_p2           |   icmp   |      0|  0|  13|          12|          12|
    |tmp_6_fu_211_p2           |   icmp   |      0|  0|  13|          12|          12|
    |tmp_8_fu_234_p2           |   icmp   |      0|  0|  13|          12|           1|
    |p_lshr_f5_cast_fu_171_p2  |    or    |      0|  0|   9|           9|           3|
    |a_V_fu_189_p3             |  select  |      0|  0|  12|           1|          12|
    |b_V_fu_203_p3             |  select  |      0|  0|  12|           1|          12|
    |out_V_d0                  |  select  |      0|  0|  11|           1|          11|
    |v_V_fu_217_p3             |  select  |      0|  0|  12|           1|          12|
    |ap_enable_pp0             |    xor   |      0|  0|   2|           1|           2|
    |ap_enable_reg_pp0_iter1   |    xor   |      0|  0|   2|           2|           1|
    +--------------------------+----------+-------+---+----+------------+------------+
    |Total                     |          |      0|  0| 140|          82|         101|
    +--------------------------+----------+-------+---+----+------------+------------+

    * Multiplexer: 
    +----------------------------+----+-----------+-----+-----------+
    |            Name            | LUT| Input Size| Bits| Total Bits|
    +----------------------------+----+-----------+-----+-----------+
    |ap_NS_fsm                   |  21|          4|    1|          4|
    |ap_enable_reg_pp0_iter1     |   9|          2|    1|          2|
    |ap_enable_reg_pp0_iter2     |   9|          2|    1|          2|
    |ap_phi_mux_i_phi_fu_121_p4  |   9|          2|    9|         18|
    |i_reg_117                   |   9|          2|    9|         18|
    +----------------------------+----+-----------+-----+-----------+
    |Total                       |  57|         12|   21|         44|
    +----------------------------+----+-----------+-----+-----------+

    * Register: 
    +--------------------------------+----+----+-----+-----------+
    |              Name              | FF | LUT| Bits| Const Bits|
    +--------------------------------+----+----+-----+-----------+
    |ap_CS_fsm                       |   3|   0|    3|          0|
    |ap_enable_reg_pp0_iter0         |   1|   0|    1|          0|
    |ap_enable_reg_pp0_iter1         |   1|   0|    1|          0|
    |ap_enable_reg_pp0_iter2         |   1|   0|    1|          0|
    |exitcond_reg_247                |   1|   0|    1|          0|
    |exitcond_reg_247_pp0_iter1_reg  |   1|   0|    1|          0|
    |i_1_reg_251                     |   9|   0|    9|          0|
    |i_reg_117                       |   9|   0|    9|          0|
    |i_reg_117_pp0_iter1_reg         |   9|   0|    9|          0|
    |tmp_9_reg_281                   |  11|   0|   11|          0|
    |v_V_reg_276                     |  12|   0|   12|          0|
    +--------------------------------+----+----+-----+-----------+
    |Total                           |  58|   0|   58|          0|
    +--------------------------------+----+----+-----+-----------+



================================================================
== Interface
================================================================
* Summary: 
+-----------------+-----+-----+------------+--------------+--------------+
|    RTL Ports    | Dir | Bits|  Protocol  | Source Object|    C Type    |
+-----------------+-----+-----+------------+--------------+--------------+
|ap_clk           |  in |    1| ap_ctrl_hs |  relu_pool.1 | return value |
|ap_rst           |  in |    1| ap_ctrl_hs |  relu_pool.1 | return value |
|ap_start         |  in |    1| ap_ctrl_hs |  relu_pool.1 | return value |
|ap_done          | out |    1| ap_ctrl_hs |  relu_pool.1 | return value |
|ap_idle          | out |    1| ap_ctrl_hs |  relu_pool.1 | return value |
|ap_ready         | out |    1| ap_ctrl_hs |  relu_pool.1 | return value |
|in_0_V_address0  | out |    9|  ap_memory |    in_0_V    |     array    |
|in_0_V_ce0       | out |    1|  ap_memory |    in_0_V    |     array    |
|in_0_V_q0        |  in |   12|  ap_memory |    in_0_V    |     array    |
|in_0_V_address1  | out |    9|  ap_memory |    in_0_V    |     array    |
|in_0_V_ce1       | out |    1|  ap_memory |    in_0_V    |     array    |
|in_0_V_q1        |  in |   12|  ap_memory |    in_0_V    |     array    |
|in_1_V_address0  | out |    9|  ap_memory |    in_1_V    |     array    |
|in_1_V_ce0       | out |    1|  ap_memory |    in_1_V    |     array    |
|in_1_V_q0        |  in |   12|  ap_memory |    in_1_V    |     array    |
|in_1_V_address1  | out |    9|  ap_memory |    in_1_V    |     array    |
|in_1_V_ce1       | out |    1|  ap_memory |    in_1_V    |     array    |
|in_1_V_q1        |  in |   12|  ap_memory |    in_1_V    |     array    |
|out_V_address0   | out |    8|  ap_memory |     out_V    |     array    |
|out_V_ce0        | out |    1|  ap_memory |     out_V    |     array    |
|out_V_we0        | out |    1|  ap_memory |     out_V    |     array    |
|out_V_d0         | out |   11|  ap_memory |     out_V    |     array    |
+-----------------+-----+-----+------------+--------------+--------------+

